******************************************************************************
                  TI ARM Linker PC v18.1.4                     
******************************************************************************
>> Linked Mon Jun 10 16:26:44 2019

OUTPUT FILE NAME:   <uart_echo_m3.out>
ENTRY POINT SYMBOL: "_c_int00_noargs"  address: 00206979


MEMORY CONFIGURATION

         name            origin    length      used     unused   attr    fill
----------------------  --------  ---------  --------  --------  ----  --------
  CSM_ECSL_Z1           00200000   00000024  00000000  00000024  RWIX
  CSM_RSVD_Z1           00200024   0000000c  00000000  0000000c  RWIX
  RESETISR              00200030   00000008  00000006  00000002  R  X
  INTVECS               00201000   000001b0  000001b0  00000000  R  X
  FLASHLOAD             00201200   00002e00  00000068  00002d98  R  X
  FLASH                 00204000   0007bfd0  00002c5c  00079374  R  X
  CSM_RSVD_Z2           0027ffd0   0000000c  00000000  0000000c  RWIX
  CSM_ECSL_Z2           0027ffdc   00000024  00000000  00000024  RWIX
  C0                    20000000   00002000  00000318  00001ce8  RW X
  C1                    20002000   00002000  00000000  00002000  RW X
  BOOT_RSVD             20004000   00000ff8  00000000  00000ff8  R  X
  C2                    200051b0   00000e50  00000189  00000cc7  RW X
  C3                    20006000   00002000  00000000  00002000  RW X
  S0                    20008000   00002000  00000000  00002000  RW X
  S1                    2000a000   00002000  00000000  00002000  RW X
  S2                    2000c000   00002000  00002000  00000000  RW X
  S3                    2000e000   00002000  00000030  00001fd0  RW X
  S4                    20010000   00002000  00000010  00001ff0  RW X
  S5                    20012000   00002000  00000000  00002000  R  X
  S6                    20014000   00002000  00000000  00002000  RW X
  S7                    20016000   00002000  00000000  00002000  RW X
  CTOMRAM               2007f000   00000800  00000000  00000800  R  X
  MTOCRAM               2007f800   00000800  00000000  00000800  RW X


SEGMENT ALLOCATION MAP

run origin  load origin   length   init length attrs members
----------  ----------- ---------- ----------- ----- -------
00200030    00200030    00000006   00000006    r-x
  00200030    00200030    00000006   00000006    r-x .resetisr
00201000    00201000    000001b0   000001b0    r--
  00201000    00201000    000001b0   000001b0    r-- .intvecs
00204000    00204000    00002c60   00002c60    r-x
  00204000    00204000    00002acc   00002acc    r-x .text
  00206acc    00206acc    00000118   00000118    r-- .const
  00206be8    00206be8    00000078   00000078    r-- .cinit
20000000    00201200    00000068   00000068    r-x
  20000000    00201200    00000068   00000068    r-x ramfuncs
20000068    20000068    00000100   00000000    rw-
  20000068    20000068    00000100   00000000    rw- .stack
20000400    20000400    000001b0   00000000    rw-
  20000400    20000400    000001b0   00000000    rw- .vtable
200051b0    200051b0    0000018c   00000000    rw-
  200051b0    200051b0    00000149   00000000    rw- .bss
  200052fc    200052fc    00000040   00000000    rw- .data
2000c000    2000c000    00002030   00000000    rw-
  2000c000    2000c000    00002000   00000000    rw- SHARERAMS2
  2000e000    2000e000    00000030   00000000    rw- SHARERAMS3
20010000    20010000    00000010   00000000    rw-
  20010000    20010000    00000010   00000000    rw- SHARERAMS4


SECTION ALLOCATION MAP

 output                                  attributes/
section   page    origin      length       input sections
--------  ----  ----------  ----------   ----------------
.resetisr 
*          0    00200030    00000006     
                  00200030    00000006     startup_ccs.obj (.resetisr:ResetISR)

.intvecs   0    00201000    000001b0     
                  00201000    000001b0     startup_ccs.obj (.intvecs)

.text      0    00204000    00002acc     
                  00204000    00000988     driverlib.lib : sysctl.obj (.text)
                  00204988    00000454                   : gpio.obj (.text)
                  00204ddc    000003cc     uart_echo.obj (.text:main)
                  002051a8    000002e0     uart_echo.obj (.text:DataValidationReceiveMsg2)
                  00205488    000002cc     driverlib.lib : interrupt.obj (.text)
                  00205754    00000234                   : timer.obj (.text)
                  00205988    000001b6     rtsv7M3_T_le_eabi.lib : fd_add_t2.asm.obj (.text)
                  00205b3e    00000002     startup_ccs.obj (.text:FaultISR)
                  00205b40    00000178     driverlib.lib : ipc_util.obj (.text)
                  00205cb8    00000170     rtsv7M3_T_le_eabi.lib : e_sqrt.c.obj (.text:sqrt)
                  00205e28    0000013c     uart_echo.obj (.text:UpdatingRecievingData)
                  00205f64    00000120     uart_echo.obj (.text:SendingUARTInverterStructure)
                  00206084    00000118     uart_echo.obj (.text:Timer0IntHandler)
                  0020619c    000000fc     rtsv7M3_T_le_eabi.lib : fd_mul_t2.asm.obj (.text)
                  00206298    000000ac     uart_echo.obj (.text:DataValidationReceiveMsg1)
                  00206344    000000ac     driverlib.lib : watchdog.obj (.text)
                  002063f0    0000009c     rtsv7M3_T_le_eabi.lib : memcpy_t2.asm.obj (.text)
                  0020648c    0000007a                           : memset_t2.asm.obj (.text)
                  00206506    00000076     uart.obj (.text:UARTConfigSetExpClk)
                  0020657c    0000006e     rtsv7M3_T_le_eabi.lib : fd_tos_t2.asm.obj (.text)
                  002065ea    0000006c     uart_echo.obj (.text:CRC8bit)
                  00206656    00000002     startup_ccs.obj (.text:IntDefaultHandler)
                  00206658    00000068     uart_echo.obj (.text:UART1IntHandler)
                  002066c0    00000068     rtsv7M3_T_le_eabi.lib : copy_decompress_lzss.c.obj (.text:decompress:lzss:__TI_decompress_lzss)
                  00206728    00000060                           : fs_cmp_t2.asm.obj (.text:__aeabi_cfcmple)
                  00206788    00000060                           : fs_cmp_t2.asm.obj (.text:__aeabi_cfrcmple)
                  002067e8    0000004c     uart_echo.obj (.text:Timer3IntHandler)
                  00206834    00000044     rtsv7M3_T_le_eabi.lib : autoinit.c.obj (.text:__TI_auto_init_nobinit_nopinit:__TI_auto_init_nobinit_nopinit)
                  00206878    00000038                           : fs_tod_t2.asm.obj (.text)
                  002068b0    00000036     driverlib.lib : cpu.obj (.text)
                  002068e6    00000002     startup_ccs.obj (.text:NmiSR)
                  002068e8    00000030     uart.obj (.text:UARTDisable)
                  00206918    00000030     driverlib.lib : ram.obj (.text)
                  00206948    0000002e     memcopy.obj (.text:MemCopy)
                  00206976    00000002     --HOLE-- [fill = 0]
                  00206978    00000028     rtsv7M3_T_le_eabi.lib : boot_cortex_m.c.obj (.text:_c_int00_noargs:_c_int00_noargs)
                  002069a0    00000024     uart.obj (.text:UARTEnable)
                  002069c4    0000001e     uart.obj (.text:UARTCharPut)
                  002069e2    0000001e     uart.obj (.text:UARTIntStatus)
                  00206a00    0000001c     uart.obj (.text:UARTCharGetNonBlocking)
                  00206a1c    0000001c     uart_echo.obj (.text:UARTIntHandler)
                  00206a38    00000018     uart.obj (.text:UARTCharsAvail)
                  00206a50    00000018     uart.obj (.text:UARTFIFOLevelSet)
                  00206a68    00000018     uart.obj (.text:UARTIntEnable)
                  00206a80    00000012     uart.obj (.text:UARTIntClear)
                  00206a92    0000000e     rtsv7M3_T_le_eabi.lib : copy_decompress_none.c.obj (.text:decompress:none:__TI_decompress_none)
                  00206aa0    0000000c                           : copy_zero_init.c.obj (.text:decompress:ZI:__TI_zero_init)
                  00206aac    00000008                           : errno.c.obj (.text:__aeabi_errno_addr)
                  00206ab4    00000006     driverlib.lib : sysctl.obj (.text:SysCtlDelay)
                  00206aba    00000004     rtsv7M3_T_le_eabi.lib : pre_init.c.obj (.text:_system_pre_init)
                  00206abe    00000004                           : exit.c.obj (.text:abort:abort)
                  00206ac2    00000002     --HOLE-- [fill = 0]
                  00206ac4    00000008     driverlib.lib : flash.obj (.tramp.FlashInit.1)

.const     0    00206acc    00000118     
                  00206acc    00000048     driverlib.lib : gpio.obj (.const:g_pulGPIOBaseAddrs)
                  00206b14    00000048                   : interrupt.obj (.const:g_pulRegs)
                  00206b5c    00000020                   : interrupt.obj (.const:g_pulPriority)
                  00206b7c    00000014                   : sysctl.obj (.const:g_pulDCRegs)
                  00206b90    00000012     uart_echo.obj (.const:.string)
                  00206ba2    00000002     --HOLE-- [fill = 0]
                  00206ba4    00000010     driverlib.lib : sysctl.obj (.const:g_pulDCGCRegs)
                  00206bb4    00000010                   : sysctl.obj (.const:g_pulRCGCRegs)
                  00206bc4    00000010                   : sysctl.obj (.const:g_pulSCGCRegs)
                  00206bd4    00000010                   : sysctl.obj (.const:g_pulSRCRRegs)

.cinit     0    00206be8    00000078     
                  00206be8    00000012     (.cinit..data.load) [load image, compression = lzss]
                  00206bfa    00000002     --HOLE-- [fill = 0]
                  00206bfc    0000000c     (__TI_handler_table)
                  00206c08    00000008     (.cinit..bss.load) [load image, compression = zero_init]
                  00206c10    00000008     (.cinit..vtable.load) [load image, compression = zero_init]
                  00206c18    00000008     (.cinit.SHARERAMS2.load) [load image, compression = zero_init]
                  00206c20    00000008     (.cinit.SHARERAMS3.load) [load image, compression = zero_init]
                  00206c28    00000008     (.cinit.SHARERAMS4.load) [load image, compression = zero_init]
                  00206c30    00000030     (__TI_cinit_table)

.stack     0    20000068    00000100     UNINITIALIZED
                  20000068    00000004     rtsv7M3_T_le_eabi.lib : boot_cortex_m.c.obj (.stack)
                  2000006c    000000fc     --HOLE--

SHARERAMS2 
*          0    2000c000    00002000     UNINITIALIZED
                  2000c000    00002000     uart_echo.obj (SHARERAMS2)

SHARERAMS3 
*          0    2000e000    00000030     UNINITIALIZED
                  2000e000    00000030     uart_echo.obj (SHARERAMS3)

SHARERAMS4 
*          0    20010000    00000010     UNINITIALIZED
                  20010000    00000010     uart_echo.obj (SHARERAMS4)

ramfuncs   0    00201200    00000068     RUN ADDR = 20000000
                  00201200    00000068     driverlib.lib : flash.obj (ramfuncs)

GETBUFFER 
*          0    2007f000    00000000     DSECT

GETWRITEIDX 
*          0    2007f000    00000000     DSECT

PUTREADIDX 
*          0    2007f000    00000000     DSECT

.vtable    0    20000400    000001b0     UNINITIALIZED
                  20000400    000001b0     driverlib.lib : interrupt.obj (.vtable)

.bss       0    200051b0    00000149     UNINITIALIZED
                  200051b0    00000044     (.common:RecieveData)
                  200051f4    0000003c     (.common:ReceiveMsg2)
                  20005230    0000003c     (.common:tempReceiveMsg2)
                  2000526c    00000028     (.common:SendingMsg)
                  20005294    00000024     (.common:ReceiveMsg3)
                  200052b8    00000020     (.common:M2)
                  200052d8    0000000c     (.common:ReceiveMsg1)
                  200052e4    0000000c     (.common:tempReceiveMsg1)
                  200052f0    00000004     uart_echo.obj (.bss)
                  200052f4    00000002     (.common:ReceiveMsg4)
                  200052f6    00000001     (.common:MsgSize)
                  200052f7    00000001     (.common:RecievedDataCount)
                  200052f8    00000001     (.common:serial_print_char)

.data      0    200052fc    00000040     UNINITIALIZED
                  200052fc    0000003c     uart_echo.obj (.data)
                  20005338    00000004     rtsv7M3_T_le_eabi.lib : errno.c.obj (.data)

MODULE SUMMARY

       Module                       code    ro data   rw data
       ------                       ----    -------   -------
    .\
       uart_echo.obj                3080    18        8645   
       startup_ccs.obj              12      432       0      
       uart.obj                     380     0         0      
       memcopy.obj                  46      0         0      
    +--+----------------------------+-------+---------+---------+
       Total:                       3518    450       8645   
                                                             
    C:/ti/ccsv8/tools/compiler/ti-cgt-arm_18.1.4.LTS/lib/rtsv7M3_T_le_eabi.lib
       fd_add_t2.asm.obj            438     0         0      
       e_sqrt.c.obj                 368     0         0      
       fd_mul_t2.asm.obj            252     0         0      
       fs_cmp_t2.asm.obj            192     0         0      
       memcpy_t2.asm.obj            156     0         0      
       memset_t2.asm.obj            122     0         0      
       fd_tos_t2.asm.obj            110     0         0      
       copy_decompress_lzss.c.obj   104     0         0      
       autoinit.c.obj               68      0         0      
       fs_tod_t2.asm.obj            56      0         0      
       boot_cortex_m.c.obj          40      0         0      
       copy_decompress_none.c.obj   14      0         0      
       copy_zero_init.c.obj         12      0         0      
       errno.c.obj                  8       0         4      
       exit.c.obj                   4       0         0      
       pre_init.c.obj               4       0         0      
    +--+----------------------------+-------+---------+---------+
       Total:                       1948    0         4      
                                                             
    C:/ti/controlSUITE/device_support/f28m35x/v100/MWare/driverlib/ccs/Debug/driverlib.lib
       sysctl.obj                   2446    84        0      
       interrupt.obj                716     104       432    
       gpio.obj                     1108    72        0      
       timer.obj                    564     0         0      
       ipc_util.obj                 376     0         0      
       flash.obj                    216     0         0      
       watchdog.obj                 172     0         0      
       cpu.obj                      54      0         0      
       ram.obj                      48      0         0      
    +--+----------------------------+-------+---------+---------+
       Total:                       5700    260       432    
                                                             
       Stack:                       0       0         256    
       Linker Generated:            0       118       0      
    +--+----------------------------+-------+---------+---------+
       Grand Total:                 11166   828       9337   


LINKER GENERATED COPY TABLES

__TI_cinit_table @ 00206c30 records: 6, size/record: 8, table size: 48
	.data: load addr=00206be8, load size=00000012 bytes, run addr=200052fc, run size=00000040 bytes, compression=lzss
	.bss: load addr=00206c08, load size=00000008 bytes, run addr=200051b0, run size=00000149 bytes, compression=zero_init
	.vtable: load addr=00206c10, load size=00000008 bytes, run addr=20000400, run size=000001b0 bytes, compression=zero_init
	SHARERAMS2: load addr=00206c18, load size=00000008 bytes, run addr=2000c000, run size=00002000 bytes, compression=zero_init
	SHARERAMS3: load addr=00206c20, load size=00000008 bytes, run addr=2000e000, run size=00000030 bytes, compression=zero_init
	SHARERAMS4: load addr=00206c28, load size=00000008 bytes, run addr=20010000, run size=00000010 bytes, compression=zero_init


LINKER GENERATED HANDLER TABLE

__TI_handler_table @ 00206bfc records: 3, size/record: 4, table size: 12
	index: 0, handler: __TI_zero_init
	index: 1, handler: __TI_decompress_lzss
	index: 2, handler: __TI_decompress_none


FAR CALL TRAMPOLINES

callee name               trampoline name
   callee addr  tramp addr   call addr  call info
--------------  -----------  ---------  ----------------
FlashInit                 $Tramp$TT$L$PI$$FlashInit
   20000001     00206ac4     00204dfc   uart_echo.obj (.text:main)

[1 trampolines]
[1 trampoline calls]


GLOBAL SYMBOLS: SORTED ALPHABETICALLY BY Name 

address   name                            
-------   ----                            
200052fd  Addr                            
20005324  Back_pressed                    
00206abf  C$$EXIT                         
002068dd  CPUbasepriGet                   
002068d7  CPUbasepriSet                   
002068cb  CPUcpsid                        
002068bf  CPUcpsie                        
002068b5  CPUprimask                      
002068b1  CPUwfi                          
002065eb  CRC8bit                         
2000e000  CtoMvar                         
2000532c  DECRE_pressed                   
00206299  DataValidationReceiveMsg1       
002051a9  DataValidationReceiveMsg2       
20005330  Datetime                        
20005320  Enter_pressed                   
20000001  FlashInit                       
00204da9  GPIODirModeGet                  
00204a8b  GPIODirModeSet                  
00204d6b  GPIOIntTypeGet                  
00204d25  GPIOIntTypeSet                  
00204ce9  GPIOPadConfigGet                
00204abb  GPIOPadConfigSet                
00204c75  GPIOPinConfigure                
00204c4b  GPIOPinConfigureCoreSelect      
00204c45  GPIOPinIntClear                 
00204c37  GPIOPinIntDisable               
00204c2b  GPIOPinIntEnable                
00204c1d  GPIOPinIntStatus                
00204bf7  GPIOPinLock                     
00204a5d  GPIOPinLockStatus               
00204bf1  GPIOPinRead                     
00204bdd  GPIOPinTypeCAN                  
00204bc9  GPIOPinTypeEPI                  
00204bb5  GPIOPinTypeGPIOInput            
00204ba1  GPIOPinTypeGPIOOutput           
00204b8d  GPIOPinTypeGPIOOutputOD         
00204b79  GPIOPinTypeI2C                  
00204b65  GPIOPinTypeSSI                  
00204b51  GPIOPinTypeTimer                
00204b3d  GPIOPinTypeUART                 
00204b29  GPIOPinTypeUSBAnalog            
00204b15  GPIOPinTypeUSBDigital           
00204a67  GPIOPinUnlock                   
00204a57  GPIOPinWrite                    
00204a3f  GPIOPortIntRegister             
00204a2b  GPIOPortIntUnregister           
20005328  INCRE_pressed                   
00205c7f  IPCCtoMFlagAcknowledge          
00205c6d  IPCCtoMFlagBusy                 
00205b7f  IPCMtoCBootControlSystem        
00205b6d  IPCMtoCFlagBusy                 
00205b61  IPCMtoCFlagClear                
00205b57  IPCMtoCFlagSet                  
00205b41  IPCMtoCSharedRamConvert         
002056ab  IntDisable                      
0020562f  IntEnable                       
00205621  IntFlashVTable                  
00205617  IntMasterDisable                
0020560d  IntMasterEnable                 
002055af  IntPendClear                    
00205545  IntPendSet                      
0020552b  IntPriorityGet                  
00205509  IntPriorityGroupingGet          
002054f7  IntPriorityGroupingSet          
002068dd  IntPriorityMaskGet              
002068d7  IntPriorityMaskSet              
002054cb  IntPrioritySet                  
002054bd  IntRAMVTable                    
00205493  IntRegister                     
00205489  IntUnregister                   
20005334  LED                             
200052b8  M2                              
00206949  MemCopy                         
200052f6  MsgSize                         
20010000  MtoCvar                         
00206919  RamMReqSharedMemAccess          
00201268  RamfuncsLoadEnd                 
00201200  RamfuncsLoadStart               
20000000  RamfuncsRunStart                
200052d8  ReceiveMsg1                     
200051f4  ReceiveMsg2                     
20005294  ReceiveMsg3                     
200052f4  ReceiveMsg4                     
200051b0  RecieveData                     
200052f7  RecievedDataCount               
00200031  ResetISR                        
2000526c  SendingMsg                      
00205f65  SendingUARTInverterStructure    
00204949  SysCtlC28Disable                
0020492b  SysCtlC28Enable                 
002045f7  SysCtlClockConfigGet            
002048f7  SysCtlClockConfigSet            
00204661  SysCtlClockDividersSet          
002048a5  SysCtlClockGet                  
0020477d  SysCtlClockPllConfig            
002045dd  SysCtlDeepSleep                 
00206ab5  SysCtlDelay                     
002045c5  SysCtlEnableAERRNMI             
00204599  SysCtlEnableVREGWarnNMI         
00204589  SysCtlFlashSizeGet              
00204565  SysCtlGPIOAHBDisable            
00204541  SysCtlGPIOAHBEnable             
00204539  SysCtlGetNmiConfig              
00204487  SysCtlGetNmiFlagStatus          
0020452d  SysCtlGetNmiInterruptStatus     
00204509  SysCtlHoldSubSystemInReset      
002044d3  SysCtlMclkDetectionEnDis        
002044c9  SysCtlMclkDetectionEnDisStatus  
002044b1  SysCtlNmiFlgClr                 
0020448f  SysCtlNmiFlgClrAll              
00204475  SysCtlNmiIsSet                  
00204451  SysCtlPeripheralClockGating     
00204429  SysCtlPeripheralDeepSleepDisable
00204401  SysCtlPeripheralDeepSleepEnable 
002043d5  SysCtlPeripheralDisable         
002043a9  SysCtlPeripheralEnable          
0020438b  SysCtlPeripheralIsEnabled       
0020433d  SysCtlPeripheralPresent         
00204269  SysCtlPeripheralReset           
00204241  SysCtlPeripheralSleepDisable    
00204219  SysCtlPeripheralSleepEnable     
002041ff  SysCtlPowerOffPLL               
002041df  SysCtlReleaseSubSystemFromReset 
002041d7  SysCtlReset                     
002041cb  SysCtlResetCauseClear           
002041c5  SysCtlResetCauseGet             
002041a5  SysCtlSRAMSizeGet               
002068b1  SysCtlSleep                     
0020416d  SysCtlSubSystemReset            
0020414f  SysCtlUSBPLLConfigGet           
002040bd  SysCtlUSBPLLConfigSet           
002040a5  SysCtlUSBPLLDisable             
00204073  SysCtlUSBPLLEnable              
00204001  SysCtlXPllClockDividerSet       
00206085  Timer0IntHandler                
002067e9  Timer3IntHandler                
0020595b  TimerConfigure                  
00205947  TimerControlEvent               
00205931  TimerControlLevel               
0020591b  TimerControlStall               
00205905  TimerControlTrigger             
002058cd  TimerControlWaitOnTrigger       
002058b9  TimerDisable                    
002058ab  TimerEnable                     
002058a7  TimerIntClear                   
0020589d  TimerIntDisable                 
00205895  TimerIntEnable                  
00205843  TimerIntRegister                
00205839  TimerIntStatus                  
002057ed  TimerIntUnregister              
002057e1  TimerLoadGet                    
002057cf  TimerLoadSet                    
002057c3  TimerMatchGet                   
002057b1  TimerMatchSet                   
002057a5  TimerPrescaleGet                
00205799  TimerPrescaleMatchGet           
00205787  TimerPrescaleMatchSet           
00205775  TimerPrescaleSet                
0020576b  TimerRTCDisable                 
00205761  TimerRTCEnable                  
00205755  TimerValueGet                   
00206659  UART1IntHandler                 
00206a01  UARTCharGetNonBlocking          
002069c5  UARTCharPut                     
00206a39  UARTCharsAvail                  
00206507  UARTConfigSetExpClk             
002068e9  UARTDisable                     
002069a1  UARTEnable                      
00206a51  UARTFIFOLevelSet                
00206a81  UARTIntClear                    
00206a69  UARTIntEnable                   
00206a1d  UARTIntHandler                  
002069e3  UARTIntStatus                   
00205e29  UpdatingRecievingData           
002063e1  WatchdogEnable                  
002063db  WatchdogIntClear                
002063d1  WatchdogIntEnable               
002063c1  WatchdogIntRegister             
002063b7  WatchdogIntStatus               
002063a7  WatchdogIntUnregister           
0020639f  WatchdogLock                    
00206391  WatchdogLockState               
0020638d  WatchdogReloadGet               
00206389  WatchdogReloadSet               
0020637f  WatchdogResetDisable            
00206375  WatchdogResetEnable             
0020636d  WatchdogRunning                 
0020635f  WatchdogStallDisable            
00206351  WatchdogStallEnable             
00206349  WatchdogUnlock                  
00206345  WatchdogValueGet                
20000168  __STACK_END                     
00000100  __STACK_SIZE                    
20000168  __STACK_TOP                     
00206c30  __TI_CINIT_Base                 
00206c60  __TI_CINIT_Limit                
00206bfc  __TI_Handler_Table_Base         
00206c08  __TI_Handler_Table_Limit        
00206835  __TI_auto_init_nobinit_nopinit  
002066c1  __TI_decompress_lzss            
00206a93  __TI_decompress_none            
ffffffff  __TI_pprof_out_hndl             
ffffffff  __TI_prof_data_size             
ffffffff  __TI_prof_data_start            
00206be8  __TI_static_base__              
00206aa1  __TI_zero_init                  
00206729  __aeabi_cfcmpeq                 
00206729  __aeabi_cfcmple                 
00206789  __aeabi_cfrcmple                
0020657d  __aeabi_d2f                     
00205993  __aeabi_dadd                    
0020619d  __aeabi_dmul                    
00205989  __aeabi_dsub                    
00206aad  __aeabi_errno_addr              
00206879  __aeabi_f2d                     
0020648d  __aeabi_memclr                  
0020648d  __aeabi_memclr4                 
0020648d  __aeabi_memclr8                 
002063f1  __aeabi_memcpy                  
002063f1  __aeabi_memcpy4                 
002063f1  __aeabi_memcpy8                 
0020648f  __aeabi_memset                  
0020648f  __aeabi_memset4                 
0020648f  __aeabi_memset8                 
ffffffff  __binit__                       
ffffffff  __c_args__                      
UNDEFED   __mpu_init                      
20000068  __stack                         
00206979  _c_int00_noargs                 
UNDEFED   _system_post_cinit              
00206abb  _system_pre_init                
00206abf  abort                           
2000c000  base                            
20005300  base_read_index                 
ffffffff  binit                           
20005308  count                           
2000530c  count2                          
200052fc  crc                             
20005314  edit_mode                       
20005318  edit_row_index                  
2000531c  editvar                         
20005338  errno                           
20000400  g_pfnRAMVectors                 
00201000  g_pfnVectors                    
20005304  index                           
20005310  index_drawn                     
00204ddd  main                            
002063f1  memcpy                          
00206495  memset                          
200052f8  serial_print_char               
00205cb9  sqrt                            
00205cb9  sqrtl                           
200052e4  tempReceiveMsg1                 
20005230  tempReceiveMsg2                 


GLOBAL SYMBOLS: SORTED BY Symbol Address 

address   name                            
-------   ----                            
00000100  __STACK_SIZE                    
00200031  ResetISR                        
00201000  g_pfnVectors                    
00201200  RamfuncsLoadStart               
00201268  RamfuncsLoadEnd                 
00204001  SysCtlXPllClockDividerSet       
00204073  SysCtlUSBPLLEnable              
002040a5  SysCtlUSBPLLDisable             
002040bd  SysCtlUSBPLLConfigSet           
0020414f  SysCtlUSBPLLConfigGet           
0020416d  SysCtlSubSystemReset            
002041a5  SysCtlSRAMSizeGet               
002041c5  SysCtlResetCauseGet             
002041cb  SysCtlResetCauseClear           
002041d7  SysCtlReset                     
002041df  SysCtlReleaseSubSystemFromReset 
002041ff  SysCtlPowerOffPLL               
00204219  SysCtlPeripheralSleepEnable     
00204241  SysCtlPeripheralSleepDisable    
00204269  SysCtlPeripheralReset           
0020433d  SysCtlPeripheralPresent         
0020438b  SysCtlPeripheralIsEnabled       
002043a9  SysCtlPeripheralEnable          
002043d5  SysCtlPeripheralDisable         
00204401  SysCtlPeripheralDeepSleepEnable 
00204429  SysCtlPeripheralDeepSleepDisable
00204451  SysCtlPeripheralClockGating     
00204475  SysCtlNmiIsSet                  
00204487  SysCtlGetNmiFlagStatus          
0020448f  SysCtlNmiFlgClrAll              
002044b1  SysCtlNmiFlgClr                 
002044c9  SysCtlMclkDetectionEnDisStatus  
002044d3  SysCtlMclkDetectionEnDis        
00204509  SysCtlHoldSubSystemInReset      
0020452d  SysCtlGetNmiInterruptStatus     
00204539  SysCtlGetNmiConfig              
00204541  SysCtlGPIOAHBEnable             
00204565  SysCtlGPIOAHBDisable            
00204589  SysCtlFlashSizeGet              
00204599  SysCtlEnableVREGWarnNMI         
002045c5  SysCtlEnableAERRNMI             
002045dd  SysCtlDeepSleep                 
002045f7  SysCtlClockConfigGet            
00204661  SysCtlClockDividersSet          
0020477d  SysCtlClockPllConfig            
002048a5  SysCtlClockGet                  
002048f7  SysCtlClockConfigSet            
0020492b  SysCtlC28Enable                 
00204949  SysCtlC28Disable                
00204a2b  GPIOPortIntUnregister           
00204a3f  GPIOPortIntRegister             
00204a57  GPIOPinWrite                    
00204a5d  GPIOPinLockStatus               
00204a67  GPIOPinUnlock                   
00204a8b  GPIODirModeSet                  
00204abb  GPIOPadConfigSet                
00204b15  GPIOPinTypeUSBDigital           
00204b29  GPIOPinTypeUSBAnalog            
00204b3d  GPIOPinTypeUART                 
00204b51  GPIOPinTypeTimer                
00204b65  GPIOPinTypeSSI                  
00204b79  GPIOPinTypeI2C                  
00204b8d  GPIOPinTypeGPIOOutputOD         
00204ba1  GPIOPinTypeGPIOOutput           
00204bb5  GPIOPinTypeGPIOInput            
00204bc9  GPIOPinTypeEPI                  
00204bdd  GPIOPinTypeCAN                  
00204bf1  GPIOPinRead                     
00204bf7  GPIOPinLock                     
00204c1d  GPIOPinIntStatus                
00204c2b  GPIOPinIntEnable                
00204c37  GPIOPinIntDisable               
00204c45  GPIOPinIntClear                 
00204c4b  GPIOPinConfigureCoreSelect      
00204c75  GPIOPinConfigure                
00204ce9  GPIOPadConfigGet                
00204d25  GPIOIntTypeSet                  
00204d6b  GPIOIntTypeGet                  
00204da9  GPIODirModeGet                  
00204ddd  main                            
002051a9  DataValidationReceiveMsg2       
00205489  IntUnregister                   
00205493  IntRegister                     
002054bd  IntRAMVTable                    
002054cb  IntPrioritySet                  
002054f7  IntPriorityGroupingSet          
00205509  IntPriorityGroupingGet          
0020552b  IntPriorityGet                  
00205545  IntPendSet                      
002055af  IntPendClear                    
0020560d  IntMasterEnable                 
00205617  IntMasterDisable                
00205621  IntFlashVTable                  
0020562f  IntEnable                       
002056ab  IntDisable                      
00205755  TimerValueGet                   
00205761  TimerRTCEnable                  
0020576b  TimerRTCDisable                 
00205775  TimerPrescaleSet                
00205787  TimerPrescaleMatchSet           
00205799  TimerPrescaleMatchGet           
002057a5  TimerPrescaleGet                
002057b1  TimerMatchSet                   
002057c3  TimerMatchGet                   
002057cf  TimerLoadSet                    
002057e1  TimerLoadGet                    
002057ed  TimerIntUnregister              
00205839  TimerIntStatus                  
00205843  TimerIntRegister                
00205895  TimerIntEnable                  
0020589d  TimerIntDisable                 
002058a7  TimerIntClear                   
002058ab  TimerEnable                     
002058b9  TimerDisable                    
002058cd  TimerControlWaitOnTrigger       
00205905  TimerControlTrigger             
0020591b  TimerControlStall               
00205931  TimerControlLevel               
00205947  TimerControlEvent               
0020595b  TimerConfigure                  
00205989  __aeabi_dsub                    
00205993  __aeabi_dadd                    
00205b41  IPCMtoCSharedRamConvert         
00205b57  IPCMtoCFlagSet                  
00205b61  IPCMtoCFlagClear                
00205b6d  IPCMtoCFlagBusy                 
00205b7f  IPCMtoCBootControlSystem        
00205c6d  IPCCtoMFlagBusy                 
00205c7f  IPCCtoMFlagAcknowledge          
00205cb9  sqrt                            
00205cb9  sqrtl                           
00205e29  UpdatingRecievingData           
00205f65  SendingUARTInverterStructure    
00206085  Timer0IntHandler                
0020619d  __aeabi_dmul                    
00206299  DataValidationReceiveMsg1       
00206345  WatchdogValueGet                
00206349  WatchdogUnlock                  
00206351  WatchdogStallEnable             
0020635f  WatchdogStallDisable            
0020636d  WatchdogRunning                 
00206375  WatchdogResetEnable             
0020637f  WatchdogResetDisable            
00206389  WatchdogReloadSet               
0020638d  WatchdogReloadGet               
00206391  WatchdogLockState               
0020639f  WatchdogLock                    
002063a7  WatchdogIntUnregister           
002063b7  WatchdogIntStatus               
002063c1  WatchdogIntRegister             
002063d1  WatchdogIntEnable               
002063db  WatchdogIntClear                
002063e1  WatchdogEnable                  
002063f1  __aeabi_memcpy                  
002063f1  __aeabi_memcpy4                 
002063f1  __aeabi_memcpy8                 
002063f1  memcpy                          
0020648d  __aeabi_memclr                  
0020648d  __aeabi_memclr4                 
0020648d  __aeabi_memclr8                 
0020648f  __aeabi_memset                  
0020648f  __aeabi_memset4                 
0020648f  __aeabi_memset8                 
00206495  memset                          
00206507  UARTConfigSetExpClk             
0020657d  __aeabi_d2f                     
002065eb  CRC8bit                         
00206659  UART1IntHandler                 
002066c1  __TI_decompress_lzss            
00206729  __aeabi_cfcmpeq                 
00206729  __aeabi_cfcmple                 
00206789  __aeabi_cfrcmple                
002067e9  Timer3IntHandler                
00206835  __TI_auto_init_nobinit_nopinit  
00206879  __aeabi_f2d                     
002068b1  CPUwfi                          
002068b1  SysCtlSleep                     
002068b5  CPUprimask                      
002068bf  CPUcpsie                        
002068cb  CPUcpsid                        
002068d7  CPUbasepriSet                   
002068d7  IntPriorityMaskSet              
002068dd  CPUbasepriGet                   
002068dd  IntPriorityMaskGet              
002068e9  UARTDisable                     
00206919  RamMReqSharedMemAccess          
00206949  MemCopy                         
00206979  _c_int00_noargs                 
002069a1  UARTEnable                      
002069c5  UARTCharPut                     
002069e3  UARTIntStatus                   
00206a01  UARTCharGetNonBlocking          
00206a1d  UARTIntHandler                  
00206a39  UARTCharsAvail                  
00206a51  UARTFIFOLevelSet                
00206a69  UARTIntEnable                   
00206a81  UARTIntClear                    
00206a93  __TI_decompress_none            
00206aa1  __TI_zero_init                  
00206aad  __aeabi_errno_addr              
00206ab5  SysCtlDelay                     
00206abb  _system_pre_init                
00206abf  C$$EXIT                         
00206abf  abort                           
00206be8  __TI_static_base__              
00206bfc  __TI_Handler_Table_Base         
00206c08  __TI_Handler_Table_Limit        
00206c30  __TI_CINIT_Base                 
00206c60  __TI_CINIT_Limit                
20000000  RamfuncsRunStart                
20000001  FlashInit                       
20000068  __stack                         
20000168  __STACK_END                     
20000168  __STACK_TOP                     
20000400  g_pfnRAMVectors                 
200051b0  RecieveData                     
200051f4  ReceiveMsg2                     
20005230  tempReceiveMsg2                 
2000526c  SendingMsg                      
20005294  ReceiveMsg3                     
200052b8  M2                              
200052d8  ReceiveMsg1                     
200052e4  tempReceiveMsg1                 
200052f4  ReceiveMsg4                     
200052f6  MsgSize                         
200052f7  RecievedDataCount               
200052f8  serial_print_char               
200052fc  crc                             
200052fd  Addr                            
20005300  base_read_index                 
20005304  index                           
20005308  count                           
2000530c  count2                          
20005310  index_drawn                     
20005314  edit_mode                       
20005318  edit_row_index                  
2000531c  editvar                         
20005320  Enter_pressed                   
20005324  Back_pressed                    
20005328  INCRE_pressed                   
2000532c  DECRE_pressed                   
20005330  Datetime                        
20005334  LED                             
20005338  errno                           
2000c000  base                            
2000e000  CtoMvar                         
20010000  MtoCvar                         
ffffffff  __TI_pprof_out_hndl             
ffffffff  __TI_prof_data_size             
ffffffff  __TI_prof_data_start            
ffffffff  __binit__                       
ffffffff  __c_args__                      
ffffffff  binit                           
UNDEFED   __mpu_init                      
UNDEFED   _system_post_cinit              

[255 symbols]
