******************************************************************************
                  TI ARM Linker PC v18.1.4                     
******************************************************************************
>> Linked Fri May 10 11:25:54 2019

OUTPUT FILE NAME:   <uart_echo_m3.out>
ENTRY POINT SYMBOL: "_c_int00_noargs"  address: 00205e15


MEMORY CONFIGURATION

         name            origin    length      used     unused   attr    fill
----------------------  --------  ---------  --------  --------  ----  --------
  CSM_ECSL_Z1           00200000   00000024  00000000  00000024  RWIX
  CSM_RSVD_Z1           00200024   0000000c  00000000  0000000c  RWIX
  RESETISR              00200030   00000008  00000006  00000002  R  X
  INTVECS               00201000   000001b0  000001b0  00000000  R  X
  FLASHLOAD             00201200   00002e00  00000068  00002d98  R  X
  FLASH                 00204000   0007bfd0  000020d8  00079ef8  R  X
  CSM_RSVD_Z2           0027ffd0   0000000c  00000000  0000000c  RWIX
  CSM_ECSL_Z2           0027ffdc   00000024  00000000  00000024  RWIX
  C0                    20000000   00002000  00000318  00001ce8  RW X
  C1                    20002000   00002000  00000000  00002000  RW X
  BOOT_RSVD             20004000   00000ff8  00000000  00000ff8  R  X
  C2                    200051b0   00000e50  00000061  00000def  RW X
  C3                    20006000   00002000  00000000  00002000  RW X
  S0                    20008000   00002000  00000000  00002000  RW X
  S1                    2000a000   00002000  00000000  00002000  RW X
  S2                    2000c000   00002000  00002000  00000000  RW X
  S3                    2000e000   00002000  00000010  00001ff0  RW X
  S4                    20010000   00002000  00000008  00001ff8  RW X
  S5                    20012000   00002000  00000000  00002000  R  X
  S6                    20014000   00002000  00000000  00002000  RW X
  S7                    20016000   00002000  00000000  00002000  RW X
  CTOMRAM               2007f000   00000800  00000000  00000800  R  X
  MTOCRAM               2007f800   00000800  00000000  00000800  RW X


SEGMENT ALLOCATION MAP

run origin  load origin   length   init length attrs members
----------  ----------- ---------- ----------- ----- -------
00200030    00200030    00000006   00000006    r-x
  00200030    00200030    00000006   00000006    r-x .resetisr
00201000    00201000    000001b0   000001b0    r--
  00201000    00201000    000001b0   000001b0    r-- .intvecs
00204000    00204000    000020d8   000020d8    r-x
  00204000    00204000    00001f48   00001f48    r-x .text
  00205f48    00205f48    00000118   00000118    r-- .const
  00206060    00206060    00000078   00000078    r-- .cinit
20000000    00201200    00000068   00000068    r-x
  20000000    00201200    00000068   00000068    r-x ramfuncs
20000068    20000068    00000100   00000000    rw-
  20000068    20000068    00000100   00000000    rw- .stack
20000400    20000400    000001b0   00000000    rw-
  20000400    20000400    000001b0   00000000    rw- .vtable
200051b0    200051b0    00000061   00000000    rw-
  200051b0    200051b0    0000003c   00000000    rw- .data
  200051ec    200051ec    00000025   00000000    rw- .bss
2000c000    2000c000    00002010   00000000    rw-
  2000c000    2000c000    00002000   00000000    rw- SHARERAMS2
  2000e000    2000e000    00000010   00000000    rw- SHARERAMS3
20010000    20010000    00000008   00000000    rw-
  20010000    20010000    00000008   00000000    rw- SHARERAMS4


SECTION ALLOCATION MAP

 output                                  attributes/
section   page    origin      length       input sections
--------  ----  ----------  ----------   ----------------
.resetisr 
*          0    00200030    00000006     
                  00200030    00000006     startup_ccs.obj (.resetisr:ResetISR)

.intvecs   0    00201000    000001b0     
                  00201000    000001b0     startup_ccs.obj (.intvecs)

.text      0    00204000    00001f48     
                  00204000    00000988     driverlib.lib : sysctl.obj (.text)
                  00204988    00000454                   : gpio.obj (.text)
                  00204ddc    00000360     uart_echo.obj (.text:main)
                  0020513c    000002cc     driverlib.lib : interrupt.obj (.text)
                  00205408    00000234                   : timer.obj (.text)
                  0020563c    00000178                   : ipc_util.obj (.text)
                  002057b4    00000168                   : i2c.obj (.text)
                  0020591c    00000118     uart_echo.obj (.text:Timer0IntHandler)
                  00205a34    000000ac     driverlib.lib : watchdog.obj (.text)
                  00205ae0    0000009c     rtsv7M3_T_le_eabi.lib : memcpy_t2.asm.obj (.text)
                  00205b7c    0000007a                           : memset_t2.asm.obj (.text)
                  00205bf6    00000076     uart.obj (.text:UARTConfigSetExpClk)
                  00205c6c    00000068     rtsv7M3_T_le_eabi.lib : copy_decompress_lzss.c.obj (.text:decompress:lzss:__TI_decompress_lzss)
                  00205cd4    00000044                           : autoinit.c.obj (.text:__TI_auto_init_nobinit_nopinit:__TI_auto_init_nobinit_nopinit)
                  00205d18    00000036     driverlib.lib : cpu.obj (.text)
                  00205d4e    00000002     startup_ccs.obj (.text:FaultISR)
                  00205d50    00000034     uart_echo.obj (.text:Timer1IntHandler)
                  00205d84    00000030     uart.obj (.text:UARTDisable)
                  00205db4    00000030     driverlib.lib : ram.obj (.text)
                  00205de4    0000002e     memcopy.obj (.text:MemCopy)
                  00205e12    00000002     startup_ccs.obj (.text:IntDefaultHandler)
                  00205e14    00000028     rtsv7M3_T_le_eabi.lib : boot_cortex_m.c.obj (.text:_c_int00_noargs:_c_int00_noargs)
                  00205e3c    00000024     uart.obj (.text:UARTEnable)
                  00205e60    0000001e     uart.obj (.text:UARTCharPut)
                  00205e7e    0000001e     uart.obj (.text:UARTIntStatus)
                  00205e9c    0000001c     uart_echo.obj (.text:UARTIntHandler)
                  00205eb8    0000001a     LiquidCrystal_PCF8574.obj (.text:delayMicroseconds)
                  00205ed2    00000018     uart.obj (.text:UARTFIFOLevelSet)
                  00205eea    00000018     uart.obj (.text:UARTIntEnable)
                  00205f02    00000012     uart.obj (.text:UARTIntClear)
                  00205f14    0000000e     rtsv7M3_T_le_eabi.lib : copy_decompress_none.c.obj (.text:decompress:none:__TI_decompress_none)
                  00205f22    0000000c                           : copy_zero_init.c.obj (.text:decompress:ZI:__TI_zero_init)
                  00205f2e    00000006     driverlib.lib : sysctl.obj (.text:SysCtlDelay)
                  00205f34    00000004     rtsv7M3_T_le_eabi.lib : pre_init.c.obj (.text:_system_pre_init)
                  00205f38    00000004                           : exit.c.obj (.text:abort:abort)
                  00205f3c    00000002     startup_ccs.obj (.text:NmiSR)
                  00205f3e    00000002     --HOLE-- [fill = 0]
                  00205f40    00000008     driverlib.lib : flash.obj (.tramp.FlashInit.1)

.const     0    00205f48    00000118     
                  00205f48    00000048     driverlib.lib : gpio.obj (.const:g_pulGPIOBaseAddrs)
                  00205f90    00000048                   : interrupt.obj (.const:g_pulRegs)
                  00205fd8    00000020                   : interrupt.obj (.const:g_pulPriority)
                  00205ff8    00000014                   : sysctl.obj (.const:g_pulDCRegs)
                  0020600c    00000012     uart_echo.obj (.const:.string)
                  0020601e    00000002     --HOLE-- [fill = 0]
                  00206020    00000010     driverlib.lib : sysctl.obj (.const:g_pulDCGCRegs)
                  00206030    00000010                   : sysctl.obj (.const:g_pulRCGCRegs)
                  00206040    00000010                   : sysctl.obj (.const:g_pulSCGCRegs)
                  00206050    00000010                   : sysctl.obj (.const:g_pulSRCRRegs)

.cinit     0    00206060    00000078     
                  00206060    00000012     (.cinit..data.load) [load image, compression = lzss]
                  00206072    00000002     --HOLE-- [fill = 0]
                  00206074    0000000c     (__TI_handler_table)
                  00206080    00000008     (.cinit..bss.load) [load image, compression = zero_init]
                  00206088    00000008     (.cinit..vtable.load) [load image, compression = zero_init]
                  00206090    00000008     (.cinit.SHARERAMS2.load) [load image, compression = zero_init]
                  00206098    00000008     (.cinit.SHARERAMS3.load) [load image, compression = zero_init]
                  002060a0    00000008     (.cinit.SHARERAMS4.load) [load image, compression = zero_init]
                  002060a8    00000030     (__TI_cinit_table)

.stack     0    20000068    00000100     UNINITIALIZED
                  20000068    00000004     rtsv7M3_T_le_eabi.lib : boot_cortex_m.c.obj (.stack)
                  2000006c    000000fc     --HOLE--

SHARERAMS2 
*          0    2000c000    00002000     UNINITIALIZED
                  2000c000    00002000     uart_echo.obj (SHARERAMS2)

SHARERAMS3 
*          0    2000e000    00000010     UNINITIALIZED
                  2000e000    00000010     uart_echo.obj (SHARERAMS3)

SHARERAMS4 
*          0    20010000    00000008     UNINITIALIZED
                  20010000    00000008     uart_echo.obj (SHARERAMS4)

ramfuncs   0    00201200    00000068     RUN ADDR = 20000000
                  00201200    00000068     driverlib.lib : flash.obj (ramfuncs)

GETBUFFER 
*          0    2007f000    00000000     DSECT

GETWRITEIDX 
*          0    2007f000    00000000     DSECT

PUTREADIDX 
*          0    2007f000    00000000     DSECT

.vtable    0    20000400    000001b0     UNINITIALIZED
                  20000400    000001b0     driverlib.lib : interrupt.obj (.vtable)

.data      0    200051b0    0000003c     UNINITIALIZED
                  200051b0    0000003c     uart_echo.obj (.data)

.bss       0    200051ec    00000025     UNINITIALIZED
                  200051ec    00000020     (.common:M2)
                  2000520c    00000004     uart_echo.obj (.bss)
                  20005210    00000001     (.common:serial_print_char)

MODULE SUMMARY

       Module                       code   ro data   rw data
       ------                       ----   -------   -------
    .\
       uart_echo.obj                1224   18        8313   
       startup_ccs.obj              12     432       0      
       uart.obj                     328    0         0      
       memcopy.obj                  46     0         0      
       LiquidCrystal_PCF8574.obj    26     0         0      
    +--+----------------------------+------+---------+---------+
       Total:                       1636   450       8313   
                                                            
    C:/ti/ccsv8/tools/compiler/ti-cgt-arm_18.1.4.LTS/lib/rtsv7M3_T_le_eabi.lib
       memcpy_t2.asm.obj            156    0         0      
       memset_t2.asm.obj            122    0         0      
       copy_decompress_lzss.c.obj   104    0         0      
       autoinit.c.obj               68     0         0      
       boot_cortex_m.c.obj          40     0         0      
       copy_decompress_none.c.obj   14     0         0      
       copy_zero_init.c.obj         12     0         0      
       exit.c.obj                   4      0         0      
       pre_init.c.obj               4      0         0      
    +--+----------------------------+------+---------+---------+
       Total:                       524    0         0      
                                                            
    C:/ti/controlSUITE/device_support/f28m35x/v100/MWare/driverlib/ccs/Debug/driverlib.lib
       sysctl.obj                   2446   84        0      
       interrupt.obj                716    104       432    
       gpio.obj                     1108   72        0      
       timer.obj                    564    0         0      
       ipc_util.obj                 376    0         0      
       i2c.obj                      360    0         0      
       flash.obj                    216    0         0      
       watchdog.obj                 172    0         0      
       cpu.obj                      54     0         0      
       ram.obj                      48     0         0      
    +--+----------------------------+------+---------+---------+
       Total:                       6060   260       432    
                                                            
       Stack:                       0      0         256    
       Linker Generated:            0      118       0      
    +--+----------------------------+------+---------+---------+
       Grand Total:                 8220   828       9001   


LINKER GENERATED COPY TABLES

__TI_cinit_table @ 002060a8 records: 6, size/record: 8, table size: 48
	.data: load addr=00206060, load size=00000012 bytes, run addr=200051b0, run size=0000003c bytes, compression=lzss
	.bss: load addr=00206080, load size=00000008 bytes, run addr=200051ec, run size=00000025 bytes, compression=zero_init
	.vtable: load addr=00206088, load size=00000008 bytes, run addr=20000400, run size=000001b0 bytes, compression=zero_init
	SHARERAMS2: load addr=00206090, load size=00000008 bytes, run addr=2000c000, run size=00002000 bytes, compression=zero_init
	SHARERAMS3: load addr=00206098, load size=00000008 bytes, run addr=2000e000, run size=00000010 bytes, compression=zero_init
	SHARERAMS4: load addr=002060a0, load size=00000008 bytes, run addr=20010000, run size=00000008 bytes, compression=zero_init


LINKER GENERATED HANDLER TABLE

__TI_handler_table @ 00206074 records: 3, size/record: 4, table size: 12
	index: 0, handler: __TI_zero_init
	index: 1, handler: __TI_decompress_lzss
	index: 2, handler: __TI_decompress_none


FAR CALL TRAMPOLINES

callee name               trampoline name
   callee addr  tramp addr   call addr  call info
--------------  -----------  ---------  ----------------
FlashInit                 $Tramp$TT$L$PI$$FlashInit
   20000001     00205f40     00204dfc   uart_echo.obj (.text:main)

[1 trampolines]
[1 trampoline calls]


GLOBAL SYMBOLS: SORTED ALPHABETICALLY BY Name 

address   name                            
-------   ----                            
200051b1  Addr                            
200051d8  Back_pressed                    
00205f39  C$$EXIT                         
00205d45  CPUbasepriGet                   
00205d3f  CPUbasepriSet                   
00205d33  CPUcpsid                        
00205d27  CPUcpsie                        
00205d1d  CPUprimask                      
00205d19  CPUwfi                          
2000e000  CtoMvar                         
200051e0  DECRE_pressed                   
200051e4  Datetime                        
200051d4  Enter_pressed                   
20000001  FlashInit                       
00204da9  GPIODirModeGet                  
00204a8b  GPIODirModeSet                  
00204d6b  GPIOIntTypeGet                  
00204d25  GPIOIntTypeSet                  
00204ce9  GPIOPadConfigGet                
00204abb  GPIOPadConfigSet                
00204c75  GPIOPinConfigure                
00204c4b  GPIOPinConfigureCoreSelect      
00204c45  GPIOPinIntClear                 
00204c37  GPIOPinIntDisable               
00204c2b  GPIOPinIntEnable                
00204c1d  GPIOPinIntStatus                
00204bf7  GPIOPinLock                     
00204a5d  GPIOPinLockStatus               
00204bf1  GPIOPinRead                     
00204bdd  GPIOPinTypeCAN                  
00204bc9  GPIOPinTypeEPI                  
00204bb5  GPIOPinTypeGPIOInput            
00204ba1  GPIOPinTypeGPIOOutput           
00204b8d  GPIOPinTypeGPIOOutputOD         
00204b79  GPIOPinTypeI2C                  
00204b65  GPIOPinTypeSSI                  
00204b51  GPIOPinTypeTimer                
00204b3d  GPIOPinTypeUART                 
00204b29  GPIOPinTypeUSBAnalog            
00204b15  GPIOPinTypeUSBDigital           
00204a67  GPIOPinUnlock                   
00204a57  GPIOPinWrite                    
00204a3f  GPIOPortIntRegister             
00204a2b  GPIOPortIntUnregister           
002058f9  I2CIntRegister                  
002058dd  I2CIntUnregister                
002058d5  I2CMasterBusBusy                
002058cd  I2CMasterBusy                   
002058c9  I2CMasterControl                
002058c5  I2CMasterDataGet                
002058c1  I2CMasterDataPut                
002058b7  I2CMasterDisable                
00205869  I2CMasterEnable                 
0020589d  I2CMasterErr                    
00205873  I2CMasterInitExpClk             
00205863  I2CMasterIntClear               
0020585d  I2CMasterIntDisable             
00205857  I2CMasterIntEnable              
00205845  I2CMasterIntStatus              
0020583d  I2CMasterSlaveAddrSet           
00205839  I2CSlaveDataGet                 
00205835  I2CSlaveDataPut                 
00205823  I2CSlaveDisable                 
00205805  I2CSlaveEnable                  
00205817  I2CSlaveInit                    
002057ff  I2CSlaveIntClear                
002057fb  I2CSlaveIntClearEx              
002057f1  I2CSlaveIntDisable              
002057e7  I2CSlaveIntDisableEx            
002057dd  I2CSlaveIntEnable               
002057d5  I2CSlaveIntEnableEx             
002057c3  I2CSlaveIntStatus               
002057b9  I2CSlaveIntStatusEx             
002057b5  I2CSlaveStatus                  
200051dc  INCRE_pressed                   
0020577b  IPCCtoMFlagAcknowledge          
00205769  IPCCtoMFlagBusy                 
0020567b  IPCMtoCBootControlSystem        
00205669  IPCMtoCFlagBusy                 
0020565d  IPCMtoCFlagClear                
00205653  IPCMtoCFlagSet                  
0020563d  IPCMtoCSharedRamConvert         
0020535f  IntDisable                      
002052e3  IntEnable                       
002052d5  IntFlashVTable                  
002052cb  IntMasterDisable                
002052c1  IntMasterEnable                 
00205263  IntPendClear                    
002051f9  IntPendSet                      
002051df  IntPriorityGet                  
002051bd  IntPriorityGroupingGet          
002051ab  IntPriorityGroupingSet          
00205d45  IntPriorityMaskGet              
00205d3f  IntPriorityMaskSet              
0020517f  IntPrioritySet                  
00205171  IntRAMVTable                    
00205147  IntRegister                     
0020513d  IntUnregister                   
200051e8  LED                             
200051ec  M2                              
00205de5  MemCopy                         
20010000  MtoCvar                         
00205db5  RamMReqSharedMemAccess          
00201268  RamfuncsLoadEnd                 
00201200  RamfuncsLoadStart               
20000000  RamfuncsRunStart                
00200031  ResetISR                        
00204949  SysCtlC28Disable                
0020492b  SysCtlC28Enable                 
002045f7  SysCtlClockConfigGet            
002048f7  SysCtlClockConfigSet            
00204661  SysCtlClockDividersSet          
002048a5  SysCtlClockGet                  
0020477d  SysCtlClockPllConfig            
002045dd  SysCtlDeepSleep                 
00205f2f  SysCtlDelay                     
002045c5  SysCtlEnableAERRNMI             
00204599  SysCtlEnableVREGWarnNMI         
00204589  SysCtlFlashSizeGet              
00204565  SysCtlGPIOAHBDisable            
00204541  SysCtlGPIOAHBEnable             
00204539  SysCtlGetNmiConfig              
00204487  SysCtlGetNmiFlagStatus          
0020452d  SysCtlGetNmiInterruptStatus     
00204509  SysCtlHoldSubSystemInReset      
002044d3  SysCtlMclkDetectionEnDis        
002044c9  SysCtlMclkDetectionEnDisStatus  
002044b1  SysCtlNmiFlgClr                 
0020448f  SysCtlNmiFlgClrAll              
00204475  SysCtlNmiIsSet                  
00204451  SysCtlPeripheralClockGating     
00204429  SysCtlPeripheralDeepSleepDisable
00204401  SysCtlPeripheralDeepSleepEnable 
002043d5  SysCtlPeripheralDisable         
002043a9  SysCtlPeripheralEnable          
0020438b  SysCtlPeripheralIsEnabled       
0020433d  SysCtlPeripheralPresent         
00204269  SysCtlPeripheralReset           
00204241  SysCtlPeripheralSleepDisable    
00204219  SysCtlPeripheralSleepEnable     
002041ff  SysCtlPowerOffPLL               
002041df  SysCtlReleaseSubSystemFromReset 
002041d7  SysCtlReset                     
002041cb  SysCtlResetCauseClear           
002041c5  SysCtlResetCauseGet             
002041a5  SysCtlSRAMSizeGet               
00205d19  SysCtlSleep                     
0020416d  SysCtlSubSystemReset            
0020414f  SysCtlUSBPLLConfigGet           
002040bd  SysCtlUSBPLLConfigSet           
002040a5  SysCtlUSBPLLDisable             
00204073  SysCtlUSBPLLEnable              
00204001  SysCtlXPllClockDividerSet       
0020591d  Timer0IntHandler                
00205d51  Timer1IntHandler                
0020560f  TimerConfigure                  
002055fb  TimerControlEvent               
002055e5  TimerControlLevel               
002055cf  TimerControlStall               
002055b9  TimerControlTrigger             
00205581  TimerControlWaitOnTrigger       
0020556d  TimerDisable                    
0020555f  TimerEnable                     
0020555b  TimerIntClear                   
00205551  TimerIntDisable                 
00205549  TimerIntEnable                  
002054f7  TimerIntRegister                
002054ed  TimerIntStatus                  
002054a1  TimerIntUnregister              
00205495  TimerLoadGet                    
00205483  TimerLoadSet                    
00205477  TimerMatchGet                   
00205465  TimerMatchSet                   
00205459  TimerPrescaleGet                
0020544d  TimerPrescaleMatchGet           
0020543b  TimerPrescaleMatchSet           
00205429  TimerPrescaleSet                
0020541f  TimerRTCDisable                 
00205415  TimerRTCEnable                  
00205409  TimerValueGet                   
00205e61  UARTCharPut                     
00205bf7  UARTConfigSetExpClk             
00205d85  UARTDisable                     
00205e3d  UARTEnable                      
00205ed3  UARTFIFOLevelSet                
00205f03  UARTIntClear                    
00205eeb  UARTIntEnable                   
00205e9d  UARTIntHandler                  
00205e7f  UARTIntStatus                   
00205ad1  WatchdogEnable                  
00205acb  WatchdogIntClear                
00205ac1  WatchdogIntEnable               
00205ab1  WatchdogIntRegister             
00205aa7  WatchdogIntStatus               
00205a97  WatchdogIntUnregister           
00205a8f  WatchdogLock                    
00205a81  WatchdogLockState               
00205a7d  WatchdogReloadGet               
00205a79  WatchdogReloadSet               
00205a6f  WatchdogResetDisable            
00205a65  WatchdogResetEnable             
00205a5d  WatchdogRunning                 
00205a4f  WatchdogStallDisable            
00205a41  WatchdogStallEnable             
00205a39  WatchdogUnlock                  
00205a35  WatchdogValueGet                
20000168  __STACK_END                     
00000100  __STACK_SIZE                    
20000168  __STACK_TOP                     
002060a8  __TI_CINIT_Base                 
002060d8  __TI_CINIT_Limit                
00206074  __TI_Handler_Table_Base         
00206080  __TI_Handler_Table_Limit        
00205cd5  __TI_auto_init_nobinit_nopinit  
00205c6d  __TI_decompress_lzss            
00205f15  __TI_decompress_none            
ffffffff  __TI_pprof_out_hndl             
ffffffff  __TI_prof_data_size             
ffffffff  __TI_prof_data_start            
00206060  __TI_static_base__              
00205f23  __TI_zero_init                  
00205b7d  __aeabi_memclr                  
00205b7d  __aeabi_memclr4                 
00205b7d  __aeabi_memclr8                 
00205ae1  __aeabi_memcpy                  
00205ae1  __aeabi_memcpy4                 
00205ae1  __aeabi_memcpy8                 
00205b7f  __aeabi_memset                  
00205b7f  __aeabi_memset4                 
00205b7f  __aeabi_memset8                 
ffffffff  __binit__                       
ffffffff  __c_args__                      
UNDEFED   __mpu_init                      
20000068  __stack                         
00205e15  _c_int00_noargs                 
UNDEFED   _system_post_cinit              
00205f35  _system_pre_init                
00205f39  abort                           
2000c000  base                            
200051b4  base_read_index                 
ffffffff  binit                           
200051bc  count                           
200051c0  count2                          
200051b0  crc                             
00205eb9  delayMicroseconds               
200051c8  edit_mode                       
200051cc  edit_row_index                  
200051d0  editvar                         
20000400  g_pfnRAMVectors                 
00201000  g_pfnVectors                    
200051b8  index                           
200051c4  index_drawn                     
00204ddd  main                            
00205ae1  memcpy                          
00205b85  memset                          
20005210  serial_print_char               


GLOBAL SYMBOLS: SORTED BY Symbol Address 

address   name                            
-------   ----                            
00000100  __STACK_SIZE                    
00200031  ResetISR                        
00201000  g_pfnVectors                    
00201200  RamfuncsLoadStart               
00201268  RamfuncsLoadEnd                 
00204001  SysCtlXPllClockDividerSet       
00204073  SysCtlUSBPLLEnable              
002040a5  SysCtlUSBPLLDisable             
002040bd  SysCtlUSBPLLConfigSet           
0020414f  SysCtlUSBPLLConfigGet           
0020416d  SysCtlSubSystemReset            
002041a5  SysCtlSRAMSizeGet               
002041c5  SysCtlResetCauseGet             
002041cb  SysCtlResetCauseClear           
002041d7  SysCtlReset                     
002041df  SysCtlReleaseSubSystemFromReset 
002041ff  SysCtlPowerOffPLL               
00204219  SysCtlPeripheralSleepEnable     
00204241  SysCtlPeripheralSleepDisable    
00204269  SysCtlPeripheralReset           
0020433d  SysCtlPeripheralPresent         
0020438b  SysCtlPeripheralIsEnabled       
002043a9  SysCtlPeripheralEnable          
002043d5  SysCtlPeripheralDisable         
00204401  SysCtlPeripheralDeepSleepEnable 
00204429  SysCtlPeripheralDeepSleepDisable
00204451  SysCtlPeripheralClockGating     
00204475  SysCtlNmiIsSet                  
00204487  SysCtlGetNmiFlagStatus          
0020448f  SysCtlNmiFlgClrAll              
002044b1  SysCtlNmiFlgClr                 
002044c9  SysCtlMclkDetectionEnDisStatus  
002044d3  SysCtlMclkDetectionEnDis        
00204509  SysCtlHoldSubSystemInReset      
0020452d  SysCtlGetNmiInterruptStatus     
00204539  SysCtlGetNmiConfig              
00204541  SysCtlGPIOAHBEnable             
00204565  SysCtlGPIOAHBDisable            
00204589  SysCtlFlashSizeGet              
00204599  SysCtlEnableVREGWarnNMI         
002045c5  SysCtlEnableAERRNMI             
002045dd  SysCtlDeepSleep                 
002045f7  SysCtlClockConfigGet            
00204661  SysCtlClockDividersSet          
0020477d  SysCtlClockPllConfig            
002048a5  SysCtlClockGet                  
002048f7  SysCtlClockConfigSet            
0020492b  SysCtlC28Enable                 
00204949  SysCtlC28Disable                
00204a2b  GPIOPortIntUnregister           
00204a3f  GPIOPortIntRegister             
00204a57  GPIOPinWrite                    
00204a5d  GPIOPinLockStatus               
00204a67  GPIOPinUnlock                   
00204a8b  GPIODirModeSet                  
00204abb  GPIOPadConfigSet                
00204b15  GPIOPinTypeUSBDigital           
00204b29  GPIOPinTypeUSBAnalog            
00204b3d  GPIOPinTypeUART                 
00204b51  GPIOPinTypeTimer                
00204b65  GPIOPinTypeSSI                  
00204b79  GPIOPinTypeI2C                  
00204b8d  GPIOPinTypeGPIOOutputOD         
00204ba1  GPIOPinTypeGPIOOutput           
00204bb5  GPIOPinTypeGPIOInput            
00204bc9  GPIOPinTypeEPI                  
00204bdd  GPIOPinTypeCAN                  
00204bf1  GPIOPinRead                     
00204bf7  GPIOPinLock                     
00204c1d  GPIOPinIntStatus                
00204c2b  GPIOPinIntEnable                
00204c37  GPIOPinIntDisable               
00204c45  GPIOPinIntClear                 
00204c4b  GPIOPinConfigureCoreSelect      
00204c75  GPIOPinConfigure                
00204ce9  GPIOPadConfigGet                
00204d25  GPIOIntTypeSet                  
00204d6b  GPIOIntTypeGet                  
00204da9  GPIODirModeGet                  
00204ddd  main                            
0020513d  IntUnregister                   
00205147  IntRegister                     
00205171  IntRAMVTable                    
0020517f  IntPrioritySet                  
002051ab  IntPriorityGroupingSet          
002051bd  IntPriorityGroupingGet          
002051df  IntPriorityGet                  
002051f9  IntPendSet                      
00205263  IntPendClear                    
002052c1  IntMasterEnable                 
002052cb  IntMasterDisable                
002052d5  IntFlashVTable                  
002052e3  IntEnable                       
0020535f  IntDisable                      
00205409  TimerValueGet                   
00205415  TimerRTCEnable                  
0020541f  TimerRTCDisable                 
00205429  TimerPrescaleSet                
0020543b  TimerPrescaleMatchSet           
0020544d  TimerPrescaleMatchGet           
00205459  TimerPrescaleGet                
00205465  TimerMatchSet                   
00205477  TimerMatchGet                   
00205483  TimerLoadSet                    
00205495  TimerLoadGet                    
002054a1  TimerIntUnregister              
002054ed  TimerIntStatus                  
002054f7  TimerIntRegister                
00205549  TimerIntEnable                  
00205551  TimerIntDisable                 
0020555b  TimerIntClear                   
0020555f  TimerEnable                     
0020556d  TimerDisable                    
00205581  TimerControlWaitOnTrigger       
002055b9  TimerControlTrigger             
002055cf  TimerControlStall               
002055e5  TimerControlLevel               
002055fb  TimerControlEvent               
0020560f  TimerConfigure                  
0020563d  IPCMtoCSharedRamConvert         
00205653  IPCMtoCFlagSet                  
0020565d  IPCMtoCFlagClear                
00205669  IPCMtoCFlagBusy                 
0020567b  IPCMtoCBootControlSystem        
00205769  IPCCtoMFlagBusy                 
0020577b  IPCCtoMFlagAcknowledge          
002057b5  I2CSlaveStatus                  
002057b9  I2CSlaveIntStatusEx             
002057c3  I2CSlaveIntStatus               
002057d5  I2CSlaveIntEnableEx             
002057dd  I2CSlaveIntEnable               
002057e7  I2CSlaveIntDisableEx            
002057f1  I2CSlaveIntDisable              
002057fb  I2CSlaveIntClearEx              
002057ff  I2CSlaveIntClear                
00205805  I2CSlaveEnable                  
00205817  I2CSlaveInit                    
00205823  I2CSlaveDisable                 
00205835  I2CSlaveDataPut                 
00205839  I2CSlaveDataGet                 
0020583d  I2CMasterSlaveAddrSet           
00205845  I2CMasterIntStatus              
00205857  I2CMasterIntEnable              
0020585d  I2CMasterIntDisable             
00205863  I2CMasterIntClear               
00205869  I2CMasterEnable                 
00205873  I2CMasterInitExpClk             
0020589d  I2CMasterErr                    
002058b7  I2CMasterDisable                
002058c1  I2CMasterDataPut                
002058c5  I2CMasterDataGet                
002058c9  I2CMasterControl                
002058cd  I2CMasterBusy                   
002058d5  I2CMasterBusBusy                
002058dd  I2CIntUnregister                
002058f9  I2CIntRegister                  
0020591d  Timer0IntHandler                
00205a35  WatchdogValueGet                
00205a39  WatchdogUnlock                  
00205a41  WatchdogStallEnable             
00205a4f  WatchdogStallDisable            
00205a5d  WatchdogRunning                 
00205a65  WatchdogResetEnable             
00205a6f  WatchdogResetDisable            
00205a79  WatchdogReloadSet               
00205a7d  WatchdogReloadGet               
00205a81  WatchdogLockState               
00205a8f  WatchdogLock                    
00205a97  WatchdogIntUnregister           
00205aa7  WatchdogIntStatus               
00205ab1  WatchdogIntRegister             
00205ac1  WatchdogIntEnable               
00205acb  WatchdogIntClear                
00205ad1  WatchdogEnable                  
00205ae1  __aeabi_memcpy                  
00205ae1  __aeabi_memcpy4                 
00205ae1  __aeabi_memcpy8                 
00205ae1  memcpy                          
00205b7d  __aeabi_memclr                  
00205b7d  __aeabi_memclr4                 
00205b7d  __aeabi_memclr8                 
00205b7f  __aeabi_memset                  
00205b7f  __aeabi_memset4                 
00205b7f  __aeabi_memset8                 
00205b85  memset                          
00205bf7  UARTConfigSetExpClk             
00205c6d  __TI_decompress_lzss            
00205cd5  __TI_auto_init_nobinit_nopinit  
00205d19  CPUwfi                          
00205d19  SysCtlSleep                     
00205d1d  CPUprimask                      
00205d27  CPUcpsie                        
00205d33  CPUcpsid                        
00205d3f  CPUbasepriSet                   
00205d3f  IntPriorityMaskSet              
00205d45  CPUbasepriGet                   
00205d45  IntPriorityMaskGet              
00205d51  Timer1IntHandler                
00205d85  UARTDisable                     
00205db5  RamMReqSharedMemAccess          
00205de5  MemCopy                         
00205e15  _c_int00_noargs                 
00205e3d  UARTEnable                      
00205e61  UARTCharPut                     
00205e7f  UARTIntStatus                   
00205e9d  UARTIntHandler                  
00205eb9  delayMicroseconds               
00205ed3  UARTFIFOLevelSet                
00205eeb  UARTIntEnable                   
00205f03  UARTIntClear                    
00205f15  __TI_decompress_none            
00205f23  __TI_zero_init                  
00205f2f  SysCtlDelay                     
00205f35  _system_pre_init                
00205f39  C$$EXIT                         
00205f39  abort                           
00206060  __TI_static_base__              
00206074  __TI_Handler_Table_Base         
00206080  __TI_Handler_Table_Limit        
002060a8  __TI_CINIT_Base                 
002060d8  __TI_CINIT_Limit                
20000000  RamfuncsRunStart                
20000001  FlashInit                       
20000068  __stack                         
20000168  __STACK_END                     
20000168  __STACK_TOP                     
20000400  g_pfnRAMVectors                 
200051b0  crc                             
200051b1  Addr                            
200051b4  base_read_index                 
200051b8  index                           
200051bc  count                           
200051c0  count2                          
200051c4  index_drawn                     
200051c8  edit_mode                       
200051cc  edit_row_index                  
200051d0  editvar                         
200051d4  Enter_pressed                   
200051d8  Back_pressed                    
200051dc  INCRE_pressed                   
200051e0  DECRE_pressed                   
200051e4  Datetime                        
200051e8  LED                             
200051ec  M2                              
20005210  serial_print_char               
2000c000  base                            
2000e000  CtoMvar                         
20010000  MtoCvar                         
ffffffff  __TI_pprof_out_hndl             
ffffffff  __TI_prof_data_size             
ffffffff  __TI_prof_data_start            
ffffffff  __binit__                       
ffffffff  __c_args__                      
ffffffff  binit                           
UNDEFED   __mpu_init                      
UNDEFED   _system_post_cinit              

[256 symbols]
