<?xml version="1.0" encoding="ISO-8859-1" ?>
<link_info>
   <banner>TI ARM Linker PC v18.1.4.LTS</banner>
   <copyright>Copyright (c) 1996-2018 Texas Instruments Incorporated</copyright>
   <link_time>0x5cee202c</link_time>
   <link_errors>0x0</link_errors>
   <output_file>uart_echo_m3.out</output_file>
   <entry_point>
      <name>_c_int00_noargs</name>
      <address>0x2065d5</address>
   </entry_point>
   <input_file_list>
      <input_file id="fl-2">
         <path>.\</path>
         <kind>object</kind>
         <file>LiquidCrystal_PCF8574.obj</file>
         <name>LiquidCrystal_PCF8574.obj</name>
      </input_file>
      <input_file id="fl-3">
         <path>.\</path>
         <kind>object</kind>
         <file>SolarHv_DCAC-Lin.obj</file>
         <name>SolarHv_DCAC-Lin.obj</name>
      </input_file>
      <input_file id="fl-4">
         <path>.\</path>
         <kind>object</kind>
         <file>memcopy.obj</file>
         <name>memcopy.obj</name>
      </input_file>
      <input_file id="fl-5">
         <path>.\</path>
         <kind>object</kind>
         <file>startup_ccs.obj</file>
         <name>startup_ccs.obj</name>
      </input_file>
      <input_file id="fl-6">
         <path>.\</path>
         <kind>object</kind>
         <file>uart.obj</file>
         <name>uart.obj</name>
      </input_file>
      <input_file id="fl-7">
         <path>.\</path>
         <kind>object</kind>
         <file>uart_echo.obj</file>
         <name>uart_echo.obj</name>
      </input_file>
      <input_file id="fl-c">
         <kind>object</kind>
         <file>&lt;internal&gt;</file>
         <name>&lt;internal&gt;</name>
      </input_file>
      <input_file id="fl-d">
         <path>C:\ti\controlSUITE\device_support\f28m35x\v100\MWare\driverlib\ccs\Debug\</path>
         <kind>archive</kind>
         <file>driverlib.lib</file>
         <name>flash.obj</name>
      </input_file>
      <input_file id="fl-e">
         <path>C:\ti\controlSUITE\device_support\f28m35x\v100\MWare\driverlib\ccs\Debug\</path>
         <kind>archive</kind>
         <file>driverlib.lib</file>
         <name>gpio.obj</name>
      </input_file>
      <input_file id="fl-f">
         <path>C:\ti\controlSUITE\device_support\f28m35x\v100\MWare\driverlib\ccs\Debug\</path>
         <kind>archive</kind>
         <file>driverlib.lib</file>
         <name>i2c.obj</name>
      </input_file>
      <input_file id="fl-10">
         <path>C:\ti\controlSUITE\device_support\f28m35x\v100\MWare\driverlib\ccs\Debug\</path>
         <kind>archive</kind>
         <file>driverlib.lib</file>
         <name>interrupt.obj</name>
      </input_file>
      <input_file id="fl-11">
         <path>C:\ti\controlSUITE\device_support\f28m35x\v100\MWare\driverlib\ccs\Debug\</path>
         <kind>archive</kind>
         <file>driverlib.lib</file>
         <name>ipc_util.obj</name>
      </input_file>
      <input_file id="fl-12">
         <path>C:\ti\controlSUITE\device_support\f28m35x\v100\MWare\driverlib\ccs\Debug\</path>
         <kind>archive</kind>
         <file>driverlib.lib</file>
         <name>ram.obj</name>
      </input_file>
      <input_file id="fl-13">
         <path>C:\ti\controlSUITE\device_support\f28m35x\v100\MWare\driverlib\ccs\Debug\</path>
         <kind>archive</kind>
         <file>driverlib.lib</file>
         <name>sysctl.obj</name>
      </input_file>
      <input_file id="fl-14">
         <path>C:\ti\controlSUITE\device_support\f28m35x\v100\MWare\driverlib\ccs\Debug\</path>
         <kind>archive</kind>
         <file>driverlib.lib</file>
         <name>timer.obj</name>
      </input_file>
      <input_file id="fl-15">
         <path>C:\ti\controlSUITE\device_support\f28m35x\v100\MWare\driverlib\ccs\Debug\</path>
         <kind>archive</kind>
         <file>driverlib.lib</file>
         <name>watchdog.obj</name>
      </input_file>
      <input_file id="fl-16">
         <path>C:\ti\controlSUITE\device_support\f28m35x\v100\MWare\driverlib\ccs\Debug\</path>
         <kind>archive</kind>
         <file>driverlib.lib</file>
         <name>cpu.obj</name>
      </input_file>
      <input_file id="fl-17">
         <path>C:\ti\ccsv8\tools\compiler\ti-cgt-arm_18.1.4.LTS\lib\</path>
         <kind>archive</kind>
         <file>rtsv7M3_T_le_eabi.lib</file>
         <name>e_pow.c.obj</name>
      </input_file>
      <input_file id="fl-18">
         <path>C:\ti\ccsv8\tools\compiler\ti-cgt-arm_18.1.4.LTS\lib\</path>
         <kind>archive</kind>
         <file>rtsv7M3_T_le_eabi.lib</file>
         <name>e_sqrt.c.obj</name>
      </input_file>
      <input_file id="fl-19">
         <path>C:\ti\ccsv8\tools\compiler\ti-cgt-arm_18.1.4.LTS\lib\</path>
         <kind>archive</kind>
         <file>rtsv7M3_T_le_eabi.lib</file>
         <name>s_scalbn.c.obj</name>
      </input_file>
      <input_file id="fl-1a">
         <path>C:\ti\ccsv8\tools\compiler\ti-cgt-arm_18.1.4.LTS\lib\</path>
         <kind>archive</kind>
         <file>rtsv7M3_T_le_eabi.lib</file>
         <name>fd_add_t2.asm.obj</name>
      </input_file>
      <input_file id="fl-1b">
         <path>C:\ti\ccsv8\tools\compiler\ti-cgt-arm_18.1.4.LTS\lib\</path>
         <kind>archive</kind>
         <file>rtsv7M3_T_le_eabi.lib</file>
         <name>fd_cmp_t2.asm.obj</name>
      </input_file>
      <input_file id="fl-1c">
         <path>C:\ti\ccsv8\tools\compiler\ti-cgt-arm_18.1.4.LTS\lib\</path>
         <kind>archive</kind>
         <file>rtsv7M3_T_le_eabi.lib</file>
         <name>fd_div_t2.asm.obj</name>
      </input_file>
      <input_file id="fl-1d">
         <path>C:\ti\ccsv8\tools\compiler\ti-cgt-arm_18.1.4.LTS\lib\</path>
         <kind>archive</kind>
         <file>rtsv7M3_T_le_eabi.lib</file>
         <name>fd_mul_t2.asm.obj</name>
      </input_file>
      <input_file id="fl-1e">
         <path>C:\ti\ccsv8\tools\compiler\ti-cgt-arm_18.1.4.LTS\lib\</path>
         <kind>archive</kind>
         <file>rtsv7M3_T_le_eabi.lib</file>
         <name>fd_tos_t2.asm.obj</name>
      </input_file>
      <input_file id="fl-1f">
         <path>C:\ti\ccsv8\tools\compiler\ti-cgt-arm_18.1.4.LTS\lib\</path>
         <kind>archive</kind>
         <file>rtsv7M3_T_le_eabi.lib</file>
         <name>fs_add_t2.asm.obj</name>
      </input_file>
      <input_file id="fl-20">
         <path>C:\ti\ccsv8\tools\compiler\ti-cgt-arm_18.1.4.LTS\lib\</path>
         <kind>archive</kind>
         <file>rtsv7M3_T_le_eabi.lib</file>
         <name>fs_mul_t2.asm.obj</name>
      </input_file>
      <input_file id="fl-21">
         <path>C:\ti\ccsv8\tools\compiler\ti-cgt-arm_18.1.4.LTS\lib\</path>
         <kind>archive</kind>
         <file>rtsv7M3_T_le_eabi.lib</file>
         <name>fs_tod_t2.asm.obj</name>
      </input_file>
      <input_file id="fl-22">
         <path>C:\ti\ccsv8\tools\compiler\ti-cgt-arm_18.1.4.LTS\lib\</path>
         <kind>archive</kind>
         <file>rtsv7M3_T_le_eabi.lib</file>
         <name>fs_toi_t2.asm.obj</name>
      </input_file>
      <input_file id="fl-23">
         <path>C:\ti\ccsv8\tools\compiler\ti-cgt-arm_18.1.4.LTS\lib\</path>
         <kind>archive</kind>
         <file>rtsv7M3_T_le_eabi.lib</file>
         <name>i_tofd_t2.asm.obj</name>
      </input_file>
      <input_file id="fl-24">
         <path>C:\ti\ccsv8\tools\compiler\ti-cgt-arm_18.1.4.LTS\lib\</path>
         <kind>archive</kind>
         <file>rtsv7M3_T_le_eabi.lib</file>
         <name>i_tofs_t2.asm.obj</name>
      </input_file>
      <input_file id="fl-25">
         <path>C:\ti\ccsv8\tools\compiler\ti-cgt-arm_18.1.4.LTS\lib\</path>
         <kind>archive</kind>
         <file>rtsv7M3_T_le_eabi.lib</file>
         <name>u_tofd_t2.asm.obj</name>
      </input_file>
      <input_file id="fl-26">
         <path>C:\ti\ccsv8\tools\compiler\ti-cgt-arm_18.1.4.LTS\lib\</path>
         <kind>archive</kind>
         <file>rtsv7M3_T_le_eabi.lib</file>
         <name>copy_zero_init.c.obj</name>
      </input_file>
      <input_file id="fl-27">
         <path>C:\ti\ccsv8\tools\compiler\ti-cgt-arm_18.1.4.LTS\lib\</path>
         <kind>archive</kind>
         <file>rtsv7M3_T_le_eabi.lib</file>
         <name>copy_decompress_none.c.obj</name>
      </input_file>
      <input_file id="fl-28">
         <path>C:\ti\ccsv8\tools\compiler\ti-cgt-arm_18.1.4.LTS\lib\</path>
         <kind>archive</kind>
         <file>rtsv7M3_T_le_eabi.lib</file>
         <name>copy_decompress_lzss.c.obj</name>
      </input_file>
      <input_file id="fl-29">
         <path>C:\ti\ccsv8\tools\compiler\ti-cgt-arm_18.1.4.LTS\lib\</path>
         <kind>archive</kind>
         <file>rtsv7M3_T_le_eabi.lib</file>
         <name>errno.c.obj</name>
      </input_file>
      <input_file id="fl-2a">
         <path>C:\ti\ccsv8\tools\compiler\ti-cgt-arm_18.1.4.LTS\lib\</path>
         <kind>archive</kind>
         <file>rtsv7M3_T_le_eabi.lib</file>
         <name>boot_cortex_m.c.obj</name>
      </input_file>
      <input_file id="fl-2b">
         <path>C:\ti\ccsv8\tools\compiler\ti-cgt-arm_18.1.4.LTS\lib\</path>
         <kind>archive</kind>
         <file>rtsv7M3_T_le_eabi.lib</file>
         <name>exit.c.obj</name>
      </input_file>
      <input_file id="fl-2c">
         <path>C:\ti\ccsv8\tools\compiler\ti-cgt-arm_18.1.4.LTS\lib\</path>
         <kind>archive</kind>
         <file>rtsv7M3_T_le_eabi.lib</file>
         <name>_lock.c.obj</name>
      </input_file>
      <input_file id="fl-2d">
         <path>C:\ti\ccsv8\tools\compiler\ti-cgt-arm_18.1.4.LTS\lib\</path>
         <kind>archive</kind>
         <file>rtsv7M3_T_le_eabi.lib</file>
         <name>args_main.c.obj</name>
      </input_file>
      <input_file id="fl-2e">
         <path>C:\ti\ccsv8\tools\compiler\ti-cgt-arm_18.1.4.LTS\lib\</path>
         <kind>archive</kind>
         <file>rtsv7M3_T_le_eabi.lib</file>
         <name>ltoa.c.obj</name>
      </input_file>
      <input_file id="fl-2f">
         <path>C:\ti\ccsv8\tools\compiler\ti-cgt-arm_18.1.4.LTS\lib\</path>
         <kind>archive</kind>
         <file>rtsv7M3_T_le_eabi.lib</file>
         <name>strlen.c.obj</name>
      </input_file>
      <input_file id="fl-30">
         <path>C:\ti\ccsv8\tools\compiler\ti-cgt-arm_18.1.4.LTS\lib\</path>
         <kind>archive</kind>
         <file>rtsv7M3_T_le_eabi.lib</file>
         <name>s_copysign.c.obj</name>
      </input_file>
      <input_file id="fl-31">
         <path>C:\ti\ccsv8\tools\compiler\ti-cgt-arm_18.1.4.LTS\lib\</path>
         <kind>archive</kind>
         <file>rtsv7M3_T_le_eabi.lib</file>
         <name>memcpy_t2.asm.obj</name>
      </input_file>
      <input_file id="fl-32">
         <path>C:\ti\ccsv8\tools\compiler\ti-cgt-arm_18.1.4.LTS\lib\</path>
         <kind>archive</kind>
         <file>rtsv7M3_T_le_eabi.lib</file>
         <name>memset_t2.asm.obj</name>
      </input_file>
      <input_file id="fl-33">
         <path>C:\ti\ccsv8\tools\compiler\ti-cgt-arm_18.1.4.LTS\lib\</path>
         <kind>archive</kind>
         <file>rtsv7M3_T_le_eabi.lib</file>
         <name>autoinit.c.obj</name>
      </input_file>
      <input_file id="fl-34">
         <path>C:\ti\ccsv8\tools\compiler\ti-cgt-arm_18.1.4.LTS\lib\</path>
         <kind>archive</kind>
         <file>rtsv7M3_T_le_eabi.lib</file>
         <name>pre_init.c.obj</name>
      </input_file>
      <input_file id="fl-35">
         <path>C:\ti\ccsv8\tools\compiler\ti-cgt-arm_18.1.4.LTS\lib\</path>
         <kind>archive</kind>
         <file>rtsv7M3_T_le_eabi.lib</file>
         <name>cpy_tbl.c.obj</name>
      </input_file>
   </input_file_list>
   <object_component_list>
      <object_component id="oc-24">
         <name>.intvecs</name>
         <load_address>0x201000</load_address>
         <run_address>0x201000</run_address>
         <size>0x1b0</size>
         <input_file_ref idref="fl-5"/>
      </object_component>
      <object_component id="oc-3c">
         <name>.resetisr:ResetISR</name>
         <load_address>0x200030</load_address>
         <run_address>0x200030</run_address>
         <size>0x6</size>
         <input_file_ref idref="fl-5"/>
      </object_component>
      <object_component id="oc-dd">
         <name>.text</name>
         <load_address>0x204000</load_address>
         <run_address>0x204000</run_address>
         <size>0x988</size>
         <input_file_ref idref="fl-13"/>
      </object_component>
      <object_component id="oc-ef">
         <name>.text</name>
         <load_address>0x204988</load_address>
         <run_address>0x204988</run_address>
         <size>0x454</size>
         <input_file_ref idref="fl-e"/>
      </object_component>
      <object_component id="oc-bb">
         <name>.text:main</name>
         <load_address>0x204ddc</load_address>
         <run_address>0x204ddc</run_address>
         <size>0x3a4</size>
         <input_file_ref idref="fl-7"/>
      </object_component>
      <object_component id="oc-101">
         <name>.text</name>
         <load_address>0x205180</load_address>
         <run_address>0x205180</run_address>
         <size>0x2cc</size>
         <input_file_ref idref="fl-10"/>
      </object_component>
      <object_component id="oc-119">
         <name>.text</name>
         <load_address>0x20544c</load_address>
         <run_address>0x20544c</run_address>
         <size>0x234</size>
         <input_file_ref idref="fl-14"/>
      </object_component>
      <object_component id="oc-11f">
         <name>.text:GenerateAndSendJasonObject</name>
         <load_address>0x205680</load_address>
         <run_address>0x205680</run_address>
         <size>0x1c0</size>
         <input_file_ref idref="fl-7"/>
      </object_component>
      <object_component id="oc-262">
         <name>.text</name>
         <load_address>0x205840</load_address>
         <run_address>0x205840</run_address>
         <size>0x1b6</size>
         <input_file_ref idref="fl-1a"/>
      </object_component>
      <object_component id="oc-48">
         <name>.text:FaultISR</name>
         <load_address>0x2059f6</load_address>
         <run_address>0x2059f6</run_address>
         <size>0x2</size>
         <input_file_ref idref="fl-5"/>
      </object_component>
      <object_component id="oc-fb">
         <name>.text</name>
         <load_address>0x2059f8</load_address>
         <run_address>0x2059f8</run_address>
         <size>0x178</size>
         <input_file_ref idref="fl-11"/>
      </object_component>
      <object_component id="oc-1d6">
         <name>.text:sqrt</name>
         <load_address>0x205b70</load_address>
         <run_address>0x205b70</run_address>
         <size>0x170</size>
         <input_file_ref idref="fl-18"/>
      </object_component>
      <object_component id="oc-12b">
         <name>.text:Timer0IntHandler</name>
         <load_address>0x205ce0</load_address>
         <run_address>0x205ce0</run_address>
         <size>0x118</size>
         <input_file_ref idref="fl-7"/>
      </object_component>
      <object_component id="oc-25d">
         <name>.text</name>
         <load_address>0x205df8</load_address>
         <run_address>0x205df8</run_address>
         <size>0xfc</size>
         <input_file_ref idref="fl-1d"/>
      </object_component>
      <object_component id="oc-1e6">
         <name>.text:ConvertIntegerIntoStringHEX</name>
         <load_address>0x205ef4</load_address>
         <run_address>0x205ef4</run_address>
         <size>0xe8</size>
         <input_file_ref idref="fl-7"/>
      </object_component>
      <object_component id="oc-192">
         <name>.text</name>
         <load_address>0x205fdc</load_address>
         <run_address>0x205fdc</run_address>
         <size>0xac</size>
         <input_file_ref idref="fl-15"/>
      </object_component>
      <object_component id="oc-62">
         <name>.text</name>
         <load_address>0x206088</load_address>
         <run_address>0x206088</run_address>
         <size>0x9c</size>
         <input_file_ref idref="fl-31"/>
      </object_component>
      <object_component id="oc-1cb">
         <name>.text:ConvertFloatIntoString</name>
         <load_address>0x206124</load_address>
         <run_address>0x206124</run_address>
         <size>0x94</size>
         <input_file_ref idref="fl-7"/>
      </object_component>
      <object_component id="oc-1e1">
         <name>.text</name>
         <load_address>0x2061b8</load_address>
         <run_address>0x2061b8</run_address>
         <size>0x7a</size>
         <input_file_ref idref="fl-20"/>
      </object_component>
      <object_component id="oc-af">
         <name>.text</name>
         <load_address>0x206232</load_address>
         <run_address>0x206232</run_address>
         <size>0x7a</size>
         <input_file_ref idref="fl-32"/>
      </object_component>
      <object_component id="oc-107">
         <name>.text:UARTConfigSetExpClk</name>
         <load_address>0x2062ac</load_address>
         <run_address>0x2062ac</run_address>
         <size>0x76</size>
         <input_file_ref idref="fl-6"/>
      </object_component>
      <object_component id="oc-1dc">
         <name>.text</name>
         <load_address>0x206322</load_address>
         <run_address>0x206322</run_address>
         <size>0x6e</size>
         <input_file_ref idref="fl-1e"/>
      </object_component>
      <object_component id="oc-27">
         <name>.text:decompress:lzss:__TI_decompress_lzss</name>
         <load_address>0x206390</load_address>
         <run_address>0x206390</run_address>
         <size>0x68</size>
         <input_file_ref idref="fl-28"/>
      </object_component>
      <object_component id="oc-14a">
         <name>.text:__TI_auto_init_nobinit_nopinit:__TI_auto_init_nobinit_nopinit</name>
         <load_address>0x2063f8</load_address>
         <run_address>0x2063f8</run_address>
         <size>0x44</size>
         <input_file_ref idref="fl-33"/>
      </object_component>
      <object_component id="oc-1d1">
         <name>.text</name>
         <load_address>0x20643c</load_address>
         <run_address>0x20643c</run_address>
         <size>0x38</size>
         <input_file_ref idref="fl-21"/>
      </object_component>
      <object_component id="oc-256">
         <name>.text</name>
         <load_address>0x206474</load_address>
         <run_address>0x206474</run_address>
         <size>0x38</size>
         <input_file_ref idref="fl-22"/>
      </object_component>
      <object_component id="oc-183">
         <name>.text</name>
         <load_address>0x2064ac</load_address>
         <run_address>0x2064ac</run_address>
         <size>0x36</size>
         <input_file_ref idref="fl-16"/>
      </object_component>
      <object_component id="oc-4e">
         <name>.text:IntDefaultHandler</name>
         <load_address>0x2064e2</load_address>
         <run_address>0x2064e2</run_address>
         <size>0x2</size>
         <input_file_ref idref="fl-5"/>
      </object_component>
      <object_component id="oc-131">
         <name>.text:Timer1IntHandler</name>
         <load_address>0x2064e4</load_address>
         <run_address>0x2064e4</run_address>
         <size>0x34</size>
         <input_file_ref idref="fl-7"/>
      </object_component>
      <object_component id="oc-1b4">
         <name>.text:UARTDisable</name>
         <load_address>0x206518</load_address>
         <run_address>0x206518</run_address>
         <size>0x30</size>
         <input_file_ref idref="fl-6"/>
      </object_component>
      <object_component id="oc-f5">
         <name>.text</name>
         <load_address>0x206548</load_address>
         <run_address>0x206548</run_address>
         <size>0x30</size>
         <input_file_ref idref="fl-12"/>
      </object_component>
      <object_component id="oc-e3">
         <name>.text:MemCopy</name>
         <load_address>0x206578</load_address>
         <run_address>0x206578</run_address>
         <size>0x2e</size>
         <input_file_ref idref="fl-4"/>
      </object_component>
      <object_component id="oc-42">
         <name>.text:NmiSR</name>
         <load_address>0x2065a6</load_address>
         <run_address>0x2065a6</run_address>
         <size>0x2</size>
         <input_file_ref idref="fl-5"/>
      </object_component>
      <object_component id="oc-1c5">
         <name>.text:UART1Send</name>
         <load_address>0x2065a8</load_address>
         <run_address>0x2065a8</run_address>
         <size>0x2c</size>
         <input_file_ref idref="fl-7"/>
      </object_component>
      <object_component id="oc-80">
         <name>.text:_c_int00_noargs:_c_int00_noargs</name>
         <load_address>0x2065d4</load_address>
         <run_address>0x2065d4</run_address>
         <size>0x28</size>
         <input_file_ref idref="fl-2a"/>
      </object_component>
      <object_component id="oc-1ba">
         <name>.text:UARTEnable</name>
         <load_address>0x2065fc</load_address>
         <run_address>0x2065fc</run_address>
         <size>0x24</size>
         <input_file_ref idref="fl-6"/>
      </object_component>
      <object_component id="oc-1ff">
         <name>.text:UARTCharPut</name>
         <load_address>0x206620</load_address>
         <run_address>0x206620</run_address>
         <size>0x1e</size>
         <input_file_ref idref="fl-6"/>
      </object_component>
      <object_component id="oc-1f2">
         <name>.text:UARTIntStatus</name>
         <load_address>0x20663e</load_address>
         <run_address>0x20663e</run_address>
         <size>0x1e</size>
         <input_file_ref idref="fl-6"/>
      </object_component>
      <object_component id="oc-125">
         <name>.text:UARTIntHandler</name>
         <load_address>0x20665c</load_address>
         <run_address>0x20665c</run_address>
         <size>0x1c</size>
         <input_file_ref idref="fl-7"/>
      </object_component>
      <object_component id="oc-113">
         <name>.text:UARTFIFOLevelSet</name>
         <load_address>0x206678</load_address>
         <run_address>0x206678</run_address>
         <size>0x18</size>
         <input_file_ref idref="fl-6"/>
      </object_component>
      <object_component id="oc-10d">
         <name>.text:UARTIntEnable</name>
         <load_address>0x206690</load_address>
         <run_address>0x206690</run_address>
         <size>0x18</size>
         <input_file_ref idref="fl-6"/>
      </object_component>
      <object_component id="oc-1f8">
         <name>.text:UARTIntClear</name>
         <load_address>0x2066a8</load_address>
         <run_address>0x2066a8</run_address>
         <size>0x12</size>
         <input_file_ref idref="fl-6"/>
      </object_component>
      <object_component id="oc-2d">
         <name>.text:decompress:none:__TI_decompress_none</name>
         <load_address>0x2066ba</load_address>
         <run_address>0x2066ba</run_address>
         <size>0xe</size>
         <input_file_ref idref="fl-27"/>
      </object_component>
      <object_component id="oc-74">
         <name>.text:decompress:ZI:__TI_zero_init</name>
         <load_address>0x2066c8</load_address>
         <run_address>0x2066c8</run_address>
         <size>0xc</size>
         <input_file_ref idref="fl-26"/>
      </object_component>
      <object_component id="oc-267">
         <name>.text:__aeabi_errno_addr</name>
         <load_address>0x2066d4</load_address>
         <run_address>0x2066d4</run_address>
         <size>0x8</size>
         <input_file_ref idref="fl-29"/>
      </object_component>
      <object_component id="oc-17c">
         <name>.text:SysCtlDelay</name>
         <load_address>0x2066dc</load_address>
         <run_address>0x2066dc</run_address>
         <size>0x6</size>
         <input_file_ref idref="fl-13"/>
      </object_component>
      <object_component id="oc-b5">
         <name>.text:_system_pre_init</name>
         <load_address>0x2066e2</load_address>
         <run_address>0x2066e2</run_address>
         <size>0x4</size>
         <input_file_ref idref="fl-34"/>
      </object_component>
      <object_component id="oc-13e">
         <name>.text:abort:abort</name>
         <load_address>0x2066e6</load_address>
         <run_address>0x2066e6</run_address>
         <size>0x4</size>
         <input_file_ref idref="fl-2b"/>
      </object_component>
      <object_component id="oc-32e">
         <name>.tramp.FlashInit.1</name>
         <load_address>0x2066ec</load_address>
         <run_address>0x2066ec</run_address>
         <size>0x8</size>
         <input_file_ref idref="fl-d"/>
      </object_component>
      <object_component id="oc-1a2">
         <name>.const:g_pulGPIOBaseAddrs</name>
         <load_address>0x2066f4</load_address>
         <run_address>0x2066f4</run_address>
         <size>0x48</size>
         <input_file_ref idref="fl-e"/>
      </object_component>
      <object_component id="oc-1ac">
         <name>.const:g_pulRegs</name>
         <load_address>0x20673c</load_address>
         <run_address>0x20673c</run_address>
         <size>0x48</size>
         <input_file_ref idref="fl-10"/>
      </object_component>
      <object_component id="oc-1af">
         <name>.const:g_pulPriority</name>
         <load_address>0x206784</load_address>
         <run_address>0x206784</run_address>
         <size>0x20</size>
         <input_file_ref idref="fl-10"/>
      </object_component>
      <object_component id="oc-189">
         <name>.const:g_pulDCRegs</name>
         <load_address>0x2067a4</load_address>
         <run_address>0x2067a4</run_address>
         <size>0x14</size>
         <input_file_ref idref="fl-13"/>
      </object_component>
      <object_component id="oc-211">
         <name>.const:.string</name>
         <load_address>0x2067b8</load_address>
         <run_address>0x2067b8</run_address>
         <size>0x12</size>
         <input_file_ref idref="fl-7"/>
      </object_component>
      <object_component id="oc-18f">
         <name>.const:g_pulDCGCRegs</name>
         <load_address>0x2067cc</load_address>
         <run_address>0x2067cc</run_address>
         <size>0x10</size>
         <input_file_ref idref="fl-13"/>
      </object_component>
      <object_component id="oc-18c">
         <name>.const:g_pulRCGCRegs</name>
         <load_address>0x2067dc</load_address>
         <run_address>0x2067dc</run_address>
         <size>0x10</size>
         <input_file_ref idref="fl-13"/>
      </object_component>
      <object_component id="oc-17d">
         <name>.const:g_pulSCGCRegs</name>
         <load_address>0x2067ec</load_address>
         <run_address>0x2067ec</run_address>
         <size>0x10</size>
         <input_file_ref idref="fl-13"/>
      </object_component>
      <object_component id="oc-180">
         <name>.const:g_pulSRCRRegs</name>
         <load_address>0x2067fc</load_address>
         <run_address>0x2067fc</run_address>
         <size>0x10</size>
         <input_file_ref idref="fl-13"/>
      </object_component>
      <object_component id="oc-334">
         <name>.cinit..data.load</name>
         <load_address>0x206810</load_address>
         <run_address>0x206810</run_address>
         <size>0x12</size>
      </object_component>
      <object_component id="oc-325">
         <name>__TI_handler_table</name>
         <load_address>0x206824</load_address>
         <run_address>0x206824</run_address>
         <size>0xc</size>
      </object_component>
      <object_component id="oc-335">
         <name>.cinit..bss.load</name>
         <load_address>0x206830</load_address>
         <run_address>0x206830</run_address>
         <size>0x8</size>
      </object_component>
      <object_component id="oc-332">
         <name>.cinit..vtable.load</name>
         <load_address>0x206838</load_address>
         <run_address>0x206838</run_address>
         <size>0x8</size>
      </object_component>
      <object_component id="oc-32a">
         <name>.cinit.SHARERAMS2.load</name>
         <load_address>0x206840</load_address>
         <run_address>0x206840</run_address>
         <size>0x8</size>
      </object_component>
      <object_component id="oc-32b">
         <name>.cinit.SHARERAMS3.load</name>
         <load_address>0x206848</load_address>
         <run_address>0x206848</run_address>
         <size>0x8</size>
      </object_component>
      <object_component id="oc-32c">
         <name>.cinit.SHARERAMS4.load</name>
         <load_address>0x206850</load_address>
         <run_address>0x206850</run_address>
         <size>0x8</size>
      </object_component>
      <object_component id="oc-326">
         <name>__TI_cinit_table</name>
         <load_address>0x206858</load_address>
         <run_address>0x206858</run_address>
         <size>0x30</size>
      </object_component>
      <object_component id="oc-1a9">
         <name>.vtable</name>
         <uninitialized>true</uninitialized>
         <run_address>0x20000400</run_address>
         <size>0x1b0</size>
         <input_file_ref idref="fl-10"/>
      </object_component>
      <object_component id="oc-13a">
         <name>.data</name>
         <load_address>0x200051b0</load_address>
         <run_address>0x200051b0</run_address>
         <size>0x3c</size>
         <input_file_ref idref="fl-7"/>
      </object_component>
      <object_component id="oc-2bc">
         <name>.data</name>
         <load_address>0x200051ec</load_address>
         <run_address>0x200051ec</run_address>
         <size>0x4</size>
         <input_file_ref idref="fl-29"/>
      </object_component>
      <object_component id="oc-205">
         <name>.common:M2</name>
         <uninitialized>true</uninitialized>
         <run_address>0x200051f0</run_address>
         <size>0x20</size>
      </object_component>
      <object_component id="oc-20a">
         <name>.bss</name>
         <uninitialized>true</uninitialized>
         <run_address>0x20005210</run_address>
         <size>0x4</size>
         <input_file_ref idref="fl-7"/>
      </object_component>
      <object_component id="oc-209">
         <name>.common:serial_print_char</name>
         <uninitialized>true</uninitialized>
         <run_address>0x20005214</run_address>
         <size>0x1</size>
      </object_component>
      <object_component id="oc-39">
         <name>.stack</name>
         <uninitialized>true</uninitialized>
         <run_address>0x20000068</run_address>
         <size>0x4</size>
         <input_file_ref idref="fl-2a"/>
      </object_component>
      <object_component id="oc-32d">
         <name>.stack</name>
         <uninitialized>true</uninitialized>
         <run_address>0x20000068</run_address>
         <size>0x0</size>
      </object_component>
      <object_component id="oc-206">
         <name>SHARERAMS2</name>
         <uninitialized>true</uninitialized>
         <run_address>0x2000c000</run_address>
         <size>0x2000</size>
         <input_file_ref idref="fl-7"/>
      </object_component>
      <object_component id="oc-1ec">
         <name>SHARERAMS3</name>
         <uninitialized>true</uninitialized>
         <run_address>0x2000e000</run_address>
         <size>0x30</size>
         <input_file_ref idref="fl-7"/>
      </object_component>
      <object_component id="oc-137">
         <name>SHARERAMS4</name>
         <uninitialized>true</uninitialized>
         <run_address>0x20010000</run_address>
         <size>0x10</size>
         <input_file_ref idref="fl-7"/>
      </object_component>
      <object_component id="oc-e9">
         <name>ramfuncs</name>
         <load_address>0x201200</load_address>
         <run_address>0x20000000</run_address>
         <size>0x68</size>
         <input_file_ref idref="fl-d"/>
      </object_component>
      <object_component id="oc-2cf">
         <name>.debug_info</name>
         <load_address>0x0</load_address>
         <run_address>0x0</run_address>
         <size>0x335</size>
         <input_file_ref idref="fl-2"/>
      </object_component>
      <object_component id="oc-285">
         <name>.debug_info</name>
         <load_address>0x335</load_address>
         <run_address>0x335</run_address>
         <size>0x26b</size>
         <input_file_ref idref="fl-2"/>
      </object_component>
      <object_component id="oc-5d">
         <name>.debug_info</name>
         <load_address>0x5a0</load_address>
         <run_address>0x5a0</run_address>
         <size>0x84</size>
         <input_file_ref idref="fl-2"/>
      </object_component>
      <object_component id="oc-2ca">
         <name>.debug_info</name>
         <load_address>0x624</load_address>
         <run_address>0x624</run_address>
         <size>0x297</size>
         <input_file_ref idref="fl-2"/>
      </object_component>
      <object_component id="oc-28a">
         <name>.debug_info</name>
         <load_address>0x8bb</load_address>
         <run_address>0x8bb</run_address>
         <size>0xbb</size>
         <input_file_ref idref="fl-2"/>
      </object_component>
      <object_component id="oc-199">
         <name>.debug_info</name>
         <load_address>0x976</load_address>
         <run_address>0x976</run_address>
         <size>0x2c</size>
         <input_file_ref idref="fl-2"/>
      </object_component>
      <object_component id="oc-d4">
         <name>.debug_info</name>
         <load_address>0x9a2</load_address>
         <run_address>0x9a2</run_address>
         <size>0x2c</size>
         <input_file_ref idref="fl-2"/>
      </object_component>
      <object_component id="oc-2c8">
         <name>.debug_info</name>
         <load_address>0x9ce</load_address>
         <run_address>0x9ce</run_address>
         <size>0x49e</size>
         <input_file_ref idref="fl-3"/>
      </object_component>
      <object_component id="oc-27b">
         <name>.debug_info</name>
         <load_address>0xe6c</load_address>
         <run_address>0xe6c</run_address>
         <size>0x146</size>
         <input_file_ref idref="fl-3"/>
      </object_component>
      <object_component id="oc-2e6">
         <name>.debug_info</name>
         <load_address>0xfb2</load_address>
         <run_address>0xfb2</run_address>
         <size>0x3fb</size>
         <input_file_ref idref="fl-3"/>
      </object_component>
      <object_component id="oc-1a0">
         <name>.debug_info</name>
         <load_address>0x13ad</load_address>
         <run_address>0x13ad</run_address>
         <size>0x125</size>
         <input_file_ref idref="fl-4"/>
      </object_component>
      <object_component id="oc-e5">
         <name>.debug_info</name>
         <load_address>0x14d2</load_address>
         <run_address>0x14d2</run_address>
         <size>0x1b7</size>
         <input_file_ref idref="fl-4"/>
      </object_component>
      <object_component id="oc-56">
         <name>.debug_info</name>
         <load_address>0x1689</load_address>
         <run_address>0x1689</run_address>
         <size>0x161</size>
         <input_file_ref idref="fl-5"/>
      </object_component>
      <object_component id="oc-25">
         <name>.debug_info</name>
         <load_address>0x17ea</load_address>
         <run_address>0x17ea</run_address>
         <size>0xe0</size>
         <input_file_ref idref="fl-5"/>
      </object_component>
      <object_component id="oc-3f">
         <name>.debug_info</name>
         <load_address>0x18ca</load_address>
         <run_address>0x18ca</run_address>
         <size>0x110</size>
         <input_file_ref idref="fl-5"/>
      </object_component>
      <object_component id="oc-45">
         <name>.debug_info</name>
         <load_address>0x19da</load_address>
         <run_address>0x19da</run_address>
         <size>0xfe</size>
         <input_file_ref idref="fl-5"/>
      </object_component>
      <object_component id="oc-49">
         <name>.debug_info</name>
         <load_address>0x1ad8</load_address>
         <run_address>0x1ad8</run_address>
         <size>0x104</size>
         <input_file_ref idref="fl-5"/>
      </object_component>
      <object_component id="oc-4f">
         <name>.debug_info</name>
         <load_address>0x1bdc</load_address>
         <run_address>0x1bdc</run_address>
         <size>0x116</size>
         <input_file_ref idref="fl-5"/>
      </object_component>
      <object_component id="oc-116">
         <name>.debug_info</name>
         <load_address>0x1cf2</load_address>
         <run_address>0x1cf2</run_address>
         <size>0x1a4</size>
         <input_file_ref idref="fl-6"/>
      </object_component>
      <object_component id="oc-10a">
         <name>.debug_info</name>
         <load_address>0x1e96</load_address>
         <run_address>0x1e96</run_address>
         <size>0x208</size>
         <input_file_ref idref="fl-6"/>
      </object_component>
      <object_component id="oc-1bd">
         <name>.debug_info</name>
         <load_address>0x209e</load_address>
         <run_address>0x209e</run_address>
         <size>0x12d</size>
         <input_file_ref idref="fl-6"/>
      </object_component>
      <object_component id="oc-1b7">
         <name>.debug_info</name>
         <load_address>0x21cb</load_address>
         <run_address>0x21cb</run_address>
         <size>0x12f</size>
         <input_file_ref idref="fl-6"/>
      </object_component>
      <object_component id="oc-201">
         <name>.debug_info</name>
         <load_address>0x22fa</load_address>
         <run_address>0x22fa</run_address>
         <size>0x15a</size>
         <input_file_ref idref="fl-6"/>
      </object_component>
      <object_component id="oc-10f">
         <name>.debug_info</name>
         <load_address>0x2454</load_address>
         <run_address>0x2454</run_address>
         <size>0x16e</size>
         <input_file_ref idref="fl-6"/>
      </object_component>
      <object_component id="oc-1f4">
         <name>.debug_info</name>
         <load_address>0x25c2</load_address>
         <run_address>0x25c2</run_address>
         <size>0x166</size>
         <input_file_ref idref="fl-6"/>
      </object_component>
      <object_component id="oc-1fa">
         <name>.debug_info</name>
         <load_address>0x2728</load_address>
         <run_address>0x2728</run_address>
         <size>0x16c</size>
         <input_file_ref idref="fl-6"/>
      </object_component>
      <object_component id="oc-1f0">
         <name>.debug_info</name>
         <load_address>0x2894</load_address>
         <run_address>0x2894</run_address>
         <size>0xb09</size>
         <input_file_ref idref="fl-7"/>
      </object_component>
      <object_component id="oc-13b">
         <name>.debug_info</name>
         <load_address>0x339d</load_address>
         <run_address>0x339d</run_address>
         <size>0x2df</size>
         <input_file_ref idref="fl-7"/>
      </object_component>
      <object_component id="oc-207">
         <name>.debug_info</name>
         <load_address>0x367c</load_address>
         <run_address>0x367c</run_address>
         <size>0xce</size>
         <input_file_ref idref="fl-7"/>
      </object_component>
      <object_component id="oc-1ed">
         <name>.debug_info</name>
         <load_address>0x374a</load_address>
         <run_address>0x374a</run_address>
         <size>0xd4</size>
         <input_file_ref idref="fl-7"/>
      </object_component>
      <object_component id="oc-138">
         <name>.debug_info</name>
         <load_address>0x381e</load_address>
         <run_address>0x381e</run_address>
         <size>0xd4</size>
         <input_file_ref idref="fl-7"/>
      </object_component>
      <object_component id="oc-20b">
         <name>.debug_info</name>
         <load_address>0x38f2</load_address>
         <run_address>0x38f2</run_address>
         <size>0xd7</size>
         <input_file_ref idref="fl-7"/>
      </object_component>
      <object_component id="oc-12d">
         <name>.debug_info</name>
         <load_address>0x39c9</load_address>
         <run_address>0x39c9</run_address>
         <size>0x176</size>
         <input_file_ref idref="fl-7"/>
      </object_component>
      <object_component id="oc-133">
         <name>.debug_info</name>
         <load_address>0x3b3f</load_address>
         <run_address>0x3b3f</run_address>
         <size>0x12e</size>
         <input_file_ref idref="fl-7"/>
      </object_component>
      <object_component id="oc-127">
         <name>.debug_info</name>
         <load_address>0x3c6d</load_address>
         <run_address>0x3c6d</run_address>
         <size>0x158</size>
         <input_file_ref idref="fl-7"/>
      </object_component>
      <object_component id="oc-1c7">
         <name>.debug_info</name>
         <load_address>0x3dc5</load_address>
         <run_address>0x3dc5</run_address>
         <size>0x187</size>
         <input_file_ref idref="fl-7"/>
      </object_component>
      <object_component id="oc-bd">
         <name>.debug_info</name>
         <load_address>0x3f4c</load_address>
         <run_address>0x3f4c</run_address>
         <size>0x8a7</size>
         <input_file_ref idref="fl-7"/>
      </object_component>
      <object_component id="oc-1cd">
         <name>.debug_info</name>
         <load_address>0x47f3</load_address>
         <run_address>0x47f3</run_address>
         <size>0x1b9</size>
         <input_file_ref idref="fl-7"/>
      </object_component>
      <object_component id="oc-1e8">
         <name>.debug_info</name>
         <load_address>0x49ac</load_address>
         <run_address>0x49ac</run_address>
         <size>0x1af</size>
         <input_file_ref idref="fl-7"/>
      </object_component>
      <object_component id="oc-121">
         <name>.debug_info</name>
         <load_address>0x4b5b</load_address>
         <run_address>0x4b5b</run_address>
         <size>0x461</size>
         <input_file_ref idref="fl-7"/>
      </object_component>
      <object_component id="oc-280">
         <name>.debug_info</name>
         <load_address>0x4fbc</load_address>
         <run_address>0x4fbc</run_address>
         <size>0x308</size>
         <input_file_ref idref="fl-7"/>
      </object_component>
      <object_component id="oc-eb">
         <name>.debug_info</name>
         <load_address>0x52c4</load_address>
         <run_address>0x52c4</run_address>
         <size>0x1f0</size>
         <input_file_ref idref="fl-d"/>
      </object_component>
      <object_component id="oc-1a6">
         <name>.debug_info</name>
         <load_address>0x54b4</load_address>
         <run_address>0x54b4</run_address>
         <size>0x230</size>
         <input_file_ref idref="fl-e"/>
      </object_component>
      <object_component id="oc-1a3">
         <name>.debug_info</name>
         <load_address>0x56e4</load_address>
         <run_address>0x56e4</run_address>
         <size>0x134</size>
         <input_file_ref idref="fl-e"/>
      </object_component>
      <object_component id="oc-f0">
         <name>.debug_info</name>
         <load_address>0x5818</load_address>
         <run_address>0x5818</run_address>
         <size>0x2788</size>
         <input_file_ref idref="fl-e"/>
      </object_component>
      <object_component id="oc-1b3">
         <name>.debug_info</name>
         <load_address>0x7fa0</load_address>
         <run_address>0x7fa0</run_address>
         <size>0x263</size>
         <input_file_ref idref="fl-10"/>
      </object_component>
      <object_component id="oc-1b0">
         <name>.debug_info</name>
         <load_address>0x8203</load_address>
         <run_address>0x8203</run_address>
         <size>0x12f</size>
         <input_file_ref idref="fl-10"/>
      </object_component>
      <object_component id="oc-1ad">
         <name>.debug_info</name>
         <load_address>0x8332</load_address>
         <run_address>0x8332</run_address>
         <size>0x127</size>
         <input_file_ref idref="fl-10"/>
      </object_component>
      <object_component id="oc-1aa">
         <name>.debug_info</name>
         <load_address>0x8459</load_address>
         <run_address>0x8459</run_address>
         <size>0x134</size>
         <input_file_ref idref="fl-10"/>
      </object_component>
      <object_component id="oc-102">
         <name>.debug_info</name>
         <load_address>0x858d</load_address>
         <run_address>0x858d</run_address>
         <size>0x106b</size>
         <input_file_ref idref="fl-10"/>
      </object_component>
      <object_component id="oc-fd">
         <name>.debug_info</name>
         <load_address>0x95f8</load_address>
         <run_address>0x95f8</run_address>
         <size>0x8c5</size>
         <input_file_ref idref="fl-11"/>
      </object_component>
      <object_component id="oc-f6">
         <name>.debug_info</name>
         <load_address>0x9ebd</load_address>
         <run_address>0x9ebd</run_address>
         <size>0x278</size>
         <input_file_ref idref="fl-12"/>
      </object_component>
      <object_component id="oc-19e">
         <name>.debug_info</name>
         <load_address>0xa135</load_address>
         <run_address>0xa135</run_address>
         <size>0x23d</size>
         <input_file_ref idref="fl-13"/>
      </object_component>
      <object_component id="oc-18a">
         <name>.debug_info</name>
         <load_address>0xa372</load_address>
         <run_address>0xa372</run_address>
         <size>0x128</size>
         <input_file_ref idref="fl-13"/>
      </object_component>
      <object_component id="oc-181">
         <name>.debug_info</name>
         <load_address>0xa49a</load_address>
         <run_address>0xa49a</run_address>
         <size>0x12c</size>
         <input_file_ref idref="fl-13"/>
      </object_component>
      <object_component id="oc-18d">
         <name>.debug_info</name>
         <load_address>0xa5c6</load_address>
         <run_address>0xa5c6</run_address>
         <size>0x12c</size>
         <input_file_ref idref="fl-13"/>
      </object_component>
      <object_component id="oc-17e">
         <name>.debug_info</name>
         <load_address>0xa6f2</load_address>
         <run_address>0xa6f2</run_address>
         <size>0x12c</size>
         <input_file_ref idref="fl-13"/>
      </object_component>
      <object_component id="oc-190">
         <name>.debug_info</name>
         <load_address>0xa81e</load_address>
         <run_address>0xa81e</run_address>
         <size>0x12c</size>
         <input_file_ref idref="fl-13"/>
      </object_component>
      <object_component id="oc-df">
         <name>.debug_info</name>
         <load_address>0xa94a</load_address>
         <run_address>0xa94a</run_address>
         <size>0x3438</size>
         <input_file_ref idref="fl-13"/>
      </object_component>
      <object_component id="oc-1c4">
         <name>.debug_info</name>
         <load_address>0xdd82</load_address>
         <run_address>0xdd82</run_address>
         <size>0x218</size>
         <input_file_ref idref="fl-14"/>
      </object_component>
      <object_component id="oc-11b">
         <name>.debug_info</name>
         <load_address>0xdf9a</load_address>
         <run_address>0xdf9a</run_address>
         <size>0x2006</size>
         <input_file_ref idref="fl-14"/>
      </object_component>
      <object_component id="oc-240">
         <name>.debug_info</name>
         <load_address>0xffa0</load_address>
         <run_address>0xffa0</run_address>
         <size>0x21b</size>
         <input_file_ref idref="fl-15"/>
      </object_component>
      <object_component id="oc-193">
         <name>.debug_info</name>
         <load_address>0x101bb</load_address>
         <run_address>0x101bb</run_address>
         <size>0x12c4</size>
         <input_file_ref idref="fl-15"/>
      </object_component>
      <object_component id="oc-185">
         <name>.debug_info</name>
         <load_address>0x1147f</load_address>
         <run_address>0x1147f</run_address>
         <size>0x5a2</size>
         <input_file_ref idref="fl-16"/>
      </object_component>
      <object_component id="oc-2c1">
         <name>.debug_info</name>
         <load_address>0x11a21</load_address>
         <run_address>0x11a21</run_address>
         <size>0x46</size>
         <input_file_ref idref="fl-17"/>
      </object_component>
      <object_component id="oc-26e">
         <name>.debug_info</name>
         <load_address>0x11a67</load_address>
         <run_address>0x11a67</run_address>
         <size>0x39</size>
         <input_file_ref idref="fl-17"/>
      </object_component>
      <object_component id="oc-273">
         <name>.debug_info</name>
         <load_address>0x11aa0</load_address>
         <run_address>0x11aa0</run_address>
         <size>0x197</size>
         <input_file_ref idref="fl-18"/>
      </object_component>
      <object_component id="oc-1d7">
         <name>.debug_info</name>
         <load_address>0x11c37</load_address>
         <run_address>0x11c37</run_address>
         <size>0x258</size>
         <input_file_ref idref="fl-18"/>
      </object_component>
      <object_component id="oc-263">
         <name>.debug_info</name>
         <load_address>0x11e8f</load_address>
         <run_address>0x11e8f</run_address>
         <size>0x14f</size>
         <input_file_ref idref="fl-1a"/>
      </object_component>
      <object_component id="oc-25e">
         <name>.debug_info</name>
         <load_address>0x11fde</load_address>
         <run_address>0x11fde</run_address>
         <size>0x13d</size>
         <input_file_ref idref="fl-1d"/>
      </object_component>
      <object_component id="oc-1df">
         <name>.debug_info</name>
         <load_address>0x1211b</load_address>
         <run_address>0x1211b</run_address>
         <size>0x141</size>
         <input_file_ref idref="fl-1e"/>
      </object_component>
      <object_component id="oc-1e3">
         <name>.debug_info</name>
         <load_address>0x1225c</load_address>
         <run_address>0x1225c</run_address>
         <size>0x13d</size>
         <input_file_ref idref="fl-20"/>
      </object_component>
      <object_component id="oc-1d3">
         <name>.debug_info</name>
         <load_address>0x12399</load_address>
         <run_address>0x12399</run_address>
         <size>0x12f</size>
         <input_file_ref idref="fl-21"/>
      </object_component>
      <object_component id="oc-257">
         <name>.debug_info</name>
         <load_address>0x124c8</load_address>
         <run_address>0x124c8</run_address>
         <size>0x131</size>
         <input_file_ref idref="fl-22"/>
      </object_component>
      <object_component id="oc-ae">
         <name>.debug_info</name>
         <load_address>0x125f9</load_address>
         <run_address>0x125f9</run_address>
         <size>0x1f0</size>
         <input_file_ref idref="fl-26"/>
      </object_component>
      <object_component id="oc-75">
         <name>.debug_info</name>
         <load_address>0x127e9</load_address>
         <run_address>0x127e9</run_address>
         <size>0x1b5</size>
         <input_file_ref idref="fl-26"/>
      </object_component>
      <object_component id="oc-a9">
         <name>.debug_info</name>
         <load_address>0x1299e</load_address>
         <run_address>0x1299e</run_address>
         <size>0x46</size>
         <input_file_ref idref="fl-26"/>
      </object_component>
      <object_component id="oc-6d">
         <name>.debug_info</name>
         <load_address>0x129e4</load_address>
         <run_address>0x129e4</run_address>
         <size>0x17a</size>
         <input_file_ref idref="fl-27"/>
      </object_component>
      <object_component id="oc-2e">
         <name>.debug_info</name>
         <load_address>0x12b5e</load_address>
         <run_address>0x12b5e</run_address>
         <size>0x1ea</size>
         <input_file_ref idref="fl-27"/>
      </object_component>
      <object_component id="oc-68">
         <name>.debug_info</name>
         <load_address>0x12d48</load_address>
         <run_address>0x12d48</run_address>
         <size>0x46</size>
         <input_file_ref idref="fl-27"/>
      </object_component>
      <object_component id="oc-a1">
         <name>.debug_info</name>
         <load_address>0x12d8e</load_address>
         <run_address>0x12d8e</run_address>
         <size>0x2c</size>
         <input_file_ref idref="fl-27"/>
      </object_component>
      <object_component id="oc-9f">
         <name>.debug_info</name>
         <load_address>0x12dba</load_address>
         <run_address>0x12dba</run_address>
         <size>0x170</size>
         <input_file_ref idref="fl-28"/>
      </object_component>
      <object_component id="oc-2a">
         <name>.debug_info</name>
         <load_address>0x12f2a</load_address>
         <run_address>0x12f2a</run_address>
         <size>0x250</size>
         <input_file_ref idref="fl-28"/>
      </object_component>
      <object_component id="oc-58">
         <name>.debug_info</name>
         <load_address>0x1317a</load_address>
         <run_address>0x1317a</run_address>
         <size>0x60</size>
         <input_file_ref idref="fl-28"/>
      </object_component>
      <object_component id="oc-cd">
         <name>.debug_info</name>
         <load_address>0x131da</load_address>
         <run_address>0x131da</run_address>
         <size>0x46</size>
         <input_file_ref idref="fl-28"/>
      </object_component>
      <object_component id="oc-9a">
         <name>.debug_info</name>
         <load_address>0x13220</load_address>
         <run_address>0x13220</run_address>
         <size>0x39</size>
         <input_file_ref idref="fl-28"/>
      </object_component>
      <object_component id="oc-2c0">
         <name>.debug_info</name>
         <load_address>0x13259</load_address>
         <run_address>0x13259</run_address>
         <size>0x15b</size>
         <input_file_ref idref="fl-29"/>
      </object_component>
      <object_component id="oc-2bd">
         <name>.debug_info</name>
         <load_address>0x133b4</load_address>
         <run_address>0x133b4</run_address>
         <size>0x10e</size>
         <input_file_ref idref="fl-29"/>
      </object_component>
      <object_component id="oc-269">
         <name>.debug_info</name>
         <load_address>0x134c2</load_address>
         <run_address>0x134c2</run_address>
         <size>0x14e</size>
         <input_file_ref idref="fl-29"/>
      </object_component>
      <object_component id="oc-3a">
         <name>.debug_info</name>
         <load_address>0x13610</load_address>
         <run_address>0x13610</run_address>
         <size>0x10b</size>
         <input_file_ref idref="fl-2a"/>
      </object_component>
      <object_component id="oc-83">
         <name>.debug_info</name>
         <load_address>0x1371b</load_address>
         <run_address>0x1371b</run_address>
         <size>0x1af</size>
         <input_file_ref idref="fl-2a"/>
      </object_component>
      <object_component id="oc-142">
         <name>.debug_info</name>
         <load_address>0x138ca</load_address>
         <run_address>0x138ca</run_address>
         <size>0x122</size>
         <input_file_ref idref="fl-2b"/>
      </object_component>
      <object_component id="oc-64">
         <name>.debug_info</name>
         <load_address>0x139ec</load_address>
         <run_address>0x139ec</run_address>
         <size>0x11c</size>
         <input_file_ref idref="fl-31"/>
      </object_component>
      <object_component id="oc-b0">
         <name>.debug_info</name>
         <load_address>0x13b08</load_address>
         <run_address>0x13b08</run_address>
         <size>0x14a</size>
         <input_file_ref idref="fl-32"/>
      </object_component>
      <object_component id="oc-21f">
         <name>.debug_info</name>
         <load_address>0x13c52</load_address>
         <run_address>0x13c52</run_address>
         <size>0x424</size>
         <input_file_ref idref="fl-33"/>
      </object_component>
      <object_component id="oc-14e">
         <name>.debug_info</name>
         <load_address>0x14076</load_address>
         <run_address>0x14076</run_address>
         <size>0x1e0</size>
         <input_file_ref idref="fl-33"/>
      </object_component>
      <object_component id="oc-2a6">
         <name>.debug_info</name>
         <load_address>0x14256</load_address>
         <run_address>0x14256</run_address>
         <size>0x39</size>
         <input_file_ref idref="fl-33"/>
      </object_component>
      <object_component id="oc-2d4">
         <name>.debug_info</name>
         <load_address>0x1428f</load_address>
         <run_address>0x1428f</run_address>
         <size>0x39</size>
         <input_file_ref idref="fl-33"/>
      </object_component>
      <object_component id="oc-2ab">
         <name>.debug_info</name>
         <load_address>0x142c8</load_address>
         <run_address>0x142c8</run_address>
         <size>0x39</size>
         <input_file_ref idref="fl-33"/>
      </object_component>
      <object_component id="oc-2b0">
         <name>.debug_info</name>
         <load_address>0x14301</load_address>
         <run_address>0x14301</run_address>
         <size>0xcd</size>
         <input_file_ref idref="fl-33"/>
      </object_component>
      <object_component id="oc-b6">
         <name>.debug_info</name>
         <load_address>0x143ce</load_address>
         <run_address>0x143ce</run_address>
         <size>0x153</size>
         <input_file_ref idref="fl-34"/>
      </object_component>
      <object_component id="oc-336">
         <name>.debug_info</name>
         <load_address>0x14521</load_address>
         <run_address>0x14521</run_address>
         <size>0xe4</size>
      </object_component>
      <object_component id="oc-2ec">
         <name>.debug_line</name>
         <load_address>0x0</load_address>
         <run_address>0x0</run_address>
         <size>0x116</size>
         <input_file_ref idref="fl-2"/>
      </object_component>
      <object_component id="oc-288">
         <name>.debug_line</name>
         <load_address>0x116</load_address>
         <run_address>0x116</run_address>
         <size>0x69</size>
         <input_file_ref idref="fl-2"/>
      </object_component>
      <object_component id="oc-60">
         <name>.debug_line</name>
         <load_address>0x17f</load_address>
         <run_address>0x17f</run_address>
         <size>0x20</size>
         <input_file_ref idref="fl-2"/>
      </object_component>
      <object_component id="oc-2cd">
         <name>.debug_line</name>
         <load_address>0x19f</load_address>
         <run_address>0x19f</run_address>
         <size>0x6d</size>
         <input_file_ref idref="fl-2"/>
      </object_component>
      <object_component id="oc-28d">
         <name>.debug_line</name>
         <load_address>0x20c</load_address>
         <run_address>0x20c</run_address>
         <size>0x6a</size>
         <input_file_ref idref="fl-2"/>
      </object_component>
      <object_component id="oc-19c">
         <name>.debug_line</name>
         <load_address>0x276</load_address>
         <run_address>0x276</run_address>
         <size>0x67</size>
         <input_file_ref idref="fl-2"/>
      </object_component>
      <object_component id="oc-d7">
         <name>.debug_line</name>
         <load_address>0x2dd</load_address>
         <run_address>0x2dd</run_address>
         <size>0x65</size>
         <input_file_ref idref="fl-2"/>
      </object_component>
      <object_component id="oc-2e5">
         <name>.debug_line</name>
         <load_address>0x342</load_address>
         <run_address>0x342</run_address>
         <size>0x133</size>
         <input_file_ref idref="fl-3"/>
      </object_component>
      <object_component id="oc-27e">
         <name>.debug_line</name>
         <load_address>0x475</load_address>
         <run_address>0x475</run_address>
         <size>0x68</size>
         <input_file_ref idref="fl-3"/>
      </object_component>
      <object_component id="oc-2e9">
         <name>.debug_line</name>
         <load_address>0x4dd</load_address>
         <run_address>0x4dd</run_address>
         <size>0x38</size>
         <input_file_ref idref="fl-3"/>
      </object_component>
      <object_component id="oc-244">
         <name>.debug_line</name>
         <load_address>0x515</load_address>
         <run_address>0x515</run_address>
         <size>0x20</size>
         <input_file_ref idref="fl-4"/>
      </object_component>
      <object_component id="oc-e4">
         <name>.debug_line</name>
         <load_address>0x535</load_address>
         <run_address>0x535</run_address>
         <size>0x50</size>
         <input_file_ref idref="fl-4"/>
      </object_component>
      <object_component id="oc-99">
         <name>.debug_line</name>
         <load_address>0x585</load_address>
         <run_address>0x585</run_address>
         <size>0x34</size>
         <input_file_ref idref="fl-5"/>
      </object_component>
      <object_component id="oc-55">
         <name>.debug_line</name>
         <load_address>0x5b9</load_address>
         <run_address>0x5b9</run_address>
         <size>0x34</size>
         <input_file_ref idref="fl-5"/>
      </object_component>
      <object_component id="oc-3d">
         <name>.debug_line</name>
         <load_address>0x5ed</load_address>
         <run_address>0x5ed</run_address>
         <size>0x4c</size>
         <input_file_ref idref="fl-5"/>
      </object_component>
      <object_component id="oc-43">
         <name>.debug_line</name>
         <load_address>0x639</load_address>
         <run_address>0x639</run_address>
         <size>0x49</size>
         <input_file_ref idref="fl-5"/>
      </object_component>
      <object_component id="oc-4c">
         <name>.debug_line</name>
         <load_address>0x682</load_address>
         <run_address>0x682</run_address>
         <size>0x49</size>
         <input_file_ref idref="fl-5"/>
      </object_component>
      <object_component id="oc-52">
         <name>.debug_line</name>
         <load_address>0x6cb</load_address>
         <run_address>0x6cb</run_address>
         <size>0x49</size>
         <input_file_ref idref="fl-5"/>
      </object_component>
      <object_component id="oc-114">
         <name>.debug_line</name>
         <load_address>0x714</load_address>
         <run_address>0x714</run_address>
         <size>0x45</size>
         <input_file_ref idref="fl-6"/>
      </object_component>
      <object_component id="oc-108">
         <name>.debug_line</name>
         <load_address>0x759</load_address>
         <run_address>0x759</run_address>
         <size>0x58</size>
         <input_file_ref idref="fl-6"/>
      </object_component>
      <object_component id="oc-1bb">
         <name>.debug_line</name>
         <load_address>0x7b1</load_address>
         <run_address>0x7b1</run_address>
         <size>0x46</size>
         <input_file_ref idref="fl-6"/>
      </object_component>
      <object_component id="oc-1b5">
         <name>.debug_line</name>
         <load_address>0x7f7</load_address>
         <run_address>0x7f7</run_address>
         <size>0x47</size>
         <input_file_ref idref="fl-6"/>
      </object_component>
      <object_component id="oc-200">
         <name>.debug_line</name>
         <load_address>0x83e</load_address>
         <run_address>0x83e</run_address>
         <size>0x46</size>
         <input_file_ref idref="fl-6"/>
      </object_component>
      <object_component id="oc-10e">
         <name>.debug_line</name>
         <load_address>0x884</load_address>
         <run_address>0x884</run_address>
         <size>0x45</size>
         <input_file_ref idref="fl-6"/>
      </object_component>
      <object_component id="oc-1f3">
         <name>.debug_line</name>
         <load_address>0x8c9</load_address>
         <run_address>0x8c9</run_address>
         <size>0x49</size>
         <input_file_ref idref="fl-6"/>
      </object_component>
      <object_component id="oc-1f9">
         <name>.debug_line</name>
         <load_address>0x912</load_address>
         <run_address>0x912</run_address>
         <size>0x45</size>
         <input_file_ref idref="fl-6"/>
      </object_component>
      <object_component id="oc-27a">
         <name>.debug_line</name>
         <load_address>0x957</load_address>
         <run_address>0x957</run_address>
         <size>0x36c</size>
         <input_file_ref idref="fl-7"/>
      </object_component>
      <object_component id="oc-213">
         <name>.debug_line</name>
         <load_address>0xcc3</load_address>
         <run_address>0xcc3</run_address>
         <size>0x32</size>
         <input_file_ref idref="fl-7"/>
      </object_component>
      <object_component id="oc-293">
         <name>.debug_line</name>
         <load_address>0xcf5</load_address>
         <run_address>0xcf5</run_address>
         <size>0x32</size>
         <input_file_ref idref="fl-7"/>
      </object_component>
      <object_component id="oc-278">
         <name>.debug_line</name>
         <load_address>0xd27</load_address>
         <run_address>0xd27</run_address>
         <size>0x32</size>
         <input_file_ref idref="fl-7"/>
      </object_component>
      <object_component id="oc-210">
         <name>.debug_line</name>
         <load_address>0xd59</load_address>
         <run_address>0xd59</run_address>
         <size>0x32</size>
         <input_file_ref idref="fl-7"/>
      </object_component>
      <object_component id="oc-295">
         <name>.debug_line</name>
         <load_address>0xd8b</load_address>
         <run_address>0xd8b</run_address>
         <size>0x32</size>
         <input_file_ref idref="fl-7"/>
      </object_component>
      <object_component id="oc-130">
         <name>.debug_line</name>
         <load_address>0xdbd</load_address>
         <run_address>0xdbd</run_address>
         <size>0x78</size>
         <input_file_ref idref="fl-7"/>
      </object_component>
      <object_component id="oc-136">
         <name>.debug_line</name>
         <load_address>0xe35</load_address>
         <run_address>0xe35</run_address>
         <size>0x4b</size>
         <input_file_ref idref="fl-7"/>
      </object_component>
      <object_component id="oc-12a">
         <name>.debug_line</name>
         <load_address>0xe80</load_address>
         <run_address>0xe80</run_address>
         <size>0x4b</size>
         <input_file_ref idref="fl-7"/>
      </object_component>
      <object_component id="oc-1ca">
         <name>.debug_line</name>
         <load_address>0xecb</load_address>
         <run_address>0xecb</run_address>
         <size>0x50</size>
         <input_file_ref idref="fl-7"/>
      </object_component>
      <object_component id="oc-c0">
         <name>.debug_line</name>
         <load_address>0xf1b</load_address>
         <run_address>0xf1b</run_address>
         <size>0xb4</size>
         <input_file_ref idref="fl-7"/>
      </object_component>
      <object_component id="oc-1d0">
         <name>.debug_line</name>
         <load_address>0xfcf</load_address>
         <run_address>0xfcf</run_address>
         <size>0x58</size>
         <input_file_ref idref="fl-7"/>
      </object_component>
      <object_component id="oc-1eb">
         <name>.debug_line</name>
         <load_address>0x1027</load_address>
         <run_address>0x1027</run_address>
         <size>0x7e</size>
         <input_file_ref idref="fl-7"/>
      </object_component>
      <object_component id="oc-124">
         <name>.debug_line</name>
         <load_address>0x10a5</load_address>
         <run_address>0x10a5</run_address>
         <size>0x65</size>
         <input_file_ref idref="fl-7"/>
      </object_component>
      <object_component id="oc-283">
         <name>.debug_line</name>
         <load_address>0x110a</load_address>
         <run_address>0x110a</run_address>
         <size>0x32</size>
         <input_file_ref idref="fl-7"/>
      </object_component>
      <object_component id="oc-ea">
         <name>.debug_line</name>
         <load_address>0x113c</load_address>
         <run_address>0x113c</run_address>
         <size>0x93</size>
         <input_file_ref idref="fl-d"/>
      </object_component>
      <object_component id="oc-248">
         <name>.debug_line</name>
         <load_address>0x11cf</load_address>
         <run_address>0x11cf</run_address>
         <size>0x6e</size>
         <input_file_ref idref="fl-e"/>
      </object_component>
      <object_component id="oc-246">
         <name>.debug_line</name>
         <load_address>0x123d</load_address>
         <run_address>0x123d</run_address>
         <size>0x69</size>
         <input_file_ref idref="fl-e"/>
      </object_component>
      <object_component id="oc-f3">
         <name>.debug_line</name>
         <load_address>0x12a6</load_address>
         <run_address>0x12a6</run_address>
         <size>0x447</size>
         <input_file_ref idref="fl-e"/>
      </object_component>
      <object_component id="oc-250">
         <name>.debug_line</name>
         <load_address>0x16ed</load_address>
         <run_address>0x16ed</run_address>
         <size>0xb6</size>
         <input_file_ref idref="fl-10"/>
      </object_component>
      <object_component id="oc-24e">
         <name>.debug_line</name>
         <load_address>0x17a3</load_address>
         <run_address>0x17a3</run_address>
         <size>0x6e</size>
         <input_file_ref idref="fl-10"/>
      </object_component>
      <object_component id="oc-24c">
         <name>.debug_line</name>
         <load_address>0x1811</load_address>
         <run_address>0x1811</run_address>
         <size>0x6e</size>
         <input_file_ref idref="fl-10"/>
      </object_component>
      <object_component id="oc-24a">
         <name>.debug_line</name>
         <load_address>0x187f</load_address>
         <run_address>0x187f</run_address>
         <size>0x6e</size>
         <input_file_ref idref="fl-10"/>
      </object_component>
      <object_component id="oc-105">
         <name>.debug_line</name>
         <load_address>0x18ed</load_address>
         <run_address>0x18ed</run_address>
         <size>0x2e8</size>
         <input_file_ref idref="fl-10"/>
      </object_component>
      <object_component id="oc-ff">
         <name>.debug_line</name>
         <load_address>0x1bd5</load_address>
         <run_address>0x1bd5</run_address>
         <size>0x161</size>
         <input_file_ref idref="fl-11"/>
      </object_component>
      <object_component id="oc-fa">
         <name>.debug_line</name>
         <load_address>0x1d36</load_address>
         <run_address>0x1d36</run_address>
         <size>0x89</size>
         <input_file_ref idref="fl-12"/>
      </object_component>
      <object_component id="oc-242">
         <name>.debug_line</name>
         <load_address>0x1dbf</load_address>
         <run_address>0x1dbf</run_address>
         <size>0x100</size>
         <input_file_ref idref="fl-13"/>
      </object_component>
      <object_component id="oc-23a">
         <name>.debug_line</name>
         <load_address>0x1ebf</load_address>
         <run_address>0x1ebf</run_address>
         <size>0x6b</size>
         <input_file_ref idref="fl-13"/>
      </object_component>
      <object_component id="oc-237">
         <name>.debug_line</name>
         <load_address>0x1f2a</load_address>
         <run_address>0x1f2a</run_address>
         <size>0x6b</size>
         <input_file_ref idref="fl-13"/>
      </object_component>
      <object_component id="oc-23c">
         <name>.debug_line</name>
         <load_address>0x1f95</load_address>
         <run_address>0x1f95</run_address>
         <size>0x6b</size>
         <input_file_ref idref="fl-13"/>
      </object_component>
      <object_component id="oc-235">
         <name>.debug_line</name>
         <load_address>0x2000</load_address>
         <run_address>0x2000</run_address>
         <size>0x6b</size>
         <input_file_ref idref="fl-13"/>
      </object_component>
      <object_component id="oc-23e">
         <name>.debug_line</name>
         <load_address>0x206b</load_address>
         <run_address>0x206b</run_address>
         <size>0x6b</size>
         <input_file_ref idref="fl-13"/>
      </object_component>
      <object_component id="oc-e1">
         <name>.debug_line</name>
         <load_address>0x20d6</load_address>
         <run_address>0x20d6</run_address>
         <size>0x734</size>
         <input_file_ref idref="fl-13"/>
      </object_component>
      <object_component id="oc-254">
         <name>.debug_line</name>
         <load_address>0x280a</load_address>
         <run_address>0x280a</run_address>
         <size>0x6e</size>
         <input_file_ref idref="fl-14"/>
      </object_component>
      <object_component id="oc-11a">
         <name>.debug_line</name>
         <load_address>0x2878</load_address>
         <run_address>0x2878</run_address>
         <size>0x367</size>
         <input_file_ref idref="fl-14"/>
      </object_component>
      <object_component id="oc-2b8">
         <name>.debug_line</name>
         <load_address>0x2bdf</load_address>
         <run_address>0x2bdf</run_address>
         <size>0x6e</size>
         <input_file_ref idref="fl-15"/>
      </object_component>
      <object_component id="oc-196">
         <name>.debug_line</name>
         <load_address>0x2c4d</load_address>
         <run_address>0x2c4d</run_address>
         <size>0x233</size>
         <input_file_ref idref="fl-15"/>
      </object_component>
      <object_component id="oc-187">
         <name>.debug_line</name>
         <load_address>0x2e80</load_address>
         <run_address>0x2e80</run_address>
         <size>0x104</size>
         <input_file_ref idref="fl-16"/>
      </object_component>
      <object_component id="oc-2c4">
         <name>.debug_line</name>
         <load_address>0x2f84</load_address>
         <run_address>0x2f84</run_address>
         <size>0x9d</size>
         <input_file_ref idref="fl-17"/>
      </object_component>
      <object_component id="oc-271">
         <name>.debug_line</name>
         <load_address>0x3021</load_address>
         <run_address>0x3021</run_address>
         <size>0x9a</size>
         <input_file_ref idref="fl-17"/>
      </object_component>
      <object_component id="oc-2c7">
         <name>.debug_line</name>
         <load_address>0x30bb</load_address>
         <run_address>0x30bb</run_address>
         <size>0x94</size>
         <input_file_ref idref="fl-18"/>
      </object_component>
      <object_component id="oc-1da">
         <name>.debug_line</name>
         <load_address>0x314f</load_address>
         <run_address>0x314f</run_address>
         <size>0x133</size>
         <input_file_ref idref="fl-18"/>
      </object_component>
      <object_component id="oc-266">
         <name>.debug_line</name>
         <load_address>0x3282</load_address>
         <run_address>0x3282</run_address>
         <size>0xd2</size>
         <input_file_ref idref="fl-1a"/>
      </object_component>
      <object_component id="oc-261">
         <name>.debug_line</name>
         <load_address>0x3354</load_address>
         <run_address>0x3354</run_address>
         <size>0x8e</size>
         <input_file_ref idref="fl-1d"/>
      </object_component>
      <object_component id="oc-1dd">
         <name>.debug_line</name>
         <load_address>0x33e2</load_address>
         <run_address>0x33e2</run_address>
         <size>0x67</size>
         <input_file_ref idref="fl-1e"/>
      </object_component>
      <object_component id="oc-1e2">
         <name>.debug_line</name>
         <load_address>0x3449</load_address>
         <run_address>0x3449</run_address>
         <size>0x6e</size>
         <input_file_ref idref="fl-20"/>
      </object_component>
      <object_component id="oc-1d5">
         <name>.debug_line</name>
         <load_address>0x34b7</load_address>
         <run_address>0x34b7</run_address>
         <size>0x57</size>
         <input_file_ref idref="fl-21"/>
      </object_component>
      <object_component id="oc-25a">
         <name>.debug_line</name>
         <load_address>0x350e</load_address>
         <run_address>0x350e</run_address>
         <size>0x54</size>
         <input_file_ref idref="fl-22"/>
      </object_component>
      <object_component id="oc-da">
         <name>.debug_line</name>
         <load_address>0x3562</load_address>
         <run_address>0x3562</run_address>
         <size>0xa9</size>
         <input_file_ref idref="fl-26"/>
      </object_component>
      <object_component id="oc-78">
         <name>.debug_line</name>
         <load_address>0x360b</load_address>
         <run_address>0x360b</run_address>
         <size>0x4f</size>
         <input_file_ref idref="fl-26"/>
      </object_component>
      <object_component id="oc-ac">
         <name>.debug_line</name>
         <load_address>0x365a</load_address>
         <run_address>0x365a</run_address>
         <size>0x34</size>
         <input_file_ref idref="fl-26"/>
      </object_component>
      <object_component id="oc-a7">
         <name>.debug_line</name>
         <load_address>0x368e</load_address>
         <run_address>0x368e</run_address>
         <size>0x20</size>
         <input_file_ref idref="fl-27"/>
      </object_component>
      <object_component id="oc-31">
         <name>.debug_line</name>
         <load_address>0x36ae</load_address>
         <run_address>0x36ae</run_address>
         <size>0x55</size>
         <input_file_ref idref="fl-27"/>
      </object_component>
      <object_component id="oc-6b">
         <name>.debug_line</name>
         <load_address>0x3703</load_address>
         <run_address>0x3703</run_address>
         <size>0x3a</size>
         <input_file_ref idref="fl-27"/>
      </object_component>
      <object_component id="oc-a4">
         <name>.debug_line</name>
         <load_address>0x373d</load_address>
         <run_address>0x373d</run_address>
         <size>0x95</size>
         <input_file_ref idref="fl-27"/>
      </object_component>
      <object_component id="oc-d3">
         <name>.debug_line</name>
         <load_address>0x37d2</load_address>
         <run_address>0x37d2</run_address>
         <size>0x20</size>
         <input_file_ref idref="fl-28"/>
      </object_component>
      <object_component id="oc-29">
         <name>.debug_line</name>
         <load_address>0x37f2</load_address>
         <run_address>0x37f2</run_address>
         <size>0xa9</size>
         <input_file_ref idref="fl-28"/>
      </object_component>
      <object_component id="oc-5b">
         <name>.debug_line</name>
         <load_address>0x389b</load_address>
         <run_address>0x389b</run_address>
         <size>0x3a</size>
         <input_file_ref idref="fl-28"/>
      </object_component>
      <object_component id="oc-d0">
         <name>.debug_line</name>
         <load_address>0x38d5</load_address>
         <run_address>0x38d5</run_address>
         <size>0x9d</size>
         <input_file_ref idref="fl-28"/>
      </object_component>
      <object_component id="oc-9d">
         <name>.debug_line</name>
         <load_address>0x3972</load_address>
         <run_address>0x3972</run_address>
         <size>0x99</size>
         <input_file_ref idref="fl-28"/>
      </object_component>
      <object_component id="oc-2e3">
         <name>.debug_line</name>
         <load_address>0x3a0b</load_address>
         <run_address>0x3a0b</run_address>
         <size>0x20</size>
         <input_file_ref idref="fl-29"/>
      </object_component>
      <object_component id="oc-2e1">
         <name>.debug_line</name>
         <load_address>0x3a2b</load_address>
         <run_address>0x3a2b</run_address>
         <size>0x2b</size>
         <input_file_ref idref="fl-29"/>
      </object_component>
      <object_component id="oc-26c">
         <name>.debug_line</name>
         <load_address>0x3a56</load_address>
         <run_address>0x3a56</run_address>
         <size>0x40</size>
         <input_file_ref idref="fl-29"/>
      </object_component>
      <object_component id="oc-93">
         <name>.debug_line</name>
         <load_address>0x3a96</load_address>
         <run_address>0x3a96</run_address>
         <size>0x33</size>
         <input_file_ref idref="fl-2a"/>
      </object_component>
[...]
      <symbol id="sm-430">
         <name>SysCtlPeripheralPresent</name>
         <value>0x20433d</value>
         <object_component_ref idref="oc-dd"/>
      </symbol>
      <symbol id="sm-431">
         <name>SysCtlPowerOffPLL</name>
         <value>0x2041ff</value>
         <object_component_ref idref="oc-dd"/>
      </symbol>
      <symbol id="sm-432">
         <name>SysCtlPeripheralClockGating</name>
         <value>0x204451</value>
         <object_component_ref idref="oc-dd"/>
      </symbol>
      <symbol id="sm-433">
         <name>SysCtlXPllClockDividerSet</name>
         <value>0x204001</value>
         <object_component_ref idref="oc-dd"/>
      </symbol>
      <symbol id="sm-434">
         <name>SysCtlEnableAERRNMI</name>
         <value>0x2045c5</value>
         <object_component_ref idref="oc-dd"/>
      </symbol>
      <symbol id="sm-435">
         <name>SysCtlResetCauseGet</name>
         <value>0x2041c5</value>
         <object_component_ref idref="oc-dd"/>
      </symbol>
      <symbol id="sm-436">
         <name>SysCtlClockConfigSet</name>
         <value>0x2048f7</value>
         <object_component_ref idref="oc-dd"/>
      </symbol>
      <symbol id="sm-437">
         <name>SysCtlDelay</name>
         <value>0x2066dd</value>
         <object_component_ref idref="oc-17c"/>
      </symbol>
      <symbol id="sm-438">
         <name>SysCtlPeripheralEnable</name>
         <value>0x2043a9</value>
         <object_component_ref idref="oc-dd"/>
      </symbol>
      <symbol id="sm-439">
         <name>SysCtlUSBPLLConfigGet</name>
         <value>0x20414f</value>
         <object_component_ref idref="oc-dd"/>
      </symbol>
      <symbol id="sm-43a">
         <name>SysCtlDeepSleep</name>
         <value>0x2045dd</value>
         <object_component_ref idref="oc-dd"/>
      </symbol>
      <symbol id="sm-43b">
         <name>SysCtlClockPllConfig</name>
         <value>0x20477d</value>
         <object_component_ref idref="oc-dd"/>
      </symbol>
      <symbol id="sm-43c">
         <name>SysCtlPeripheralDeepSleepDisable</name>
         <value>0x204429</value>
         <object_component_ref idref="oc-dd"/>
      </symbol>
      <symbol id="sm-43d">
         <name>SysCtlMclkDetectionEnDisStatus</name>
         <value>0x2044c9</value>
         <object_component_ref idref="oc-dd"/>
      </symbol>
      <symbol id="sm-43e">
         <name>SysCtlPeripheralSleepDisable</name>
         <value>0x204241</value>
         <object_component_ref idref="oc-dd"/>
      </symbol>
      <symbol id="sm-43f">
         <name>SysCtlReset</name>
         <value>0x2041d7</value>
         <object_component_ref idref="oc-dd"/>
      </symbol>
      <symbol id="sm-440">
         <name>SysCtlGPIOAHBDisable</name>
         <value>0x204565</value>
         <object_component_ref idref="oc-dd"/>
      </symbol>
      <symbol id="sm-441">
         <name>SysCtlSRAMSizeGet</name>
         <value>0x2041a5</value>
         <object_component_ref idref="oc-dd"/>
      </symbol>
      <symbol id="sm-442">
         <name>SysCtlClockGet</name>
         <value>0x2048a5</value>
         <object_component_ref idref="oc-dd"/>
      </symbol>
      <symbol id="sm-443">
         <name>SysCtlMclkDetectionEnDis</name>
         <value>0x2044d3</value>
         <object_component_ref idref="oc-dd"/>
      </symbol>
      <symbol id="sm-444">
         <name>SysCtlPeripheralDisable</name>
         <value>0x2043d5</value>
         <object_component_ref idref="oc-dd"/>
      </symbol>
      <symbol id="sm-445">
         <name>SysCtlGetNmiConfig</name>
         <value>0x204539</value>
         <object_component_ref idref="oc-dd"/>
      </symbol>
      <symbol id="sm-446">
         <name>SysCtlClockConfigGet</name>
         <value>0x2045f7</value>
         <object_component_ref idref="oc-dd"/>
      </symbol>
      <symbol id="sm-447">
         <name>SysCtlPeripheralIsEnabled</name>
         <value>0x20438b</value>
         <object_component_ref idref="oc-dd"/>
      </symbol>
      <symbol id="sm-448">
         <name>SysCtlNmiIsSet</name>
         <value>0x204475</value>
         <object_component_ref idref="oc-dd"/>
      </symbol>
      <symbol id="sm-449">
         <name>SysCtlReleaseSubSystemFromReset</name>
         <value>0x2041df</value>
         <object_component_ref idref="oc-dd"/>
      </symbol>
      <symbol id="sm-44a">
         <name>SysCtlGetNmiFlagStatus</name>
         <value>0x204487</value>
         <object_component_ref idref="oc-dd"/>
      </symbol>
      <symbol id="sm-44b">
         <name>SysCtlUSBPLLEnable</name>
         <value>0x204073</value>
         <object_component_ref idref="oc-dd"/>
      </symbol>
      <symbol id="sm-44c">
         <name>SysCtlPeripheralSleepEnable</name>
         <value>0x204219</value>
         <object_component_ref idref="oc-dd"/>
      </symbol>
      <symbol id="sm-44d">
         <name>SysCtlGetNmiInterruptStatus</name>
         <value>0x20452d</value>
         <object_component_ref idref="oc-dd"/>
      </symbol>
      <symbol id="sm-44e">
         <name>SysCtlUSBPLLDisable</name>
         <value>0x2040a5</value>
         <object_component_ref idref="oc-dd"/>
      </symbol>
      <symbol id="sm-44f">
         <name>SysCtlC28Disable</name>
         <value>0x204949</value>
         <object_component_ref idref="oc-dd"/>
      </symbol>
      <symbol id="sm-450">
         <name>SysCtlNmiFlgClrAll</name>
         <value>0x20448f</value>
         <object_component_ref idref="oc-dd"/>
      </symbol>
      <symbol id="sm-451">
         <name>SysCtlResetCauseClear</name>
         <value>0x2041cb</value>
         <object_component_ref idref="oc-dd"/>
      </symbol>
      <symbol id="sm-452">
         <name>SysCtlClockDividersSet</name>
         <value>0x204661</value>
         <object_component_ref idref="oc-dd"/>
      </symbol>
      <symbol id="sm-453">
         <name>SysCtlSubSystemReset</name>
         <value>0x20416d</value>
         <object_component_ref idref="oc-dd"/>
      </symbol>
      <symbol id="sm-454">
         <name>SysCtlPeripheralReset</name>
         <value>0x204269</value>
         <object_component_ref idref="oc-dd"/>
      </symbol>
      <symbol id="sm-455">
         <name>SysCtlHoldSubSystemInReset</name>
         <value>0x204509</value>
         <object_component_ref idref="oc-dd"/>
      </symbol>
      <symbol id="sm-456">
         <name>SysCtlC28Enable</name>
         <value>0x20492b</value>
         <object_component_ref idref="oc-dd"/>
      </symbol>
      <symbol id="sm-4ab">
         <name>TimerMatchSet</name>
         <value>0x2054a9</value>
         <object_component_ref idref="oc-119"/>
      </symbol>
      <symbol id="sm-4ac">
         <name>TimerLoadSet</name>
         <value>0x2054c7</value>
         <object_component_ref idref="oc-119"/>
      </symbol>
      <symbol id="sm-4ad">
         <name>TimerPrescaleMatchGet</name>
         <value>0x205491</value>
         <object_component_ref idref="oc-119"/>
      </symbol>
      <symbol id="sm-4ae">
         <name>TimerControlLevel</name>
         <value>0x205629</value>
         <object_component_ref idref="oc-119"/>
      </symbol>
      <symbol id="sm-4af">
         <name>TimerPrescaleGet</name>
         <value>0x20549d</value>
         <object_component_ref idref="oc-119"/>
      </symbol>
      <symbol id="sm-4b0">
         <name>TimerDisable</name>
         <value>0x2055b1</value>
         <object_component_ref idref="oc-119"/>
      </symbol>
      <symbol id="sm-4b1">
         <name>TimerIntRegister</name>
         <value>0x20553b</value>
         <object_component_ref idref="oc-119"/>
      </symbol>
      <symbol id="sm-4b2">
         <name>TimerEnable</name>
         <value>0x2055a3</value>
         <object_component_ref idref="oc-119"/>
      </symbol>
      <symbol id="sm-4b3">
         <name>TimerIntUnregister</name>
         <value>0x2054e5</value>
         <object_component_ref idref="oc-119"/>
      </symbol>
      <symbol id="sm-4b4">
         <name>TimerMatchGet</name>
         <value>0x2054bb</value>
         <object_component_ref idref="oc-119"/>
      </symbol>
      <symbol id="sm-4b5">
         <name>TimerIntStatus</name>
         <value>0x205531</value>
         <object_component_ref idref="oc-119"/>
      </symbol>
      <symbol id="sm-4b6">
         <name>TimerIntDisable</name>
         <value>0x205595</value>
         <object_component_ref idref="oc-119"/>
      </symbol>
      <symbol id="sm-4b7">
         <name>TimerValueGet</name>
         <value>0x20544d</value>
         <object_component_ref idref="oc-119"/>
      </symbol>
      <symbol id="sm-4b8">
         <name>TimerControlTrigger</name>
         <value>0x2055fd</value>
         <object_component_ref idref="oc-119"/>
      </symbol>
      <symbol id="sm-4b9">
         <name>TimerPrescaleSet</name>
         <value>0x20546d</value>
         <object_component_ref idref="oc-119"/>
      </symbol>
      <symbol id="sm-4ba">
         <name>TimerControlStall</name>
         <value>0x205613</value>
         <object_component_ref idref="oc-119"/>
      </symbol>
      <symbol id="sm-4bb">
         <name>TimerRTCEnable</name>
         <value>0x205459</value>
         <object_component_ref idref="oc-119"/>
      </symbol>
      <symbol id="sm-4bc">
         <name>TimerLoadGet</name>
         <value>0x2054d9</value>
         <object_component_ref idref="oc-119"/>
      </symbol>
      <symbol id="sm-4bd">
         <name>TimerIntEnable</name>
         <value>0x20558d</value>
         <object_component_ref idref="oc-119"/>
      </symbol>
      <symbol id="sm-4be">
         <name>TimerRTCDisable</name>
         <value>0x205463</value>
         <object_component_ref idref="oc-119"/>
      </symbol>
      <symbol id="sm-4bf">
         <name>TimerPrescaleMatchSet</name>
         <value>0x20547f</value>
         <object_component_ref idref="oc-119"/>
      </symbol>
      <symbol id="sm-4c0">
         <name>TimerControlWaitOnTrigger</name>
         <value>0x2055c5</value>
         <object_component_ref idref="oc-119"/>
      </symbol>
      <symbol id="sm-4c1">
         <name>TimerConfigure</name>
         <value>0x205653</value>
         <object_component_ref idref="oc-119"/>
      </symbol>
      <symbol id="sm-4c2">
         <name>TimerControlEvent</name>
         <value>0x20563f</value>
         <object_component_ref idref="oc-119"/>
      </symbol>
      <symbol id="sm-4c3">
         <name>TimerIntClear</name>
         <value>0x20559f</value>
         <object_component_ref idref="oc-119"/>
      </symbol>
      <symbol id="sm-4e5">
         <name>WatchdogIntClear</name>
         <value>0x206073</value>
         <object_component_ref idref="oc-192"/>
      </symbol>
      <symbol id="sm-4e6">
         <name>WatchdogUnlock</name>
         <value>0x205fe1</value>
         <object_component_ref idref="oc-192"/>
      </symbol>
      <symbol id="sm-4e7">
         <name>WatchdogRunning</name>
         <value>0x206005</value>
         <object_component_ref idref="oc-192"/>
      </symbol>
      <symbol id="sm-4e8">
         <name>WatchdogStallDisable</name>
         <value>0x205ff7</value>
         <object_component_ref idref="oc-192"/>
      </symbol>
      <symbol id="sm-4e9">
         <name>WatchdogStallEnable</name>
         <value>0x205fe9</value>
         <object_component_ref idref="oc-192"/>
      </symbol>
      <symbol id="sm-4ea">
         <name>WatchdogResetDisable</name>
         <value>0x206017</value>
         <object_component_ref idref="oc-192"/>
      </symbol>
      <symbol id="sm-4eb">
         <name>WatchdogLockState</name>
         <value>0x206029</value>
         <object_component_ref idref="oc-192"/>
      </symbol>
      <symbol id="sm-4ec">
         <name>WatchdogReloadSet</name>
         <value>0x206021</value>
         <object_component_ref idref="oc-192"/>
      </symbol>
      <symbol id="sm-4ed">
         <name>WatchdogResetEnable</name>
         <value>0x20600d</value>
         <object_component_ref idref="oc-192"/>
      </symbol>
      <symbol id="sm-4ee">
         <name>WatchdogEnable</name>
         <value>0x206079</value>
         <object_component_ref idref="oc-192"/>
      </symbol>
      <symbol id="sm-4ef">
         <name>WatchdogIntRegister</name>
         <value>0x206059</value>
         <object_component_ref idref="oc-192"/>
      </symbol>
      <symbol id="sm-4f0">
         <name>WatchdogReloadGet</name>
         <value>0x206025</value>
         <object_component_ref idref="oc-192"/>
      </symbol>
      <symbol id="sm-4f1">
         <name>WatchdogValueGet</name>
         <value>0x205fdd</value>
         <object_component_ref idref="oc-192"/>
      </symbol>
      <symbol id="sm-4f2">
         <name>WatchdogIntStatus</name>
         <value>0x20604f</value>
         <object_component_ref idref="oc-192"/>
      </symbol>
      <symbol id="sm-4f3">
         <name>WatchdogIntEnable</name>
         <value>0x206069</value>
         <object_component_ref idref="oc-192"/>
      </symbol>
      <symbol id="sm-4f4">
         <name>WatchdogLock</name>
         <value>0x206037</value>
         <object_component_ref idref="oc-192"/>
      </symbol>
      <symbol id="sm-4f5">
         <name>WatchdogIntUnregister</name>
         <value>0x20603f</value>
         <object_component_ref idref="oc-192"/>
      </symbol>
      <symbol id="sm-504">
         <name>CPUbasepriGet</name>
         <value>0x2064d9</value>
         <object_component_ref idref="oc-183"/>
      </symbol>
      <symbol id="sm-505">
         <name>CPUbasepriSet</name>
         <value>0x2064d3</value>
         <object_component_ref idref="oc-183"/>
      </symbol>
      <symbol id="sm-506">
         <name>CPUprimask</name>
         <value>0x2064b1</value>
         <object_component_ref idref="oc-183"/>
      </symbol>
      <symbol id="sm-507">
         <name>CPUcpsie</name>
         <value>0x2064bb</value>
         <object_component_ref idref="oc-183"/>
      </symbol>
      <symbol id="sm-508">
         <name>CPUcpsid</name>
         <value>0x2064c7</value>
         <object_component_ref idref="oc-183"/>
      </symbol>
      <symbol id="sm-509">
         <name>CPUwfi</name>
         <value>0x2064ad</value>
         <object_component_ref idref="oc-183"/>
      </symbol>
      <symbol id="sm-536">
         <name>sqrtl</name>
         <value>0x205b71</value>
         <object_component_ref idref="oc-1d6"/>
      </symbol>
      <symbol id="sm-537">
         <name>sqrt</name>
         <value>0x205b71</value>
         <object_component_ref idref="oc-1d6"/>
      </symbol>
      <symbol id="sm-54f">
         <name>__aeabi_dsub</name>
         <value>0x205841</value>
         <object_component_ref idref="oc-262"/>
      </symbol>
      <symbol id="sm-550">
         <name>__aeabi_dadd</name>
         <value>0x20584b</value>
         <object_component_ref idref="oc-262"/>
      </symbol>
      <symbol id="sm-55d">
         <name>__aeabi_dmul</name>
         <value>0x205df9</value>
         <object_component_ref idref="oc-25d"/>
      </symbol>
      <symbol id="sm-569">
         <name>__aeabi_d2f</name>
         <value>0x206323</value>
         <object_component_ref idref="oc-1dc"/>
      </symbol>
      <symbol id="sm-574">
         <name>__aeabi_fmul</name>
         <value>0x2061b9</value>
         <object_component_ref idref="oc-1e1"/>
      </symbol>
      <symbol id="sm-57f">
         <name>__aeabi_f2d</name>
         <value>0x20643d</value>
         <object_component_ref idref="oc-1d1"/>
      </symbol>
      <symbol id="sm-589">
         <name>__aeabi_f2iz</name>
         <value>0x206475</value>
         <object_component_ref idref="oc-256"/>
      </symbol>
      <symbol id="sm-59e">
         <name>__TI_zero_init</name>
         <value>0x2066c9</value>
         <object_component_ref idref="oc-74"/>
      </symbol>
      <symbol id="sm-5b5">
         <name>__TI_decompress_none</name>
         <value>0x2066bb</value>
         <object_component_ref idref="oc-2d"/>
      </symbol>
      <symbol id="sm-5d8">
         <name>__TI_decompress_lzss</name>
         <value>0x206391</value>
         <object_component_ref idref="oc-27"/>
      </symbol>
      <symbol id="sm-5ee">
         <name>__aeabi_errno_addr</name>
         <value>0x2066d5</value>
         <object_component_ref idref="oc-267"/>
      </symbol>
      <symbol id="sm-5ef">
         <name>errno</name>
         <value>0x200051ec</value>
         <object_component_ref idref="oc-2bc"/>
      </symbol>
      <symbol id="sm-601">
         <name>__stack</name>
         <value>0x20000068</value>
         <object_component_ref idref="oc-39"/>
      </symbol>
      <symbol id="sm-602">
         <name>_c_int00_noargs</name>
         <value>0x2065d5</value>
         <object_component_ref idref="oc-80"/>
      </symbol>
      <symbol id="sm-60d">
         <name>C$$EXIT</name>
         <value>0x2066e7</value>
         <object_component_ref idref="oc-13e"/>
      </symbol>
      <symbol id="sm-60e">
         <name>abort</name>
         <value>0x2066e7</value>
         <object_component_ref idref="oc-13e"/>
      </symbol>
      <symbol id="sm-62e">
         <name>memcpy</name>
         <value>0x206089</value>
         <object_component_ref idref="oc-62"/>
      </symbol>
      <symbol id="sm-62f">
         <name>__aeabi_memcpy</name>
         <value>0x206089</value>
         <object_component_ref idref="oc-62"/>
      </symbol>
      <symbol id="sm-630">
         <name>__aeabi_memcpy8</name>
         <value>0x206089</value>
         <object_component_ref idref="oc-62"/>
      </symbol>
      <symbol id="sm-631">
         <name>__aeabi_memcpy4</name>
         <value>0x206089</value>
         <object_component_ref idref="oc-62"/>
      </symbol>
      <symbol id="sm-640">
         <name>__aeabi_memset</name>
         <value>0x206235</value>
         <object_component_ref idref="oc-af"/>
      </symbol>
      <symbol id="sm-641">
         <name>memset</name>
         <value>0x20623b</value>
         <object_component_ref idref="oc-af"/>
      </symbol>
      <symbol id="sm-642">
         <name>__aeabi_memset8</name>
         <value>0x206235</value>
         <object_component_ref idref="oc-af"/>
      </symbol>
      <symbol id="sm-643">
         <name>__aeabi_memset4</name>
         <value>0x206235</value>
         <object_component_ref idref="oc-af"/>
      </symbol>
      <symbol id="sm-644">
         <name>__aeabi_memclr8</name>
         <value>0x206233</value>
         <object_component_ref idref="oc-af"/>
      </symbol>
      <symbol id="sm-645">
         <name>__aeabi_memclr4</name>
         <value>0x206233</value>
         <object_component_ref idref="oc-af"/>
      </symbol>
      <symbol id="sm-646">
         <name>__aeabi_memclr</name>
         <value>0x206233</value>
         <object_component_ref idref="oc-af"/>
      </symbol>
      <symbol id="sm-66e">
         <name>__TI_auto_init_nobinit_nopinit</name>
         <value>0x2063f9</value>
         <object_component_ref idref="oc-14a"/>
      </symbol>
      <symbol id="sm-678">
         <name>_system_pre_init</name>
         <value>0x2066e3</value>
         <object_component_ref idref="oc-b5"/>
      </symbol>
      <symbol id="sm-67a">
         <name>__TI_static_base__</name>
         <value>0x206810</value>
      </symbol>
      <symbol id="sm-67f">
         <name>__mpu_init</name>
         <value>0x0</value>
      </symbol>
      <symbol id="sm-680">
         <name>_system_post_cinit</name>
         <value>0x0</value>
      </symbol>
      <symbol id="sm-681">
         <name>IntPriorityMaskSet</name>
         <value>0x2064d3</value>
      </symbol>
      <symbol id="sm-682">
         <name>IntPriorityMaskGet</name>
         <value>0x2064d9</value>
      </symbol>
      <symbol id="sm-683">
         <name>SysCtlSleep</name>
         <value>0x2064ad</value>
      </symbol>
   </symbol_table>
   <title>Link successful</title>
</link_info>
