******************************************************************************
                  TI ARM Linker PC v18.1.2                     
******************************************************************************
>> Linked Thu Jun 20 18:22:41 2019

OUTPUT FILE NAME:   <uart_echo_m3.out>
ENTRY POINT SYMBOL: "_c_int00_noargs"  address: 002069b9


MEMORY CONFIGURATION

         name            origin    length      used     unused   attr    fill
----------------------  --------  ---------  --------  --------  ----  --------
  CSM_ECSL_Z1           00200000   00000024  00000000  00000024  RWIX
  CSM_RSVD_Z1           00200024   0000000c  00000000  0000000c  RWIX
  RESETISR              00200030   00000008  00000006  00000002  R  X
  INTVECS               00201000   000001b0  000001b0  00000000  R  X
  FLASHLOAD             00201200   00002e00  00000068  00002d98  R  X
  FLASH                 00204000   0007bfd0  00002c9c  00079334  R  X
  CSM_RSVD_Z2           0027ffd0   0000000c  00000000  0000000c  RWIX
  CSM_ECSL_Z2           0027ffdc   00000024  00000000  00000024  RWIX
  C0                    20000000   00002000  00000318  00001ce8  RW X
  C1                    20002000   00002000  00000000  00002000  RW X
  BOOT_RSVD             20004000   00000ff8  00000000  00000ff8  R  X
  C2                    200051b0   00000e50  00000189  00000cc7  RW X
  C3                    20006000   00002000  00000000  00002000  RW X
  S0                    20008000   00002000  00000000  00002000  RW X
  S1                    2000a000   00002000  00000000  00002000  RW X
  S2                    2000c000   00002000  00002000  00000000  RW X
  S3                    2000e000   00002000  00000030  00001fd0  RW X
  S4                    20010000   00002000  00000020  00001fe0  RW X
  S5                    20012000   00002000  00000000  00002000  R  X
  S6                    20014000   00002000  00000000  00002000  RW X
  S7                    20016000   00002000  00000000  00002000  RW X
  CTOMRAM               2007f000   00000800  00000000  00000800  R  X
  MTOCRAM               2007f800   00000800  00000000  00000800  RW X


SEGMENT ALLOCATION MAP

run origin  load origin   length   init length attrs members
----------  ----------- ---------- ----------- ----- -------
00200030    00200030    00000006   00000006    r-x
  00200030    00200030    00000006   00000006    r-x .resetisr
00201000    00201000    000001b0   000001b0    r--
  00201000    00201000    000001b0   000001b0    r-- .intvecs
00204000    00204000    00002ca0   00002ca0    r-x
  00204000    00204000    00002b0c   00002b0c    r-x .text
  00206b0c    00206b0c    00000118   00000118    r-- .const
  00206c28    00206c28    00000078   00000078    r-- .cinit
20000000    00201200    00000068   00000068    r-x
  20000000    00201200    00000068   00000068    r-x ramfuncs
20000068    20000068    00000100   00000000    rw-
  20000068    20000068    00000100   00000000    rw- .stack
20000400    20000400    000001b0   00000000    rw-
  20000400    20000400    000001b0   00000000    rw- .vtable
200051b0    200051b0    0000018c   00000000    rw-
  200051b0    200051b0    00000149   00000000    rw- .bss
  200052fc    200052fc    00000040   00000000    rw- .data
2000c000    2000c000    00002030   00000000    rw-
  2000c000    2000c000    00002000   00000000    rw- SHARERAMS2
  2000e000    2000e000    00000030   00000000    rw- SHARERAMS3
20010000    20010000    00000020   00000000    rw-
  20010000    20010000    00000020   00000000    rw- SHARERAMS4


SECTION ALLOCATION MAP

 output                                  attributes/
section   page    origin      length       input sections
--------  ----  ----------  ----------   ----------------
.resetisr 
*          0    00200030    00000006     
                  00200030    00000006     startup_ccs.obj (.resetisr:ResetISR)

.intvecs   0    00201000    000001b0     
                  00201000    000001b0     startup_ccs.obj (.intvecs)

.text      0    00204000    00002b0c     
                  00204000    00000988     driverlib.lib : sysctl.obj (.text)
                  00204988    00000454                   : gpio.obj (.text)
                  00204ddc    0000040c     uart_echo.obj (.text:main)
                  002051e8    000002e0     uart_echo.obj (.text:validateReceiveMsg2)
                  002054c8    000002cc     driverlib.lib : interrupt.obj (.text)
                  00205794    00000234                   : timer.obj (.text)
                  002059c8    000001b6     rtsv7M3_T_le_eabi.lib : fd_add_t2.asm.obj (.text)
                  00205b7e    00000002     startup_ccs.obj (.text:FaultISR)
                  00205b80    00000178     driverlib.lib : ipc_util.obj (.text)
                  00205cf8    00000170     rtsv7M3_T_le_eabi.lib : e_sqrt.c.obj (.text:sqrt)
                  00205e68    0000013c     uart_echo.obj (.text:updateRecievingData)
                  00205fa4    00000120     uart_echo.obj (.text:SendUARTInverterStructure)
                  002060c4    00000118     uart_echo.obj (.text:Timer0IntHandler)
                  002061dc    000000fc     rtsv7M3_T_le_eabi.lib : fd_mul_t2.asm.obj (.text)
                  002062d8    000000ac     driverlib.lib : watchdog.obj (.text)
                  00206384    000000ac     uart_echo.obj (.text:validateReceiveMsg1)
                  00206430    0000009c     rtsv7M3_T_le_eabi.lib : memcpy_t2.asm.obj (.text)
                  002064cc    0000007a                           : memset_t2.asm.obj (.text)
                  00206546    00000076     uart.obj (.text:UARTConfigSetExpClk)
                  002065bc    0000006e     rtsv7M3_T_le_eabi.lib : fd_tos_t2.asm.obj (.text)
                  0020662a    0000006c     uart_echo.obj (.text:CRC8bit)
                  00206696    00000002     startup_ccs.obj (.text:IntDefaultHandler)
                  00206698    00000068     uart_echo.obj (.text:UART1IntHandler)
                  00206700    00000068     rtsv7M3_T_le_eabi.lib : copy_decompress_lzss.c.obj (.text:decompress:lzss:__TI_decompress_lzss)
                  00206768    00000060                           : fs_cmp_t2.asm.obj (.text:__aeabi_cfcmple)
                  002067c8    00000060                           : fs_cmp_t2.asm.obj (.text:__aeabi_cfrcmple)
                  00206828    0000004c     uart_echo.obj (.text:Timer3IntHandler)
                  00206874    00000044     rtsv7M3_T_le_eabi.lib : autoinit.c.obj (.text:__TI_auto_init_nobinit_nopinit:__TI_auto_init_nobinit_nopinit)
                  002068b8    00000038                           : fs_tod_t2.asm.obj (.text)
                  002068f0    00000036     driverlib.lib : cpu.obj (.text)
                  00206926    00000002     startup_ccs.obj (.text:NmiSR)
                  00206928    00000030     uart.obj (.text:UARTDisable)
                  00206958    00000030     driverlib.lib : ram.obj (.text)
                  00206988    0000002e     memcopy.obj (.text:MemCopy)
                  002069b6    00000002     --HOLE-- [fill = 0]
                  002069b8    00000028     rtsv7M3_T_le_eabi.lib : boot_cortex_m.c.obj (.text:_c_int00_noargs:_c_int00_noargs)
                  002069e0    00000024     uart.obj (.text:UARTEnable)
                  00206a04    0000001e     uart.obj (.text:UARTCharPut)
                  00206a22    0000001e     uart.obj (.text:UARTIntStatus)
                  00206a40    0000001c     uart.obj (.text:UARTCharGetNonBlocking)
                  00206a5c    0000001c     uart_echo.obj (.text:UARTIntHandler)
                  00206a78    00000018     uart.obj (.text:UARTCharsAvail)
                  00206a90    00000018     uart.obj (.text:UARTFIFOLevelSet)
                  00206aa8    00000018     uart.obj (.text:UARTIntEnable)
                  00206ac0    00000012     uart.obj (.text:UARTIntClear)
                  00206ad2    0000000e     rtsv7M3_T_le_eabi.lib : copy_decompress_none.c.obj (.text:decompress:none:__TI_decompress_none)
                  00206ae0    0000000c                           : copy_zero_init.c.obj (.text:decompress:ZI:__TI_zero_init)
                  00206aec    00000008                           : errno.c.obj (.text:__aeabi_errno_addr)
                  00206af4    00000006     driverlib.lib : sysctl.obj (.text:SysCtlDelay)
                  00206afa    00000004     rtsv7M3_T_le_eabi.lib : pre_init.c.obj (.text:_system_pre_init)
                  00206afe    00000004                           : exit.c.obj (.text:abort:abort)
                  00206b02    00000002     --HOLE-- [fill = 0]
                  00206b04    00000008     driverlib.lib : flash.obj (.tramp.FlashInit.1)

.const     0    00206b0c    00000118     
                  00206b0c    00000048     driverlib.lib : gpio.obj (.const:g_pulGPIOBaseAddrs)
                  00206b54    00000048                   : interrupt.obj (.const:g_pulRegs)
                  00206b9c    00000020                   : interrupt.obj (.const:g_pulPriority)
                  00206bbc    00000014                   : sysctl.obj (.const:g_pulDCRegs)
                  00206bd0    00000012     uart_echo.obj (.const:.string)
                  00206be2    00000002     --HOLE-- [fill = 0]
                  00206be4    00000010     driverlib.lib : sysctl.obj (.const:g_pulDCGCRegs)
                  00206bf4    00000010                   : sysctl.obj (.const:g_pulRCGCRegs)
                  00206c04    00000010                   : sysctl.obj (.const:g_pulSCGCRegs)
                  00206c14    00000010                   : sysctl.obj (.const:g_pulSRCRRegs)

.cinit     0    00206c28    00000078     
                  00206c28    00000012     (.cinit..data.load) [load image, compression = lzss]
                  00206c3a    00000002     --HOLE-- [fill = 0]
                  00206c3c    0000000c     (__TI_handler_table)
                  00206c48    00000008     (.cinit..bss.load) [load image, compression = zero_init]
                  00206c50    00000008     (.cinit..vtable.load) [load image, compression = zero_init]
                  00206c58    00000008     (.cinit.SHARERAMS2.load) [load image, compression = zero_init]
                  00206c60    00000008     (.cinit.SHARERAMS3.load) [load image, compression = zero_init]
                  00206c68    00000008     (.cinit.SHARERAMS4.load) [load image, compression = zero_init]
                  00206c70    00000030     (__TI_cinit_table)

.stack     0    20000068    00000100     UNINITIALIZED
                  20000068    00000004     rtsv7M3_T_le_eabi.lib : boot_cortex_m.c.obj (.stack)
                  2000006c    000000fc     --HOLE--

SHARERAMS2 
*          0    2000c000    00002000     UNINITIALIZED
                  2000c000    00002000     uart_echo.obj (SHARERAMS2)

SHARERAMS3 
*          0    2000e000    00000030     UNINITIALIZED
                  2000e000    00000030     uart_echo.obj (SHARERAMS3)

SHARERAMS4 
*          0    20010000    00000020     UNINITIALIZED
                  20010000    00000020     uart_echo.obj (SHARERAMS4)

ramfuncs   0    00201200    00000068     RUN ADDR = 20000000
                  00201200    00000068     driverlib.lib : flash.obj (ramfuncs)

GETBUFFER 
*          0    2007f000    00000000     DSECT

GETWRITEIDX 
*          0    2007f000    00000000     DSECT

PUTREADIDX 
*          0    2007f000    00000000     DSECT

.vtable    0    20000400    000001b0     UNINITIALIZED
                  20000400    000001b0     driverlib.lib : interrupt.obj (.vtable)

.bss       0    200051b0    00000149     UNINITIALIZED
                  200051b0    00000044     (.common:RecieveData)
                  200051f4    0000003c     (.common:ReceiveMsg2)
                  20005230    0000003c     (.common:tempReceiveMsg2)
                  2000526c    00000028     (.common:SendingMsg)
                  20005294    00000024     (.common:ReceiveMsg3)
                  200052b8    00000020     (.common:M2)
                  200052d8    0000000c     (.common:ReceiveMsg1)
                  200052e4    0000000c     (.common:tempReceiveMsg1)
                  200052f0    00000004     uart_echo.obj (.bss)
                  200052f4    00000002     (.common:ReceiveMsg4)
                  200052f6    00000001     (.common:MsgSize)
                  200052f7    00000001     (.common:RecievedDataCount)
                  200052f8    00000001     (.common:serial_print_char)

.data      0    200052fc    00000040     UNINITIALIZED
                  200052fc    0000003c     uart_echo.obj (.data)
                  20005338    00000004     rtsv7M3_T_le_eabi.lib : errno.c.obj (.data)

MODULE SUMMARY

       Module                       code    ro data   rw data
       ------                       ----    -------   -------
    .\
       uart_echo.obj                3144    18        8661   
       startup_ccs.obj              12      432       0      
       uart.obj                     380     0         0      
       memcopy.obj                  46      0         0      
    +--+----------------------------+-------+---------+---------+
       Total:                       3582    450       8661   
                                                             
    C:/ti/ccsv8/tools/compiler/ti-cgt-arm_18.1.2.LTS/lib/rtsv7M3_T_le_eabi.lib
       fd_add_t2.asm.obj            438     0         0      
       e_sqrt.c.obj                 368     0         0      
       fd_mul_t2.asm.obj            252     0         0      
       fs_cmp_t2.asm.obj            192     0         0      
       memcpy_t2.asm.obj            156     0         0      
       memset_t2.asm.obj            122     0         0      
       fd_tos_t2.asm.obj            110     0         0      
       copy_decompress_lzss.c.obj   104     0         0      
       autoinit.c.obj               68      0         0      
       fs_tod_t2.asm.obj            56      0         0      
       boot_cortex_m.c.obj          40      0         0      
       copy_decompress_none.c.obj   14      0         0      
       copy_zero_init.c.obj         12      0         0      
       errno.c.obj                  8       0         4      
       exit.c.obj                   4       0         0      
       pre_init.c.obj               4       0         0      
    +--+----------------------------+-------+---------+---------+
       Total:                       1948    0         4      
                                                             
    C:/ti/controlSUITE/device_support/f28m35x/v100/MWare/driverlib/ccs/Debug/driverlib.lib
       sysctl.obj                   2446    84        0      
       interrupt.obj                716     104       432    
       gpio.obj                     1108    72        0      
       timer.obj                    564     0         0      
       ipc_util.obj                 376     0         0      
       flash.obj                    216     0         0      
       watchdog.obj                 172     0         0      
       cpu.obj                      54      0         0      
       ram.obj                      48      0         0      
    +--+----------------------------+-------+---------+---------+
       Total:                       5700    260       432    
                                                             
       Stack:                       0       0         256    
       Linker Generated:            0       118       0      
    +--+----------------------------+-------+---------+---------+
       Grand Total:                 11230   828       9353   


LINKER GENERATED COPY TABLES

__TI_cinit_table @ 00206c70 records: 6, size/record: 8, table size: 48
	.data: load addr=00206c28, load size=00000012 bytes, run addr=200052fc, run size=00000040 bytes, compression=lzss
	.bss: load addr=00206c48, load size=00000008 bytes, run addr=200051b0, run size=00000149 bytes, compression=zero_init
	.vtable: load addr=00206c50, load size=00000008 bytes, run addr=20000400, run size=000001b0 bytes, compression=zero_init
	SHARERAMS2: load addr=00206c58, load size=00000008 bytes, run addr=2000c000, run size=00002000 bytes, compression=zero_init
	SHARERAMS3: load addr=00206c60, load size=00000008 bytes, run addr=2000e000, run size=00000030 bytes, compression=zero_init
	SHARERAMS4: load addr=00206c68, load size=00000008 bytes, run addr=20010000, run size=00000020 bytes, compression=zero_init


LINKER GENERATED HANDLER TABLE

__TI_handler_table @ 00206c3c records: 3, size/record: 4, table size: 12
	index: 0, handler: __TI_zero_init
	index: 1, handler: __TI_decompress_lzss
	index: 2, handler: __TI_decompress_none


FAR CALL TRAMPOLINES

callee name               trampoline name
   callee addr  tramp addr   call addr  call info
--------------  -----------  ---------  ----------------
FlashInit                 $Tramp$TT$L$PI$$FlashInit
   20000001     00206b04     00204dfc   uart_echo.obj (.text:main)

[1 trampolines]
[1 trampoline calls]


GLOBAL SYMBOLS: SORTED ALPHABETICALLY BY Name 

address   name                            
-------   ----                            
200052fd  Addr                            
20005324  Back_pressed                    
00206aff  C$$EXIT                         
0020691d  CPUbasepriGet                   
00206917  CPUbasepriSet                   
0020690b  CPUcpsid                        
002068ff  CPUcpsie                        
002068f5  CPUprimask                      
002068f1  CPUwfi                          
0020662b  CRC8bit                         
2000e000  CtoMvar                         
2000532c  DECRE_pressed                   
20005330  Datetime                        
20005320  Enter_pressed                   
20000001  FlashInit                       
00204da9  GPIODirModeGet                  
00204a8b  GPIODirModeSet                  
00204d6b  GPIOIntTypeGet                  
00204d25  GPIOIntTypeSet                  
00204ce9  GPIOPadConfigGet                
00204abb  GPIOPadConfigSet                
00204c75  GPIOPinConfigure                
00204c4b  GPIOPinConfigureCoreSelect      
00204c45  GPIOPinIntClear                 
00204c37  GPIOPinIntDisable               
00204c2b  GPIOPinIntEnable                
00204c1d  GPIOPinIntStatus                
00204bf7  GPIOPinLock                     
00204a5d  GPIOPinLockStatus               
00204bf1  GPIOPinRead                     
00204bdd  GPIOPinTypeCAN                  
00204bc9  GPIOPinTypeEPI                  
00204bb5  GPIOPinTypeGPIOInput            
00204ba1  GPIOPinTypeGPIOOutput           
00204b8d  GPIOPinTypeGPIOOutputOD         
00204b79  GPIOPinTypeI2C                  
00204b65  GPIOPinTypeSSI                  
00204b51  GPIOPinTypeTimer                
00204b3d  GPIOPinTypeUART                 
00204b29  GPIOPinTypeUSBAnalog            
00204b15  GPIOPinTypeUSBDigital           
00204a67  GPIOPinUnlock                   
00204a57  GPIOPinWrite                    
00204a3f  GPIOPortIntRegister             
00204a2b  GPIOPortIntUnregister           
20005328  INCRE_pressed                   
00205cbf  IPCCtoMFlagAcknowledge          
00205cad  IPCCtoMFlagBusy                 
00205bbf  IPCMtoCBootControlSystem        
00205bad  IPCMtoCFlagBusy                 
00205ba1  IPCMtoCFlagClear                
00205b97  IPCMtoCFlagSet                  
00205b81  IPCMtoCSharedRamConvert         
002056eb  IntDisable                      
0020566f  IntEnable                       
00205661  IntFlashVTable                  
00205657  IntMasterDisable                
0020564d  IntMasterEnable                 
002055ef  IntPendClear                    
00205585  IntPendSet                      
0020556b  IntPriorityGet                  
00205549  IntPriorityGroupingGet          
00205537  IntPriorityGroupingSet          
0020691d  IntPriorityMaskGet              
00206917  IntPriorityMaskSet              
0020550b  IntPrioritySet                  
002054fd  IntRAMVTable                    
002054d3  IntRegister                     
002054c9  IntUnregister                   
20005334  LED                             
200052b8  M2                              
00206989  MemCopy                         
200052f6  MsgSize                         
20010000  MtoCvar                         
00206959  RamMReqSharedMemAccess          
00201268  RamfuncsLoadEnd                 
00201200  RamfuncsLoadStart               
20000000  RamfuncsRunStart                
200052d8  ReceiveMsg1                     
200051f4  ReceiveMsg2                     
20005294  ReceiveMsg3                     
200052f4  ReceiveMsg4                     
200051b0  RecieveData                     
200052f7  RecievedDataCount               
00200031  ResetISR                        
00205fa5  SendUARTInverterStructure       
2000526c  SendingMsg                      
00204949  SysCtlC28Disable                
0020492b  SysCtlC28Enable                 
002045f7  SysCtlClockConfigGet            
002048f7  SysCtlClockConfigSet            
00204661  SysCtlClockDividersSet          
002048a5  SysCtlClockGet                  
0020477d  SysCtlClockPllConfig            
002045dd  SysCtlDeepSleep                 
00206af5  SysCtlDelay                     
002045c5  SysCtlEnableAERRNMI             
00204599  SysCtlEnableVREGWarnNMI         
00204589  SysCtlFlashSizeGet              
00204565  SysCtlGPIOAHBDisable            
00204541  SysCtlGPIOAHBEnable             
00204539  SysCtlGetNmiConfig              
00204487  SysCtlGetNmiFlagStatus          
0020452d  SysCtlGetNmiInterruptStatus     
00204509  SysCtlHoldSubSystemInReset      
002044d3  SysCtlMclkDetectionEnDis        
002044c9  SysCtlMclkDetectionEnDisStatus  
002044b1  SysCtlNmiFlgClr                 
0020448f  SysCtlNmiFlgClrAll              
00204475  SysCtlNmiIsSet                  
00204451  SysCtlPeripheralClockGating     
00204429  SysCtlPeripheralDeepSleepDisable
00204401  SysCtlPeripheralDeepSleepEnable 
002043d5  SysCtlPeripheralDisable         
002043a9  SysCtlPeripheralEnable          
0020438b  SysCtlPeripheralIsEnabled       
0020433d  SysCtlPeripheralPresent         
00204269  SysCtlPeripheralReset           
00204241  SysCtlPeripheralSleepDisable    
00204219  SysCtlPeripheralSleepEnable     
002041ff  SysCtlPowerOffPLL               
002041df  SysCtlReleaseSubSystemFromReset 
002041d7  SysCtlReset                     
002041cb  SysCtlResetCauseClear           
002041c5  SysCtlResetCauseGet             
002041a5  SysCtlSRAMSizeGet               
002068f1  SysCtlSleep                     
0020416d  SysCtlSubSystemReset            
0020414f  SysCtlUSBPLLConfigGet           
002040bd  SysCtlUSBPLLConfigSet           
002040a5  SysCtlUSBPLLDisable             
00204073  SysCtlUSBPLLEnable              
00204001  SysCtlXPllClockDividerSet       
002060c5  Timer0IntHandler                
00206829  Timer3IntHandler                
0020599b  TimerConfigure                  
00205987  TimerControlEvent               
00205971  TimerControlLevel               
0020595b  TimerControlStall               
00205945  TimerControlTrigger             
0020590d  TimerControlWaitOnTrigger       
002058f9  TimerDisable                    
002058eb  TimerEnable                     
002058e7  TimerIntClear                   
002058dd  TimerIntDisable                 
002058d5  TimerIntEnable                  
00205883  TimerIntRegister                
00205879  TimerIntStatus                  
0020582d  TimerIntUnregister              
00205821  TimerLoadGet                    
0020580f  TimerLoadSet                    
00205803  TimerMatchGet                   
002057f1  TimerMatchSet                   
002057e5  TimerPrescaleGet                
002057d9  TimerPrescaleMatchGet           
002057c7  TimerPrescaleMatchSet           
002057b5  TimerPrescaleSet                
002057ab  TimerRTCDisable                 
002057a1  TimerRTCEnable                  
00205795  TimerValueGet                   
00206699  UART1IntHandler                 
00206a41  UARTCharGetNonBlocking          
00206a05  UARTCharPut                     
00206a79  UARTCharsAvail                  
00206547  UARTConfigSetExpClk             
00206929  UARTDisable                     
002069e1  UARTEnable                      
00206a91  UARTFIFOLevelSet                
00206ac1  UARTIntClear                    
00206aa9  UARTIntEnable                   
00206a5d  UARTIntHandler                  
00206a23  UARTIntStatus                   
00206375  WatchdogEnable                  
0020636f  WatchdogIntClear                
00206365  WatchdogIntEnable               
00206355  WatchdogIntRegister             
0020634b  WatchdogIntStatus               
0020633b  WatchdogIntUnregister           
00206333  WatchdogLock                    
00206325  WatchdogLockState               
00206321  WatchdogReloadGet               
0020631d  WatchdogReloadSet               
00206313  WatchdogResetDisable            
00206309  WatchdogResetEnable             
00206301  WatchdogRunning                 
002062f3  WatchdogStallDisable            
002062e5  WatchdogStallEnable             
002062dd  WatchdogUnlock                  
002062d9  WatchdogValueGet                
20000168  __STACK_END                     
00000100  __STACK_SIZE                    
20000168  __STACK_TOP                     
00206c70  __TI_CINIT_Base                 
00206ca0  __TI_CINIT_Limit                
00206c3c  __TI_Handler_Table_Base         
00206c48  __TI_Handler_Table_Limit        
00206875  __TI_auto_init_nobinit_nopinit  
00206701  __TI_decompress_lzss            
00206ad3  __TI_decompress_none            
ffffffff  __TI_pprof_out_hndl             
ffffffff  __TI_prof_data_size             
ffffffff  __TI_prof_data_start            
00206c28  __TI_static_base__              
00206ae1  __TI_zero_init                  
00206769  __aeabi_cfcmpeq                 
00206769  __aeabi_cfcmple                 
002067c9  __aeabi_cfrcmple                
002065bd  __aeabi_d2f                     
002059d3  __aeabi_dadd                    
002061dd  __aeabi_dmul                    
002059c9  __aeabi_dsub                    
00206aed  __aeabi_errno_addr              
002068b9  __aeabi_f2d                     
002064cd  __aeabi_memclr                  
002064cd  __aeabi_memclr4                 
002064cd  __aeabi_memclr8                 
00206431  __aeabi_memcpy                  
00206431  __aeabi_memcpy4                 
00206431  __aeabi_memcpy8                 
002064cf  __aeabi_memset                  
002064cf  __aeabi_memset4                 
002064cf  __aeabi_memset8                 
ffffffff  __binit__                       
ffffffff  __c_args__                      
UNDEFED   __mpu_init                      
20000068  __stack                         
002069b9  _c_int00_noargs                 
UNDEFED   _system_post_cinit              
00206afb  _system_pre_init                
00206aff  abort                           
2000c000  base                            
20005300  base_read_index                 
ffffffff  binit                           
20005308  count                           
2000530c  count2                          
200052fc  crc                             
20005314  edit_mode                       
20005318  edit_row_index                  
2000531c  editvar                         
20005338  errno                           
20000400  g_pfnRAMVectors                 
00201000  g_pfnVectors                    
20005304  index                           
20005310  index_drawn                     
00204ddd  main                            
00206431  memcpy                          
002064d5  memset                          
200052f8  serial_print_char               
00205cf9  sqrt                            
00205cf9  sqrtl                           
200052e4  tempReceiveMsg1                 
20005230  tempReceiveMsg2                 
00205e69  updateRecievingData             
00206385  validateReceiveMsg1             
002051e9  validateReceiveMsg2             


GLOBAL SYMBOLS: SORTED BY Symbol Address 

address   name                            
-------   ----                            
00000100  __STACK_SIZE                    
00200031  ResetISR                        
00201000  g_pfnVectors                    
00201200  RamfuncsLoadStart               
00201268  RamfuncsLoadEnd                 
00204001  SysCtlXPllClockDividerSet       
00204073  SysCtlUSBPLLEnable              
002040a5  SysCtlUSBPLLDisable             
002040bd  SysCtlUSBPLLConfigSet           
0020414f  SysCtlUSBPLLConfigGet           
0020416d  SysCtlSubSystemReset            
002041a5  SysCtlSRAMSizeGet               
002041c5  SysCtlResetCauseGet             
002041cb  SysCtlResetCauseClear           
002041d7  SysCtlReset                     
002041df  SysCtlReleaseSubSystemFromReset 
002041ff  SysCtlPowerOffPLL               
00204219  SysCtlPeripheralSleepEnable     
00204241  SysCtlPeripheralSleepDisable    
00204269  SysCtlPeripheralReset           
0020433d  SysCtlPeripheralPresent         
0020438b  SysCtlPeripheralIsEnabled       
002043a9  SysCtlPeripheralEnable          
002043d5  SysCtlPeripheralDisable         
00204401  SysCtlPeripheralDeepSleepEnable 
00204429  SysCtlPeripheralDeepSleepDisable
00204451  SysCtlPeripheralClockGating     
00204475  SysCtlNmiIsSet                  
00204487  SysCtlGetNmiFlagStatus          
0020448f  SysCtlNmiFlgClrAll              
002044b1  SysCtlNmiFlgClr                 
002044c9  SysCtlMclkDetectionEnDisStatus  
002044d3  SysCtlMclkDetectionEnDis        
00204509  SysCtlHoldSubSystemInReset      
0020452d  SysCtlGetNmiInterruptStatus     
00204539  SysCtlGetNmiConfig              
00204541  SysCtlGPIOAHBEnable             
00204565  SysCtlGPIOAHBDisable            
00204589  SysCtlFlashSizeGet              
00204599  SysCtlEnableVREGWarnNMI         
002045c5  SysCtlEnableAERRNMI             
002045dd  SysCtlDeepSleep                 
002045f7  SysCtlClockConfigGet            
00204661  SysCtlClockDividersSet          
0020477d  SysCtlClockPllConfig            
002048a5  SysCtlClockGet                  
002048f7  SysCtlClockConfigSet            
0020492b  SysCtlC28Enable                 
00204949  SysCtlC28Disable                
00204a2b  GPIOPortIntUnregister           
00204a3f  GPIOPortIntRegister             
00204a57  GPIOPinWrite                    
00204a5d  GPIOPinLockStatus               
00204a67  GPIOPinUnlock                   
00204a8b  GPIODirModeSet                  
00204abb  GPIOPadConfigSet                
00204b15  GPIOPinTypeUSBDigital           
00204b29  GPIOPinTypeUSBAnalog            
00204b3d  GPIOPinTypeUART                 
00204b51  GPIOPinTypeTimer                
00204b65  GPIOPinTypeSSI                  
00204b79  GPIOPinTypeI2C                  
00204b8d  GPIOPinTypeGPIOOutputOD         
00204ba1  GPIOPinTypeGPIOOutput           
00204bb5  GPIOPinTypeGPIOInput            
00204bc9  GPIOPinTypeEPI                  
00204bdd  GPIOPinTypeCAN                  
00204bf1  GPIOPinRead                     
00204bf7  GPIOPinLock                     
00204c1d  GPIOPinIntStatus                
00204c2b  GPIOPinIntEnable                
00204c37  GPIOPinIntDisable               
00204c45  GPIOPinIntClear                 
00204c4b  GPIOPinConfigureCoreSelect      
00204c75  GPIOPinConfigure                
00204ce9  GPIOPadConfigGet                
00204d25  GPIOIntTypeSet                  
00204d6b  GPIOIntTypeGet                  
00204da9  GPIODirModeGet                  
00204ddd  main                            
002051e9  validateReceiveMsg2             
002054c9  IntUnregister                   
002054d3  IntRegister                     
002054fd  IntRAMVTable                    
0020550b  IntPrioritySet                  
00205537  IntPriorityGroupingSet          
00205549  IntPriorityGroupingGet          
0020556b  IntPriorityGet                  
00205585  IntPendSet                      
002055ef  IntPendClear                    
0020564d  IntMasterEnable                 
00205657  IntMasterDisable                
00205661  IntFlashVTable                  
0020566f  IntEnable                       
002056eb  IntDisable                      
00205795  TimerValueGet                   
002057a1  TimerRTCEnable                  
002057ab  TimerRTCDisable                 
002057b5  TimerPrescaleSet                
002057c7  TimerPrescaleMatchSet           
002057d9  TimerPrescaleMatchGet           
002057e5  TimerPrescaleGet                
002057f1  TimerMatchSet                   
00205803  TimerMatchGet                   
0020580f  TimerLoadSet                    
00205821  TimerLoadGet                    
0020582d  TimerIntUnregister              
00205879  TimerIntStatus                  
00205883  TimerIntRegister                
002058d5  TimerIntEnable                  
002058dd  TimerIntDisable                 
002058e7  TimerIntClear                   
002058eb  TimerEnable                     
002058f9  TimerDisable                    
0020590d  TimerControlWaitOnTrigger       
00205945  TimerControlTrigger             
0020595b  TimerControlStall               
00205971  TimerControlLevel               
00205987  TimerControlEvent               
0020599b  TimerConfigure                  
002059c9  __aeabi_dsub                    
002059d3  __aeabi_dadd                    
00205b81  IPCMtoCSharedRamConvert         
00205b97  IPCMtoCFlagSet                  
00205ba1  IPCMtoCFlagClear                
00205bad  IPCMtoCFlagBusy                 
00205bbf  IPCMtoCBootControlSystem        
00205cad  IPCCtoMFlagBusy                 
00205cbf  IPCCtoMFlagAcknowledge          
00205cf9  sqrt                            
00205cf9  sqrtl                           
00205e69  updateRecievingData             
00205fa5  SendUARTInverterStructure       
002060c5  Timer0IntHandler                
002061dd  __aeabi_dmul                    
002062d9  WatchdogValueGet                
002062dd  WatchdogUnlock                  
002062e5  WatchdogStallEnable             
002062f3  WatchdogStallDisable            
00206301  WatchdogRunning                 
00206309  WatchdogResetEnable             
00206313  WatchdogResetDisable            
0020631d  WatchdogReloadSet               
00206321  WatchdogReloadGet               
00206325  WatchdogLockState               
00206333  WatchdogLock                    
0020633b  WatchdogIntUnregister           
0020634b  WatchdogIntStatus               
00206355  WatchdogIntRegister             
00206365  WatchdogIntEnable               
0020636f  WatchdogIntClear                
00206375  WatchdogEnable                  
00206385  validateReceiveMsg1             
00206431  __aeabi_memcpy                  
00206431  __aeabi_memcpy4                 
00206431  __aeabi_memcpy8                 
00206431  memcpy                          
002064cd  __aeabi_memclr                  
002064cd  __aeabi_memclr4                 
002064cd  __aeabi_memclr8                 
002064cf  __aeabi_memset                  
002064cf  __aeabi_memset4                 
002064cf  __aeabi_memset8                 
002064d5  memset                          
00206547  UARTConfigSetExpClk             
002065bd  __aeabi_d2f                     
0020662b  CRC8bit                         
00206699  UART1IntHandler                 
00206701  __TI_decompress_lzss            
00206769  __aeabi_cfcmpeq                 
00206769  __aeabi_cfcmple                 
002067c9  __aeabi_cfrcmple                
00206829  Timer3IntHandler                
00206875  __TI_auto_init_nobinit_nopinit  
002068b9  __aeabi_f2d                     
002068f1  CPUwfi                          
002068f1  SysCtlSleep                     
002068f5  CPUprimask                      
002068ff  CPUcpsie                        
0020690b  CPUcpsid                        
00206917  CPUbasepriSet                   
00206917  IntPriorityMaskSet              
0020691d  CPUbasepriGet                   
0020691d  IntPriorityMaskGet              
00206929  UARTDisable                     
00206959  RamMReqSharedMemAccess          
00206989  MemCopy                         
002069b9  _c_int00_noargs                 
002069e1  UARTEnable                      
00206a05  UARTCharPut                     
00206a23  UARTIntStatus                   
00206a41  UARTCharGetNonBlocking          
00206a5d  UARTIntHandler                  
00206a79  UARTCharsAvail                  
00206a91  UARTFIFOLevelSet                
00206aa9  UARTIntEnable                   
00206ac1  UARTIntClear                    
00206ad3  __TI_decompress_none            
00206ae1  __TI_zero_init                  
00206aed  __aeabi_errno_addr              
00206af5  SysCtlDelay                     
00206afb  _system_pre_init                
00206aff  C$$EXIT                         
00206aff  abort                           
00206c28  __TI_static_base__              
00206c3c  __TI_Handler_Table_Base         
00206c48  __TI_Handler_Table_Limit        
00206c70  __TI_CINIT_Base                 
00206ca0  __TI_CINIT_Limit                
20000000  RamfuncsRunStart                
20000001  FlashInit                       
20000068  __stack                         
20000168  __STACK_END                     
20000168  __STACK_TOP                     
20000400  g_pfnRAMVectors                 
200051b0  RecieveData                     
200051f4  ReceiveMsg2                     
20005230  tempReceiveMsg2                 
2000526c  SendingMsg                      
20005294  ReceiveMsg3                     
200052b8  M2                              
200052d8  ReceiveMsg1                     
200052e4  tempReceiveMsg1                 
200052f4  ReceiveMsg4                     
200052f6  MsgSize                         
200052f7  RecievedDataCount               
200052f8  serial_print_char               
200052fc  crc                             
200052fd  Addr                            
20005300  base_read_index                 
20005304  index                           
20005308  count                           
2000530c  count2                          
20005310  index_drawn                     
20005314  edit_mode                       
20005318  edit_row_index                  
2000531c  editvar                         
20005320  Enter_pressed                   
20005324  Back_pressed                    
20005328  INCRE_pressed                   
2000532c  DECRE_pressed                   
20005330  Datetime                        
20005334  LED                             
20005338  errno                           
2000c000  base                            
2000e000  CtoMvar                         
20010000  MtoCvar                         
ffffffff  __TI_pprof_out_hndl             
ffffffff  __TI_prof_data_size             
ffffffff  __TI_prof_data_start            
ffffffff  __binit__                       
ffffffff  __c_args__                      
ffffffff  binit                           
UNDEFED   __mpu_init                      
UNDEFED   _system_post_cinit              

[255 symbols]
