******************************************************************************
                  TI ARM Linker PC v18.1.4                     
******************************************************************************
>> Linked Thu May 23 18:28:46 2019

OUTPUT FILE NAME:   <uart_echo_m3.out>
ENTRY POINT SYMBOL: "_c_int00_noargs"  address: 002065ed


MEMORY CONFIGURATION

         name            origin    length      used     unused   attr    fill
----------------------  --------  ---------  --------  --------  ----  --------
  CSM_ECSL_Z1           00200000   00000024  00000000  00000024  RWIX
  CSM_RSVD_Z1           00200024   0000000c  00000000  0000000c  RWIX
  RESETISR              00200030   00000008  00000006  00000002  R  X
  INTVECS               00201000   000001b0  000001b0  00000000  R  X
  FLASHLOAD             00201200   00002e00  00000068  00002d98  R  X
  FLASH                 00204000   0007bfd0  00002938  00079698  R  X
  CSM_RSVD_Z2           0027ffd0   0000000c  00000000  0000000c  RWIX
  CSM_ECSL_Z2           0027ffdc   00000024  00000000  00000024  RWIX
  C0                    20000000   00002000  00000318  00001ce8  RW X
  C1                    20002000   00002000  00000000  00002000  RW X
  BOOT_RSVD             20004000   00000ff8  00000000  00000ff8  R  X
  C2                    200051b0   00000e50  00000083  00000dcd  RW X
  C3                    20006000   00002000  00000000  00002000  RW X
  S0                    20008000   00002000  00000000  00002000  RW X
  S1                    2000a000   00002000  00000000  00002000  RW X
  S2                    2000c000   00002000  00002000  00000000  RW X
  S3                    2000e000   00002000  00000020  00001fe0  RW X
  S4                    20010000   00002000  00000010  00001ff0  RW X
  S5                    20012000   00002000  00000000  00002000  R  X
  S6                    20014000   00002000  00000000  00002000  RW X
  S7                    20016000   00002000  00000000  00002000  RW X
  CTOMRAM               2007f000   00000800  00000000  00000800  R  X
  MTOCRAM               2007f800   00000800  00000000  00000800  RW X


SEGMENT ALLOCATION MAP

run origin  load origin   length   init length attrs members
----------  ----------- ---------- ----------- ----- -------
00200030    00200030    00000006   00000006    r-x
  00200030    00200030    00000006   00000006    r-x .resetisr
00201000    00201000    000001b0   000001b0    r--
  00201000    00201000    000001b0   000001b0    r-- .intvecs
00204000    00204000    00002938   00002938    r-x
  00204000    00204000    00002790   00002790    r-x .text
  00206790    00206790    00000128   00000128    r-- .const
  002068b8    002068b8    00000080   00000080    r-- .cinit
20000000    00201200    00000068   00000068    r-x
  20000000    00201200    00000068   00000068    r-x ramfuncs
20000068    20000068    00000100   00000000    rw-
  20000068    20000068    00000100   00000000    rw- .stack
20000400    20000400    000001b0   00000000    rw-
  20000400    20000400    000001b0   00000000    rw- .vtable
200051b0    200051b0    00000083   00000000    rw-
  200051b0    200051b0    00000044   00000000    rw- .data
  200051f4    200051f4    0000003f   00000000    rw- .bss
2000c000    2000c000    00002020   00000000    rw-
  2000c000    2000c000    00002000   00000000    rw- SHARERAMS2
  2000e000    2000e000    00000020   00000000    rw- SHARERAMS3
20010000    20010000    00000010   00000000    rw-
  20010000    20010000    00000010   00000000    rw- SHARERAMS4


SECTION ALLOCATION MAP

 output                                  attributes/
section   page    origin      length       input sections
--------  ----  ----------  ----------   ----------------
.resetisr 
*          0    00200030    00000006     
                  00200030    00000006     startup_ccs.obj (.resetisr:ResetISR)

.intvecs   0    00201000    000001b0     
                  00201000    000001b0     startup_ccs.obj (.intvecs)

.text      0    00204000    00002790     
                  00204000    00000988     driverlib.lib : sysctl.obj (.text)
                  00204988    00000688     uart_echo.obj (.text:main)
                  00205010    00000454     driverlib.lib : gpio.obj (.text)
                  00205464    000002cc                   : interrupt.obj (.text)
                  00205730    00000234                   : timer.obj (.text)
                  00205964    00000178                   : ipc_util.obj (.text)
                  00205adc    00000168                   : i2c.obj (.text)
                  00205c44    0000014c     LiquidCrystal_PCF8574.obj (.text:initializeLCD)
                  00205d90    00000118     uart_echo.obj (.text:Timer0IntHandler)
                  00205ea8    000000ac     driverlib.lib : watchdog.obj (.text)
                  00205f54    0000009c     rtsv7M3_T_le_eabi.lib : memcpy_t2.asm.obj (.text)
                  00205ff0    00000094     LiquidCrystal_PCF8574.obj (.text:_write2I2C)
                  00206084    0000008c     uart_echo.obj (.text:Timer1IntHandler)
                  00206110    0000007a     rtsv7M3_T_le_eabi.lib : memset_t2.asm.obj (.text)
                  0020618a    00000076     uart.obj (.text:UARTConfigSetExpClk)
                  00206200    00000068     rtsv7M3_T_le_eabi.lib : copy_decompress_lzss.c.obj (.text:decompress:lzss:__TI_decompress_lzss)
                  00206268    00000060     LiquidCrystal_PCF8574.obj (.text:setCursorLCD)
                  002062c8    0000005e     LiquidCrystal_PCF8574.obj (.text:printLCD)
                  00206326    00000056     LiquidCrystal_PCF8574.obj (.text:_send)
                  0020637c    00000054     rtsv7M3_T_le_eabi.lib : ltoa.c.obj (.text:ltoa)
                  002063d0    0000004e     LiquidCrystal_PCF8574.obj (.text:_sendNibble)
                  0020641e    00000002     startup_ccs.obj (.text:FaultISR)
                  00206420    00000044     rtsv7M3_T_le_eabi.lib : autoinit.c.obj (.text:__TI_auto_init_nobinit_nopinit:__TI_auto_init_nobinit_nopinit)
                  00206464    00000036     driverlib.lib : cpu.obj (.text)
                  0020649a    00000002     startup_ccs.obj (.text:IntDefaultHandler)
                  0020649c    00000030     uart.obj (.text:UARTDisable)
                  002064cc    00000030     LiquidCrystal_PCF8574.obj (.text:blinkLCD)
                  002064fc    00000030     LiquidCrystal_PCF8574.obj (.text:displayLCD)
                  0020652c    00000030     driverlib.lib : ram.obj (.text)
                  0020655c    00000030     LiquidCrystal_PCF8574.obj (.text:noBlinkLCD)
                  0020658c    00000030     LiquidCrystal_PCF8574.obj (.text:setBacklightLCD)
                  002065bc    0000002e     memcopy.obj (.text:MemCopy)
                  002065ea    00000002     startup_ccs.obj (.text:NmiSR)
                  002065ec    00000028     rtsv7M3_T_le_eabi.lib : boot_cortex_m.c.obj (.text:_c_int00_noargs:_c_int00_noargs)
                  00206614    00000024     uart.obj (.text:UARTEnable)
                  00206638    00000022     LiquidCrystal_PCF8574.obj (.text:clearLCD)
                  0020665a    00000022     LiquidCrystal_PCF8574.obj (.text:homeLCD)
                  0020667c    0000001e     uart.obj (.text:UARTCharPut)
                  0020669a    0000001e     uart.obj (.text:UARTIntStatus)
                  002066b8    0000001c     uart_echo.obj (.text:UARTIntHandler)
                  002066d4    0000001a     LiquidCrystal_PCF8574.obj (.text:_command)
                  002066ee    0000001a     LiquidCrystal_PCF8574.obj (.text:delayMicroseconds)
                  00206708    00000018     uart.obj (.text:UARTFIFOLevelSet)
                  00206720    00000018     uart.obj (.text:UARTIntEnable)
                  00206738    00000014     rtsv7M3_T_le_eabi.lib : strlen.c.obj (.text:strlen)
                  0020674c    00000012     uart.obj (.text:UARTIntClear)
                  0020675e    0000000e     rtsv7M3_T_le_eabi.lib : copy_decompress_none.c.obj (.text:decompress:none:__TI_decompress_none)
                  0020676c    0000000c                           : copy_zero_init.c.obj (.text:decompress:ZI:__TI_zero_init)
                  00206778    00000006     driverlib.lib : sysctl.obj (.text:SysCtlDelay)
                  0020677e    00000004     rtsv7M3_T_le_eabi.lib : pre_init.c.obj (.text:_system_pre_init)
                  00206782    00000004                           : exit.c.obj (.text:abort:abort)
                  00206786    00000002     --HOLE-- [fill = 0]
                  00206788    00000008     driverlib.lib : flash.obj (.tramp.FlashInit.1)

.const     0    00206790    00000128     
                  00206790    00000048     driverlib.lib : gpio.obj (.const:g_pulGPIOBaseAddrs)
                  002067d8    00000048                   : interrupt.obj (.const:g_pulRegs)
                  00206820    00000020                   : interrupt.obj (.const:g_pulPriority)
                  00206840    00000014                   : sysctl.obj (.const:g_pulDCRegs)
                  00206854    00000012     uart_echo.obj (.const:.string)
                  00206866    00000002     --HOLE-- [fill = 0]
                  00206868    00000010     LiquidCrystal_PCF8574.obj (.const:$P$T0$1)
                  00206878    00000010     driverlib.lib : sysctl.obj (.const:g_pulDCGCRegs)
                  00206888    00000010                   : sysctl.obj (.const:g_pulRCGCRegs)
                  00206898    00000010                   : sysctl.obj (.const:g_pulSCGCRegs)
                  002068a8    00000010                   : sysctl.obj (.const:g_pulSRCRRegs)

.cinit     0    002068b8    00000080     
                  002068b8    0000001b     (.cinit..data.load) [load image, compression = lzss]
                  002068d3    00000001     --HOLE-- [fill = 0]
                  002068d4    0000000c     (__TI_handler_table)
                  002068e0    00000008     (.cinit..bss.load) [load image, compression = zero_init]
                  002068e8    00000008     (.cinit..vtable.load) [load image, compression = zero_init]
                  002068f0    00000008     (.cinit.SHARERAMS2.load) [load image, compression = zero_init]
                  002068f8    00000008     (.cinit.SHARERAMS3.load) [load image, compression = zero_init]
                  00206900    00000008     (.cinit.SHARERAMS4.load) [load image, compression = zero_init]
                  00206908    00000030     (__TI_cinit_table)

.stack     0    20000068    00000100     UNINITIALIZED
                  20000068    00000004     rtsv7M3_T_le_eabi.lib : boot_cortex_m.c.obj (.stack)
                  2000006c    000000fc     --HOLE--

SHARERAMS2 
*          0    2000c000    00002000     UNINITIALIZED
                  2000c000    00002000     uart_echo.obj (SHARERAMS2)

SHARERAMS3 
*          0    2000e000    00000020     UNINITIALIZED
                  2000e000    00000020     uart_echo.obj (SHARERAMS3)

SHARERAMS4 
*          0    20010000    00000010     UNINITIALIZED
                  20010000    00000010     uart_echo.obj (SHARERAMS4)

ramfuncs   0    00201200    00000068     RUN ADDR = 20000000
                  00201200    00000068     driverlib.lib : flash.obj (ramfuncs)

GETBUFFER 
*          0    2007f000    00000000     DSECT

GETWRITEIDX 
*          0    2007f000    00000000     DSECT

PUTREADIDX 
*          0    2007f000    00000000     DSECT

.vtable    0    20000400    000001b0     UNINITIALIZED
                  20000400    000001b0     driverlib.lib : interrupt.obj (.vtable)

.data      0    200051b0    00000044     UNINITIALIZED
                  200051b0    00000044     uart_echo.obj (.data)

.bss       0    200051f4    0000003f     UNINITIALIZED
                  200051f4    00000020     (.common:M2)
                  20005214    00000014     (.common:buffer)
                  20005228    00000004     uart_echo.obj (.bss)
                  2000522c    00000001     (.common:_backlight)
                  2000522d    00000001     (.common:_displaycontrol)
                  2000522e    00000001     (.common:_displayfunction)
                  2000522f    00000001     (.common:_displaymode)
                  20005230    00000001     (.common:_numlines)
                  20005231    00000001     (.common:currentPage)
                  20005232    00000001     (.common:serial_print_char)

MODULE SUMMARY

       Module                       code    ro data   rw data
       ------                       ----    -------   -------
    .\
       uart_echo.obj                2120    18        8366   
       LiquidCrystal_PCF8574.obj    1146    16        5      
       startup_ccs.obj              12      432       0      
       uart.obj                     328     0         0      
       memcopy.obj                  46      0         0      
    +--+----------------------------+-------+---------+---------+
       Total:                       3652    466       8371   
                                                             
    C:/ti/ccsv8/tools/compiler/ti-cgt-arm_18.1.4.LTS/lib/rtsv7M3_T_le_eabi.lib
       memcpy_t2.asm.obj            156     0         0      
       memset_t2.asm.obj            122     0         0      
       copy_decompress_lzss.c.obj   104     0         0      
       ltoa.c.obj                   84      0         0      
       autoinit.c.obj               68      0         0      
       boot_cortex_m.c.obj          40      0         0      
       strlen.c.obj                 20      0         0      
       copy_decompress_none.c.obj   14      0         0      
       copy_zero_init.c.obj         12      0         0      
       exit.c.obj                   4       0         0      
       pre_init.c.obj               4       0         0      
    +--+----------------------------+-------+---------+---------+
       Total:                       628     0         0      
                                                             
    C:/ti/controlSUITE/device_support/f28m35x/v100/MWare/driverlib/ccs/Debug/driverlib.lib
       sysctl.obj                   2446    84        0      
       interrupt.obj                716     104       432    
       gpio.obj                     1108    72        0      
       timer.obj                    564     0         0      
       ipc_util.obj                 376     0         0      
       i2c.obj                      360     0         0      
       flash.obj                    216     0         0      
       watchdog.obj                 172     0         0      
       cpu.obj                      54      0         0      
       ram.obj                      48      0         0      
    +--+----------------------------+-------+---------+---------+
       Total:                       6060    260       432    
                                                             
       Stack:                       0       0         256    
       Linker Generated:            0       127       0      
    +--+----------------------------+-------+---------+---------+
       Grand Total:                 10340   853       9059   


LINKER GENERATED COPY TABLES

__TI_cinit_table @ 00206908 records: 6, size/record: 8, table size: 48
	.data: load addr=002068b8, load size=0000001b bytes, run addr=200051b0, run size=00000044 bytes, compression=lzss
	.bss: load addr=002068e0, load size=00000008 bytes, run addr=200051f4, run size=0000003f bytes, compression=zero_init
	.vtable: load addr=002068e8, load size=00000008 bytes, run addr=20000400, run size=000001b0 bytes, compression=zero_init
	SHARERAMS2: load addr=002068f0, load size=00000008 bytes, run addr=2000c000, run size=00002000 bytes, compression=zero_init
	SHARERAMS3: load addr=002068f8, load size=00000008 bytes, run addr=2000e000, run size=00000020 bytes, compression=zero_init
	SHARERAMS4: load addr=00206900, load size=00000008 bytes, run addr=20010000, run size=00000010 bytes, compression=zero_init


LINKER GENERATED HANDLER TABLE

__TI_handler_table @ 002068d4 records: 3, size/record: 4, table size: 12
	index: 0, handler: __TI_zero_init
	index: 1, handler: __TI_decompress_lzss
	index: 2, handler: __TI_decompress_none


FAR CALL TRAMPOLINES

callee name               trampoline name
   callee addr  tramp addr   call addr  call info
--------------  -----------  ---------  ----------------
FlashInit                 $Tramp$TT$L$PI$$FlashInit
   20000001     00206788     002049a8   uart_echo.obj (.text:main)

[1 trampolines]
[1 trampoline calls]


GLOBAL SYMBOLS: SORTED ALPHABETICALLY BY Name 

address   name                            
-------   ----                            
200051b1  Addr                            
200051d8  Back_pressed                    
00206783  C$$EXIT                         
00206491  CPUbasepriGet                   
0020648b  CPUbasepriSet                   
0020647f  CPUcpsid                        
00206473  CPUcpsie                        
00206469  CPUprimask                      
00206465  CPUwfi                          
2000e000  CtoMvar                         
200051e0  DECRE_pressed                   
200051e4  Datetime                        
200051d4  Enter_pressed                   
20000001  FlashInit                       
00205431  GPIODirModeGet                  
00205113  GPIODirModeSet                  
002053f3  GPIOIntTypeGet                  
002053ad  GPIOIntTypeSet                  
00205371  GPIOPadConfigGet                
00205143  GPIOPadConfigSet                
002052fd  GPIOPinConfigure                
002052d3  GPIOPinConfigureCoreSelect      
002052cd  GPIOPinIntClear                 
002052bf  GPIOPinIntDisable               
002052b3  GPIOPinIntEnable                
002052a5  GPIOPinIntStatus                
0020527f  GPIOPinLock                     
002050e5  GPIOPinLockStatus               
00205279  GPIOPinRead                     
00205265  GPIOPinTypeCAN                  
00205251  GPIOPinTypeEPI                  
0020523d  GPIOPinTypeGPIOInput            
00205229  GPIOPinTypeGPIOOutput           
00205215  GPIOPinTypeGPIOOutputOD         
00205201  GPIOPinTypeI2C                  
002051ed  GPIOPinTypeSSI                  
002051d9  GPIOPinTypeTimer                
002051c5  GPIOPinTypeUART                 
002051b1  GPIOPinTypeUSBAnalog            
0020519d  GPIOPinTypeUSBDigital           
002050ef  GPIOPinUnlock                   
002050df  GPIOPinWrite                    
002050c7  GPIOPortIntRegister             
002050b3  GPIOPortIntUnregister           
00205c21  I2CIntRegister                  
00205c05  I2CIntUnregister                
00205bfd  I2CMasterBusBusy                
00205bf5  I2CMasterBusy                   
00205bf1  I2CMasterControl                
00205bed  I2CMasterDataGet                
00205be9  I2CMasterDataPut                
00205bdf  I2CMasterDisable                
00205b91  I2CMasterEnable                 
00205bc5  I2CMasterErr                    
00205b9b  I2CMasterInitExpClk             
00205b8b  I2CMasterIntClear               
00205b85  I2CMasterIntDisable             
00205b7f  I2CMasterIntEnable              
00205b6d  I2CMasterIntStatus              
00205b65  I2CMasterSlaveAddrSet           
00205b61  I2CSlaveDataGet                 
00205b5d  I2CSlaveDataPut                 
00205b4b  I2CSlaveDisable                 
00205b2d  I2CSlaveEnable                  
00205b3f  I2CSlaveInit                    
00205b27  I2CSlaveIntClear                
00205b23  I2CSlaveIntClearEx              
00205b19  I2CSlaveIntDisable              
00205b0f  I2CSlaveIntDisableEx            
00205b05  I2CSlaveIntEnable               
00205afd  I2CSlaveIntEnableEx             
00205aeb  I2CSlaveIntStatus               
00205ae1  I2CSlaveIntStatusEx             
00205add  I2CSlaveStatus                  
200051dc  INCRE_pressed                   
00205aa3  IPCCtoMFlagAcknowledge          
00205a91  IPCCtoMFlagBusy                 
002059a3  IPCMtoCBootControlSystem        
00205991  IPCMtoCFlagBusy                 
00205985  IPCMtoCFlagClear                
0020597b  IPCMtoCFlagSet                  
00205965  IPCMtoCSharedRamConvert         
00205687  IntDisable                      
0020560b  IntEnable                       
002055fd  IntFlashVTable                  
002055f3  IntMasterDisable                
002055e9  IntMasterEnable                 
0020558b  IntPendClear                    
00205521  IntPendSet                      
00205507  IntPriorityGet                  
002054e5  IntPriorityGroupingGet          
002054d3  IntPriorityGroupingSet          
00206491  IntPriorityMaskGet              
0020648b  IntPriorityMaskSet              
002054a7  IntPrioritySet                  
00205499  IntRAMVTable                    
0020546f  IntRegister                     
00205465  IntUnregister                   
200051e8  LED                             
200051f4  M2                              
002065bd  MemCopy                         
20010000  MtoCvar                         
0020652d  RamMReqSharedMemAccess          
00201268  RamfuncsLoadEnd                 
00201200  RamfuncsLoadStart               
20000000  RamfuncsRunStart                
00200031  ResetISR                        
00204949  SysCtlC28Disable                
0020492b  SysCtlC28Enable                 
002045f7  SysCtlClockConfigGet            
002048f7  SysCtlClockConfigSet            
00204661  SysCtlClockDividersSet          
002048a5  SysCtlClockGet                  
0020477d  SysCtlClockPllConfig            
002045dd  SysCtlDeepSleep                 
00206779  SysCtlDelay                     
002045c5  SysCtlEnableAERRNMI             
00204599  SysCtlEnableVREGWarnNMI         
00204589  SysCtlFlashSizeGet              
00204565  SysCtlGPIOAHBDisable            
00204541  SysCtlGPIOAHBEnable             
00204539  SysCtlGetNmiConfig              
00204487  SysCtlGetNmiFlagStatus          
0020452d  SysCtlGetNmiInterruptStatus     
00204509  SysCtlHoldSubSystemInReset      
002044d3  SysCtlMclkDetectionEnDis        
002044c9  SysCtlMclkDetectionEnDisStatus  
002044b1  SysCtlNmiFlgClr                 
0020448f  SysCtlNmiFlgClrAll              
00204475  SysCtlNmiIsSet                  
00204451  SysCtlPeripheralClockGating     
00204429  SysCtlPeripheralDeepSleepDisable
00204401  SysCtlPeripheralDeepSleepEnable 
002043d5  SysCtlPeripheralDisable         
002043a9  SysCtlPeripheralEnable          
0020438b  SysCtlPeripheralIsEnabled       
0020433d  SysCtlPeripheralPresent         
00204269  SysCtlPeripheralReset           
00204241  SysCtlPeripheralSleepDisable    
00204219  SysCtlPeripheralSleepEnable     
002041ff  SysCtlPowerOffPLL               
002041df  SysCtlReleaseSubSystemFromReset 
002041d7  SysCtlReset                     
002041cb  SysCtlResetCauseClear           
002041c5  SysCtlResetCauseGet             
002041a5  SysCtlSRAMSizeGet               
00206465  SysCtlSleep                     
0020416d  SysCtlSubSystemReset            
0020414f  SysCtlUSBPLLConfigGet           
002040bd  SysCtlUSBPLLConfigSet           
002040a5  SysCtlUSBPLLDisable             
00204073  SysCtlUSBPLLEnable              
00204001  SysCtlXPllClockDividerSet       
00205d91  Timer0IntHandler                
00206085  Timer1IntHandler                
00205937  TimerConfigure                  
00205923  TimerControlEvent               
0020590d  TimerControlLevel               
002058f7  TimerControlStall               
002058e1  TimerControlTrigger             
002058a9  TimerControlWaitOnTrigger       
00205895  TimerDisable                    
00205887  TimerEnable                     
00205883  TimerIntClear                   
00205879  TimerIntDisable                 
00205871  TimerIntEnable                  
0020581f  TimerIntRegister                
00205815  TimerIntStatus                  
002057c9  TimerIntUnregister              
002057bd  TimerLoadGet                    
002057ab  TimerLoadSet                    
0020579f  TimerMatchGet                   
0020578d  TimerMatchSet                   
00205781  TimerPrescaleGet                
00205775  TimerPrescaleMatchGet           
00205763  TimerPrescaleMatchSet           
00205751  TimerPrescaleSet                
00205747  TimerRTCDisable                 
0020573d  TimerRTCEnable                  
00205731  TimerValueGet                   
0020667d  UARTCharPut                     
0020618b  UARTConfigSetExpClk             
0020649d  UARTDisable                     
00206615  UARTEnable                      
00206709  UARTFIFOLevelSet                
0020674d  UARTIntClear                    
00206721  UARTIntEnable                   
002066b9  UARTIntHandler                  
0020669b  UARTIntStatus                   
00205f45  WatchdogEnable                  
00205f3f  WatchdogIntClear                
00205f35  WatchdogIntEnable               
00205f25  WatchdogIntRegister             
00205f1b  WatchdogIntStatus               
00205f0b  WatchdogIntUnregister           
00205f03  WatchdogLock                    
00205ef5  WatchdogLockState               
00205ef1  WatchdogReloadGet               
00205eed  WatchdogReloadSet               
00205ee3  WatchdogResetDisable            
00205ed9  WatchdogResetEnable             
00205ed1  WatchdogRunning                 
00205ec3  WatchdogStallDisable            
00205eb5  WatchdogStallEnable             
00205ead  WatchdogUnlock                  
00205ea9  WatchdogValueGet                
20000168  __STACK_END                     
00000100  __STACK_SIZE                    
20000168  __STACK_TOP                     
00206908  __TI_CINIT_Base                 
00206938  __TI_CINIT_Limit                
002068d4  __TI_Handler_Table_Base         
002068e0  __TI_Handler_Table_Limit        
00206421  __TI_auto_init_nobinit_nopinit  
00206201  __TI_decompress_lzss            
0020675f  __TI_decompress_none            
ffffffff  __TI_pprof_out_hndl             
ffffffff  __TI_prof_data_size             
ffffffff  __TI_prof_data_start            
002068b8  __TI_static_base__              
0020676d  __TI_zero_init                  
00206111  __aeabi_memclr                  
00206111  __aeabi_memclr4                 
00206111  __aeabi_memclr8                 
00205f55  __aeabi_memcpy                  
00205f55  __aeabi_memcpy4                 
00205f55  __aeabi_memcpy8                 
00206113  __aeabi_memset                  
00206113  __aeabi_memset4                 
00206113  __aeabi_memset8                 
ffffffff  __binit__                       
ffffffff  __c_args__                      
UNDEFED   __mpu_init                      
20000068  __stack                         
2000522c  _backlight                      
002065ed  _c_int00_noargs                 
002066d5  _command                        
2000522d  _displaycontrol                 
2000522e  _displayfunction                
2000522f  _displaymode                    
20005230  _numlines                       
00206327  _send                           
002063d1  _sendNibble                     
UNDEFED   _system_post_cinit              
0020677f  _system_pre_init                
00205ff1  _write2I2C                      
200051ec  a                               
00206783  abort                           
200051f0  b                               
2000c000  base                            
200051b4  base_read_index                 
ffffffff  binit                           
002064cd  blinkLCD                        
20005214  buffer                          
00206639  clearLCD                        
200051bc  count                           
200051c0  count2                          
200051b0  crc                             
20005231  currentPage                     
002066ef  delayMicroseconds               
002064fd  displayLCD                      
200051c8  edit_mode                       
200051cc  edit_row_index                  
200051d0  editvar                         
20000400  g_pfnRAMVectors                 
00201000  g_pfnVectors                    
0020665b  homeLCD                         
200051b8  index                           
200051c4  index_drawn                     
00205c45  initializeLCD                   
0020637d  ltoa                            
00204989  main                            
00205f55  memcpy                          
00206119  memset                          
0020655d  noBlinkLCD                      
002062c9  printLCD                        
20005232  serial_print_char               
0020658d  setBacklightLCD                 
00206269  setCursorLCD                    
00206739  strlen                          


GLOBAL SYMBOLS: SORTED BY Symbol Address 

address   name                            
-------   ----                            
00000100  __STACK_SIZE                    
00200031  ResetISR                        
00201000  g_pfnVectors                    
00201200  RamfuncsLoadStart               
00201268  RamfuncsLoadEnd                 
00204001  SysCtlXPllClockDividerSet       
00204073  SysCtlUSBPLLEnable              
002040a5  SysCtlUSBPLLDisable             
002040bd  SysCtlUSBPLLConfigSet           
0020414f  SysCtlUSBPLLConfigGet           
0020416d  SysCtlSubSystemReset            
002041a5  SysCtlSRAMSizeGet               
002041c5  SysCtlResetCauseGet             
002041cb  SysCtlResetCauseClear           
002041d7  SysCtlReset                     
002041df  SysCtlReleaseSubSystemFromReset 
002041ff  SysCtlPowerOffPLL               
00204219  SysCtlPeripheralSleepEnable     
00204241  SysCtlPeripheralSleepDisable    
00204269  SysCtlPeripheralReset           
0020433d  SysCtlPeripheralPresent         
0020438b  SysCtlPeripheralIsEnabled       
002043a9  SysCtlPeripheralEnable          
002043d5  SysCtlPeripheralDisable         
00204401  SysCtlPeripheralDeepSleepEnable 
00204429  SysCtlPeripheralDeepSleepDisable
00204451  SysCtlPeripheralClockGating     
00204475  SysCtlNmiIsSet                  
00204487  SysCtlGetNmiFlagStatus          
0020448f  SysCtlNmiFlgClrAll              
002044b1  SysCtlNmiFlgClr                 
002044c9  SysCtlMclkDetectionEnDisStatus  
002044d3  SysCtlMclkDetectionEnDis        
00204509  SysCtlHoldSubSystemInReset      
0020452d  SysCtlGetNmiInterruptStatus     
00204539  SysCtlGetNmiConfig              
00204541  SysCtlGPIOAHBEnable             
00204565  SysCtlGPIOAHBDisable            
00204589  SysCtlFlashSizeGet              
00204599  SysCtlEnableVREGWarnNMI         
002045c5  SysCtlEnableAERRNMI             
002045dd  SysCtlDeepSleep                 
002045f7  SysCtlClockConfigGet            
00204661  SysCtlClockDividersSet          
0020477d  SysCtlClockPllConfig            
002048a5  SysCtlClockGet                  
002048f7  SysCtlClockConfigSet            
0020492b  SysCtlC28Enable                 
00204949  SysCtlC28Disable                
00204989  main                            
002050b3  GPIOPortIntUnregister           
002050c7  GPIOPortIntRegister             
002050df  GPIOPinWrite                    
002050e5  GPIOPinLockStatus               
002050ef  GPIOPinUnlock                   
00205113  GPIODirModeSet                  
00205143  GPIOPadConfigSet                
0020519d  GPIOPinTypeUSBDigital           
002051b1  GPIOPinTypeUSBAnalog            
002051c5  GPIOPinTypeUART                 
002051d9  GPIOPinTypeTimer                
002051ed  GPIOPinTypeSSI                  
00205201  GPIOPinTypeI2C                  
00205215  GPIOPinTypeGPIOOutputOD         
00205229  GPIOPinTypeGPIOOutput           
0020523d  GPIOPinTypeGPIOInput            
00205251  GPIOPinTypeEPI                  
00205265  GPIOPinTypeCAN                  
00205279  GPIOPinRead                     
0020527f  GPIOPinLock                     
002052a5  GPIOPinIntStatus                
002052b3  GPIOPinIntEnable                
002052bf  GPIOPinIntDisable               
002052cd  GPIOPinIntClear                 
002052d3  GPIOPinConfigureCoreSelect      
002052fd  GPIOPinConfigure                
00205371  GPIOPadConfigGet                
002053ad  GPIOIntTypeSet                  
002053f3  GPIOIntTypeGet                  
00205431  GPIODirModeGet                  
00205465  IntUnregister                   
0020546f  IntRegister                     
00205499  IntRAMVTable                    
002054a7  IntPrioritySet                  
002054d3  IntPriorityGroupingSet          
002054e5  IntPriorityGroupingGet          
00205507  IntPriorityGet                  
00205521  IntPendSet                      
0020558b  IntPendClear                    
002055e9  IntMasterEnable                 
002055f3  IntMasterDisable                
002055fd  IntFlashVTable                  
0020560b  IntEnable                       
00205687  IntDisable                      
00205731  TimerValueGet                   
0020573d  TimerRTCEnable                  
00205747  TimerRTCDisable                 
00205751  TimerPrescaleSet                
00205763  TimerPrescaleMatchSet           
00205775  TimerPrescaleMatchGet           
00205781  TimerPrescaleGet                
0020578d  TimerMatchSet                   
0020579f  TimerMatchGet                   
002057ab  TimerLoadSet                    
002057bd  TimerLoadGet                    
002057c9  TimerIntUnregister              
00205815  TimerIntStatus                  
0020581f  TimerIntRegister                
00205871  TimerIntEnable                  
00205879  TimerIntDisable                 
00205883  TimerIntClear                   
00205887  TimerEnable                     
00205895  TimerDisable                    
002058a9  TimerControlWaitOnTrigger       
002058e1  TimerControlTrigger             
002058f7  TimerControlStall               
0020590d  TimerControlLevel               
00205923  TimerControlEvent               
00205937  TimerConfigure                  
00205965  IPCMtoCSharedRamConvert         
0020597b  IPCMtoCFlagSet                  
00205985  IPCMtoCFlagClear                
00205991  IPCMtoCFlagBusy                 
002059a3  IPCMtoCBootControlSystem        
00205a91  IPCCtoMFlagBusy                 
00205aa3  IPCCtoMFlagAcknowledge          
00205add  I2CSlaveStatus                  
00205ae1  I2CSlaveIntStatusEx             
00205aeb  I2CSlaveIntStatus               
00205afd  I2CSlaveIntEnableEx             
00205b05  I2CSlaveIntEnable               
00205b0f  I2CSlaveIntDisableEx            
00205b19  I2CSlaveIntDisable              
00205b23  I2CSlaveIntClearEx              
00205b27  I2CSlaveIntClear                
00205b2d  I2CSlaveEnable                  
00205b3f  I2CSlaveInit                    
00205b4b  I2CSlaveDisable                 
00205b5d  I2CSlaveDataPut                 
00205b61  I2CSlaveDataGet                 
00205b65  I2CMasterSlaveAddrSet           
00205b6d  I2CMasterIntStatus              
00205b7f  I2CMasterIntEnable              
00205b85  I2CMasterIntDisable             
00205b8b  I2CMasterIntClear               
00205b91  I2CMasterEnable                 
00205b9b  I2CMasterInitExpClk             
00205bc5  I2CMasterErr                    
00205bdf  I2CMasterDisable                
00205be9  I2CMasterDataPut                
00205bed  I2CMasterDataGet                
00205bf1  I2CMasterControl                
00205bf5  I2CMasterBusy                   
00205bfd  I2CMasterBusBusy                
00205c05  I2CIntUnregister                
00205c21  I2CIntRegister                  
00205c45  initializeLCD                   
00205d91  Timer0IntHandler                
00205ea9  WatchdogValueGet                
00205ead  WatchdogUnlock                  
00205eb5  WatchdogStallEnable             
00205ec3  WatchdogStallDisable            
00205ed1  WatchdogRunning                 
00205ed9  WatchdogResetEnable             
00205ee3  WatchdogResetDisable            
00205eed  WatchdogReloadSet               
00205ef1  WatchdogReloadGet               
00205ef5  WatchdogLockState               
00205f03  WatchdogLock                    
00205f0b  WatchdogIntUnregister           
00205f1b  WatchdogIntStatus               
00205f25  WatchdogIntRegister             
00205f35  WatchdogIntEnable               
00205f3f  WatchdogIntClear                
00205f45  WatchdogEnable                  
00205f55  __aeabi_memcpy                  
00205f55  __aeabi_memcpy4                 
00205f55  __aeabi_memcpy8                 
00205f55  memcpy                          
00205ff1  _write2I2C                      
00206085  Timer1IntHandler                
00206111  __aeabi_memclr                  
00206111  __aeabi_memclr4                 
00206111  __aeabi_memclr8                 
00206113  __aeabi_memset                  
00206113  __aeabi_memset4                 
00206113  __aeabi_memset8                 
00206119  memset                          
0020618b  UARTConfigSetExpClk             
00206201  __TI_decompress_lzss            
00206269  setCursorLCD                    
002062c9  printLCD                        
00206327  _send                           
0020637d  ltoa                            
002063d1  _sendNibble                     
00206421  __TI_auto_init_nobinit_nopinit  
00206465  CPUwfi                          
00206465  SysCtlSleep                     
00206469  CPUprimask                      
00206473  CPUcpsie                        
0020647f  CPUcpsid                        
0020648b  CPUbasepriSet                   
0020648b  IntPriorityMaskSet              
00206491  CPUbasepriGet                   
00206491  IntPriorityMaskGet              
0020649d  UARTDisable                     
002064cd  blinkLCD                        
002064fd  displayLCD                      
0020652d  RamMReqSharedMemAccess          
0020655d  noBlinkLCD                      
0020658d  setBacklightLCD                 
002065bd  MemCopy                         
002065ed  _c_int00_noargs                 
00206615  UARTEnable                      
00206639  clearLCD                        
0020665b  homeLCD                         
0020667d  UARTCharPut                     
0020669b  UARTIntStatus                   
002066b9  UARTIntHandler                  
002066d5  _command                        
002066ef  delayMicroseconds               
00206709  UARTFIFOLevelSet                
00206721  UARTIntEnable                   
00206739  strlen                          
0020674d  UARTIntClear                    
0020675f  __TI_decompress_none            
0020676d  __TI_zero_init                  
00206779  SysCtlDelay                     
0020677f  _system_pre_init                
00206783  C$$EXIT                         
00206783  abort                           
002068b8  __TI_static_base__              
002068d4  __TI_Handler_Table_Base         
002068e0  __TI_Handler_Table_Limit        
00206908  __TI_CINIT_Base                 
00206938  __TI_CINIT_Limit                
20000000  RamfuncsRunStart                
20000001  FlashInit                       
20000068  __stack                         
20000168  __STACK_END                     
20000168  __STACK_TOP                     
20000400  g_pfnRAMVectors                 
200051b0  crc                             
200051b1  Addr                            
200051b4  base_read_index                 
200051b8  index                           
200051bc  count                           
200051c0  count2                          
200051c4  index_drawn                     
200051c8  edit_mode                       
200051cc  edit_row_index                  
200051d0  editvar                         
200051d4  Enter_pressed                   
200051d8  Back_pressed                    
200051dc  INCRE_pressed                   
200051e0  DECRE_pressed                   
200051e4  Datetime                        
200051e8  LED                             
200051ec  a                               
200051f0  b                               
200051f4  M2                              
20005214  buffer                          
2000522c  _backlight                      
2000522d  _displaycontrol                 
2000522e  _displayfunction                
2000522f  _displaymode                    
20005230  _numlines                       
20005231  currentPage                     
20005232  serial_print_char               
2000c000  base                            
2000e000  CtoMvar                         
20010000  MtoCvar                         
ffffffff  __TI_pprof_out_hndl             
ffffffff  __TI_prof_data_size             
ffffffff  __TI_prof_data_start            
ffffffff  __binit__                       
ffffffff  __c_args__                      
ffffffff  binit                           
UNDEFED   __mpu_init                      
UNDEFED   _system_post_cinit              

[280 symbols]
