******************************************************************************
                  TI ARM Linker PC v18.1.4                     
******************************************************************************
>> Linked Wed May 29 11:31:16 2019

OUTPUT FILE NAME:   <uart_echo_m3.out>
ENTRY POINT SYMBOL: "_c_int00_noargs"  address: 002065d5


MEMORY CONFIGURATION

         name            origin    length      used     unused   attr    fill
----------------------  --------  ---------  --------  --------  ----  --------
  CSM_ECSL_Z1           00200000   00000024  00000000  00000024  RWIX
  CSM_RSVD_Z1           00200024   0000000c  00000000  0000000c  RWIX
  RESETISR              00200030   00000008  00000006  00000002  R  X
  INTVECS               00201000   000001b0  000001b0  00000000  R  X
  FLASHLOAD             00201200   00002e00  00000068  00002d98  R  X
  FLASH                 00204000   0007bfd0  00002884  0007974c  R  X
  CSM_RSVD_Z2           0027ffd0   0000000c  00000000  0000000c  RWIX
  CSM_ECSL_Z2           0027ffdc   00000024  00000000  00000024  RWIX
  C0                    20000000   00002000  00000318  00001ce8  RW X
  C1                    20002000   00002000  00000000  00002000  RW X
  BOOT_RSVD             20004000   00000ff8  00000000  00000ff8  R  X
  C2                    200051b0   00000e50  00000065  00000deb  RW X
  C3                    20006000   00002000  00000000  00002000  RW X
  S0                    20008000   00002000  00000000  00002000  RW X
  S1                    2000a000   00002000  00000000  00002000  RW X
  S2                    2000c000   00002000  00002000  00000000  RW X
  S3                    2000e000   00002000  00000030  00001fd0  RW X
  S4                    20010000   00002000  00000010  00001ff0  RW X
  S5                    20012000   00002000  00000000  00002000  R  X
  S6                    20014000   00002000  00000000  00002000  RW X
  S7                    20016000   00002000  00000000  00002000  RW X
  CTOMRAM               2007f000   00000800  00000000  00000800  R  X
  MTOCRAM               2007f800   00000800  00000000  00000800  RW X


SEGMENT ALLOCATION MAP

run origin  load origin   length   init length attrs members
----------  ----------- ---------- ----------- ----- -------
00200030    00200030    00000006   00000006    r-x
  00200030    00200030    00000006   00000006    r-x .resetisr
00201000    00201000    000001b0   000001b0    r--
  00201000    00201000    000001b0   000001b0    r-- .intvecs
00204000    00204000    00002888   00002888    r-x
  00204000    00204000    000026f4   000026f4    r-x .text
  002066f4    002066f4    00000118   00000118    r-- .const
  00206810    00206810    00000078   00000078    r-- .cinit
20000000    00201200    00000068   00000068    r-x
  20000000    00201200    00000068   00000068    r-x ramfuncs
20000068    20000068    00000100   00000000    rw-
  20000068    20000068    00000100   00000000    rw- .stack
20000400    20000400    000001b0   00000000    rw-
  20000400    20000400    000001b0   00000000    rw- .vtable
200051b0    200051b0    00000065   00000000    rw-
  200051b0    200051b0    00000040   00000000    rw- .data
  200051f0    200051f0    00000025   00000000    rw- .bss
2000c000    2000c000    00002030   00000000    rw-
  2000c000    2000c000    00002000   00000000    rw- SHARERAMS2
  2000e000    2000e000    00000030   00000000    rw- SHARERAMS3
20010000    20010000    00000010   00000000    rw-
  20010000    20010000    00000010   00000000    rw- SHARERAMS4


SECTION ALLOCATION MAP

 output                                  attributes/
section   page    origin      length       input sections
--------  ----  ----------  ----------   ----------------
.resetisr 
*          0    00200030    00000006     
                  00200030    00000006     startup_ccs.obj (.resetisr:ResetISR)

.intvecs   0    00201000    000001b0     
                  00201000    000001b0     startup_ccs.obj (.intvecs)

.text      0    00204000    000026f4     
                  00204000    00000988     driverlib.lib : sysctl.obj (.text)
                  00204988    00000454                   : gpio.obj (.text)
                  00204ddc    000003a4     uart_echo.obj (.text:main)
                  00205180    000002cc     driverlib.lib : interrupt.obj (.text)
                  0020544c    00000234                   : timer.obj (.text)
                  00205680    000001c0     uart_echo.obj (.text:GenerateAndSendJasonObject)
                  00205840    000001b6     rtsv7M3_T_le_eabi.lib : fd_add_t2.asm.obj (.text)
                  002059f6    00000002     startup_ccs.obj (.text:FaultISR)
                  002059f8    00000178     driverlib.lib : ipc_util.obj (.text)
                  00205b70    00000170     rtsv7M3_T_le_eabi.lib : e_sqrt.c.obj (.text:sqrt)
                  00205ce0    00000118     uart_echo.obj (.text:Timer0IntHandler)
                  00205df8    000000fc     rtsv7M3_T_le_eabi.lib : fd_mul_t2.asm.obj (.text)
                  00205ef4    000000e8     uart_echo.obj (.text:ConvertIntegerIntoStringHEX)
                  00205fdc    000000ac     driverlib.lib : watchdog.obj (.text)
                  00206088    0000009c     rtsv7M3_T_le_eabi.lib : memcpy_t2.asm.obj (.text)
                  00206124    00000094     uart_echo.obj (.text:ConvertFloatIntoString)
                  002061b8    0000007a     rtsv7M3_T_le_eabi.lib : fs_mul_t2.asm.obj (.text)
                  00206232    0000007a                           : memset_t2.asm.obj (.text)
                  002062ac    00000076     uart.obj (.text:UARTConfigSetExpClk)
                  00206322    0000006e     rtsv7M3_T_le_eabi.lib : fd_tos_t2.asm.obj (.text)
                  00206390    00000068                           : copy_decompress_lzss.c.obj (.text:decompress:lzss:__TI_decompress_lzss)
                  002063f8    00000044                           : autoinit.c.obj (.text:__TI_auto_init_nobinit_nopinit:__TI_auto_init_nobinit_nopinit)
                  0020643c    00000038                           : fs_tod_t2.asm.obj (.text)
                  00206474    00000038                           : fs_toi_t2.asm.obj (.text)
                  002064ac    00000036     driverlib.lib : cpu.obj (.text)
                  002064e2    00000002     startup_ccs.obj (.text:IntDefaultHandler)
                  002064e4    00000034     uart_echo.obj (.text:Timer1IntHandler)
                  00206518    00000030     uart.obj (.text:UARTDisable)
                  00206548    00000030     driverlib.lib : ram.obj (.text)
                  00206578    0000002e     memcopy.obj (.text:MemCopy)
                  002065a6    00000002     startup_ccs.obj (.text:NmiSR)
                  002065a8    0000002c     uart_echo.obj (.text:UART1Send)
                  002065d4    00000028     rtsv7M3_T_le_eabi.lib : boot_cortex_m.c.obj (.text:_c_int00_noargs:_c_int00_noargs)
                  002065fc    00000024     uart.obj (.text:UARTEnable)
                  00206620    0000001e     uart.obj (.text:UARTCharPut)
                  0020663e    0000001e     uart.obj (.text:UARTIntStatus)
                  0020665c    0000001c     uart_echo.obj (.text:UARTIntHandler)
                  00206678    00000018     uart.obj (.text:UARTFIFOLevelSet)
                  00206690    00000018     uart.obj (.text:UARTIntEnable)
                  002066a8    00000012     uart.obj (.text:UARTIntClear)
                  002066ba    0000000e     rtsv7M3_T_le_eabi.lib : copy_decompress_none.c.obj (.text:decompress:none:__TI_decompress_none)
                  002066c8    0000000c                           : copy_zero_init.c.obj (.text:decompress:ZI:__TI_zero_init)
                  002066d4    00000008                           : errno.c.obj (.text:__aeabi_errno_addr)
                  002066dc    00000006     driverlib.lib : sysctl.obj (.text:SysCtlDelay)
                  002066e2    00000004     rtsv7M3_T_le_eabi.lib : pre_init.c.obj (.text:_system_pre_init)
                  002066e6    00000004                           : exit.c.obj (.text:abort:abort)
                  002066ea    00000002     --HOLE-- [fill = 0]
                  002066ec    00000008     driverlib.lib : flash.obj (.tramp.FlashInit.1)

.const     0    002066f4    00000118     
                  002066f4    00000048     driverlib.lib : gpio.obj (.const:g_pulGPIOBaseAddrs)
                  0020673c    00000048                   : interrupt.obj (.const:g_pulRegs)
                  00206784    00000020                   : interrupt.obj (.const:g_pulPriority)
                  002067a4    00000014                   : sysctl.obj (.const:g_pulDCRegs)
                  002067b8    00000012     uart_echo.obj (.const:.string)
                  002067ca    00000002     --HOLE-- [fill = 0]
                  002067cc    00000010     driverlib.lib : sysctl.obj (.const:g_pulDCGCRegs)
                  002067dc    00000010                   : sysctl.obj (.const:g_pulRCGCRegs)
                  002067ec    00000010                   : sysctl.obj (.const:g_pulSCGCRegs)
                  002067fc    00000010                   : sysctl.obj (.const:g_pulSRCRRegs)

.cinit     0    00206810    00000078     
                  00206810    00000012     (.cinit..data.load) [load image, compression = lzss]
                  00206822    00000002     --HOLE-- [fill = 0]
                  00206824    0000000c     (__TI_handler_table)
                  00206830    00000008     (.cinit..bss.load) [load image, compression = zero_init]
                  00206838    00000008     (.cinit..vtable.load) [load image, compression = zero_init]
                  00206840    00000008     (.cinit.SHARERAMS2.load) [load image, compression = zero_init]
                  00206848    00000008     (.cinit.SHARERAMS3.load) [load image, compression = zero_init]
                  00206850    00000008     (.cinit.SHARERAMS4.load) [load image, compression = zero_init]
                  00206858    00000030     (__TI_cinit_table)

.stack     0    20000068    00000100     UNINITIALIZED
                  20000068    00000004     rtsv7M3_T_le_eabi.lib : boot_cortex_m.c.obj (.stack)
                  2000006c    000000fc     --HOLE--

SHARERAMS2 
*          0    2000c000    00002000     UNINITIALIZED
                  2000c000    00002000     uart_echo.obj (SHARERAMS2)

SHARERAMS3 
*          0    2000e000    00000030     UNINITIALIZED
                  2000e000    00000030     uart_echo.obj (SHARERAMS3)

SHARERAMS4 
*          0    20010000    00000010     UNINITIALIZED
                  20010000    00000010     uart_echo.obj (SHARERAMS4)

ramfuncs   0    00201200    00000068     RUN ADDR = 20000000
                  00201200    00000068     driverlib.lib : flash.obj (ramfuncs)

GETBUFFER 
*          0    2007f000    00000000     DSECT

GETWRITEIDX 
*          0    2007f000    00000000     DSECT

PUTREADIDX 
*          0    2007f000    00000000     DSECT

.vtable    0    20000400    000001b0     UNINITIALIZED
                  20000400    000001b0     driverlib.lib : interrupt.obj (.vtable)

.data      0    200051b0    00000040     UNINITIALIZED
                  200051b0    0000003c     uart_echo.obj (.data)
                  200051ec    00000004     rtsv7M3_T_le_eabi.lib : errno.c.obj (.data)

.bss       0    200051f0    00000025     UNINITIALIZED
                  200051f0    00000020     (.common:M2)
                  20005210    00000004     uart_echo.obj (.bss)
                  20005214    00000001     (.common:serial_print_char)

MODULE SUMMARY

       Module                       code    ro data   rw data
       ------                       ----    -------   -------
    .\
       uart_echo.obj                2164    18        8353   
       startup_ccs.obj              12      432       0      
       uart.obj                     328     0         0      
       memcopy.obj                  46      0         0      
    +--+----------------------------+-------+---------+---------+
       Total:                       2550    450       8353   
                                                             
    C:/ti/ccsv8/tools/compiler/ti-cgt-arm_18.1.4.LTS/lib/rtsv7M3_T_le_eabi.lib
       fd_add_t2.asm.obj            438     0         0      
       e_sqrt.c.obj                 368     0         0      
       fd_mul_t2.asm.obj            252     0         0      
       memcpy_t2.asm.obj            156     0         0      
       fs_mul_t2.asm.obj            122     0         0      
       memset_t2.asm.obj            122     0         0      
       fd_tos_t2.asm.obj            110     0         0      
       copy_decompress_lzss.c.obj   104     0         0      
       autoinit.c.obj               68      0         0      
       fs_tod_t2.asm.obj            56      0         0      
       fs_toi_t2.asm.obj            56      0         0      
       boot_cortex_m.c.obj          40      0         0      
       copy_decompress_none.c.obj   14      0         0      
       copy_zero_init.c.obj         12      0         0      
       errno.c.obj                  8       0         4      
       exit.c.obj                   4       0         0      
       pre_init.c.obj               4       0         0      
    +--+----------------------------+-------+---------+---------+
       Total:                       1934    0         4      
                                                             
    C:/ti/controlSUITE/device_support/f28m35x/v100/MWare/driverlib/ccs/Debug/driverlib.lib
       sysctl.obj                   2446    84        0      
       interrupt.obj                716     104       432    
       gpio.obj                     1108    72        0      
       timer.obj                    564     0         0      
       ipc_util.obj                 376     0         0      
       flash.obj                    216     0         0      
       watchdog.obj                 172     0         0      
       cpu.obj                      54      0         0      
       ram.obj                      48      0         0      
    +--+----------------------------+-------+---------+---------+
       Total:                       5700    260       432    
                                                             
       Stack:                       0       0         256    
       Linker Generated:            0       118       0      
    +--+----------------------------+-------+---------+---------+
       Grand Total:                 10184   828       9045   


LINKER GENERATED COPY TABLES

__TI_cinit_table @ 00206858 records: 6, size/record: 8, table size: 48
	.data: load addr=00206810, load size=00000012 bytes, run addr=200051b0, run size=00000040 bytes, compression=lzss
	.bss: load addr=00206830, load size=00000008 bytes, run addr=200051f0, run size=00000025 bytes, compression=zero_init
	.vtable: load addr=00206838, load size=00000008 bytes, run addr=20000400, run size=000001b0 bytes, compression=zero_init
	SHARERAMS2: load addr=00206840, load size=00000008 bytes, run addr=2000c000, run size=00002000 bytes, compression=zero_init
	SHARERAMS3: load addr=00206848, load size=00000008 bytes, run addr=2000e000, run size=00000030 bytes, compression=zero_init
	SHARERAMS4: load addr=00206850, load size=00000008 bytes, run addr=20010000, run size=00000010 bytes, compression=zero_init


LINKER GENERATED HANDLER TABLE

__TI_handler_table @ 00206824 records: 3, size/record: 4, table size: 12
	index: 0, handler: __TI_zero_init
	index: 1, handler: __TI_decompress_lzss
	index: 2, handler: __TI_decompress_none


FAR CALL TRAMPOLINES

callee name               trampoline name
   callee addr  tramp addr   call addr  call info
--------------  -----------  ---------  ----------------
FlashInit                 $Tramp$TT$L$PI$$FlashInit
   20000001     002066ec     00204dfc   uart_echo.obj (.text:main)

[1 trampolines]
[1 trampoline calls]


GLOBAL SYMBOLS: SORTED ALPHABETICALLY BY Name 

address   name                            
-------   ----                            
200051b1  Addr                            
200051d8  Back_pressed                    
002066e7  C$$EXIT                         
002064d9  CPUbasepriGet                   
002064d3  CPUbasepriSet                   
002064c7  CPUcpsid                        
002064bb  CPUcpsie                        
002064b1  CPUprimask                      
002064ad  CPUwfi                          
00206125  ConvertFloatIntoString          
00205ef5  ConvertIntegerIntoStringHEX     
2000e000  CtoMvar                         
200051e0  DECRE_pressed                   
200051e4  Datetime                        
200051d4  Enter_pressed                   
20000001  FlashInit                       
00204da9  GPIODirModeGet                  
00204a8b  GPIODirModeSet                  
00204d6b  GPIOIntTypeGet                  
00204d25  GPIOIntTypeSet                  
00204ce9  GPIOPadConfigGet                
00204abb  GPIOPadConfigSet                
00204c75  GPIOPinConfigure                
00204c4b  GPIOPinConfigureCoreSelect      
00204c45  GPIOPinIntClear                 
00204c37  GPIOPinIntDisable               
00204c2b  GPIOPinIntEnable                
00204c1d  GPIOPinIntStatus                
00204bf7  GPIOPinLock                     
00204a5d  GPIOPinLockStatus               
00204bf1  GPIOPinRead                     
00204bdd  GPIOPinTypeCAN                  
00204bc9  GPIOPinTypeEPI                  
00204bb5  GPIOPinTypeGPIOInput            
00204ba1  GPIOPinTypeGPIOOutput           
00204b8d  GPIOPinTypeGPIOOutputOD         
00204b79  GPIOPinTypeI2C                  
00204b65  GPIOPinTypeSSI                  
00204b51  GPIOPinTypeTimer                
00204b3d  GPIOPinTypeUART                 
00204b29  GPIOPinTypeUSBAnalog            
00204b15  GPIOPinTypeUSBDigital           
00204a67  GPIOPinUnlock                   
00204a57  GPIOPinWrite                    
00204a3f  GPIOPortIntRegister             
00204a2b  GPIOPortIntUnregister           
00205681  GenerateAndSendJasonObject      
200051dc  INCRE_pressed                   
00205b37  IPCCtoMFlagAcknowledge          
00205b25  IPCCtoMFlagBusy                 
00205a37  IPCMtoCBootControlSystem        
00205a25  IPCMtoCFlagBusy                 
00205a19  IPCMtoCFlagClear                
00205a0f  IPCMtoCFlagSet                  
002059f9  IPCMtoCSharedRamConvert         
002053a3  IntDisable                      
00205327  IntEnable                       
00205319  IntFlashVTable                  
0020530f  IntMasterDisable                
00205305  IntMasterEnable                 
002052a7  IntPendClear                    
0020523d  IntPendSet                      
00205223  IntPriorityGet                  
00205201  IntPriorityGroupingGet          
002051ef  IntPriorityGroupingSet          
002064d9  IntPriorityMaskGet              
002064d3  IntPriorityMaskSet              
002051c3  IntPrioritySet                  
002051b5  IntRAMVTable                    
0020518b  IntRegister                     
00205181  IntUnregister                   
200051e8  LED                             
200051f0  M2                              
00206579  MemCopy                         
20010000  MtoCvar                         
00206549  RamMReqSharedMemAccess          
00201268  RamfuncsLoadEnd                 
00201200  RamfuncsLoadStart               
20000000  RamfuncsRunStart                
00200031  ResetISR                        
00204949  SysCtlC28Disable                
0020492b  SysCtlC28Enable                 
002045f7  SysCtlClockConfigGet            
002048f7  SysCtlClockConfigSet            
00204661  SysCtlClockDividersSet          
002048a5  SysCtlClockGet                  
0020477d  SysCtlClockPllConfig            
002045dd  SysCtlDeepSleep                 
002066dd  SysCtlDelay                     
002045c5  SysCtlEnableAERRNMI             
00204599  SysCtlEnableVREGWarnNMI         
00204589  SysCtlFlashSizeGet              
00204565  SysCtlGPIOAHBDisable            
00204541  SysCtlGPIOAHBEnable             
00204539  SysCtlGetNmiConfig              
00204487  SysCtlGetNmiFlagStatus          
0020452d  SysCtlGetNmiInterruptStatus     
00204509  SysCtlHoldSubSystemInReset      
002044d3  SysCtlMclkDetectionEnDis        
002044c9  SysCtlMclkDetectionEnDisStatus  
002044b1  SysCtlNmiFlgClr                 
0020448f  SysCtlNmiFlgClrAll              
00204475  SysCtlNmiIsSet                  
00204451  SysCtlPeripheralClockGating     
00204429  SysCtlPeripheralDeepSleepDisable
00204401  SysCtlPeripheralDeepSleepEnable 
002043d5  SysCtlPeripheralDisable         
002043a9  SysCtlPeripheralEnable          
0020438b  SysCtlPeripheralIsEnabled       
0020433d  SysCtlPeripheralPresent         
00204269  SysCtlPeripheralReset           
00204241  SysCtlPeripheralSleepDisable    
00204219  SysCtlPeripheralSleepEnable     
002041ff  SysCtlPowerOffPLL               
002041df  SysCtlReleaseSubSystemFromReset 
002041d7  SysCtlReset                     
002041cb  SysCtlResetCauseClear           
002041c5  SysCtlResetCauseGet             
002041a5  SysCtlSRAMSizeGet               
002064ad  SysCtlSleep                     
0020416d  SysCtlSubSystemReset            
0020414f  SysCtlUSBPLLConfigGet           
002040bd  SysCtlUSBPLLConfigSet           
002040a5  SysCtlUSBPLLDisable             
00204073  SysCtlUSBPLLEnable              
00204001  SysCtlXPllClockDividerSet       
00205ce1  Timer0IntHandler                
002064e5  Timer1IntHandler                
00205653  TimerConfigure                  
0020563f  TimerControlEvent               
00205629  TimerControlLevel               
00205613  TimerControlStall               
002055fd  TimerControlTrigger             
002055c5  TimerControlWaitOnTrigger       
002055b1  TimerDisable                    
002055a3  TimerEnable                     
0020559f  TimerIntClear                   
00205595  TimerIntDisable                 
0020558d  TimerIntEnable                  
0020553b  TimerIntRegister                
00205531  TimerIntStatus                  
002054e5  TimerIntUnregister              
002054d9  TimerLoadGet                    
002054c7  TimerLoadSet                    
002054bb  TimerMatchGet                   
002054a9  TimerMatchSet                   
0020549d  TimerPrescaleGet                
00205491  TimerPrescaleMatchGet           
0020547f  TimerPrescaleMatchSet           
0020546d  TimerPrescaleSet                
00205463  TimerRTCDisable                 
00205459  TimerRTCEnable                  
0020544d  TimerValueGet                   
002065a9  UART1Send                       
00206621  UARTCharPut                     
002062ad  UARTConfigSetExpClk             
00206519  UARTDisable                     
002065fd  UARTEnable                      
00206679  UARTFIFOLevelSet                
002066a9  UARTIntClear                    
00206691  UARTIntEnable                   
0020665d  UARTIntHandler                  
0020663f  UARTIntStatus                   
00206079  WatchdogEnable                  
00206073  WatchdogIntClear                
00206069  WatchdogIntEnable               
00206059  WatchdogIntRegister             
0020604f  WatchdogIntStatus               
0020603f  WatchdogIntUnregister           
00206037  WatchdogLock                    
00206029  WatchdogLockState               
00206025  WatchdogReloadGet               
00206021  WatchdogReloadSet               
00206017  WatchdogResetDisable            
0020600d  WatchdogResetEnable             
00206005  WatchdogRunning                 
00205ff7  WatchdogStallDisable            
00205fe9  WatchdogStallEnable             
00205fe1  WatchdogUnlock                  
00205fdd  WatchdogValueGet                
20000168  __STACK_END                     
00000100  __STACK_SIZE                    
20000168  __STACK_TOP                     
00206858  __TI_CINIT_Base                 
00206888  __TI_CINIT_Limit                
00206824  __TI_Handler_Table_Base         
00206830  __TI_Handler_Table_Limit        
002063f9  __TI_auto_init_nobinit_nopinit  
00206391  __TI_decompress_lzss            
002066bb  __TI_decompress_none            
ffffffff  __TI_pprof_out_hndl             
ffffffff  __TI_prof_data_size             
ffffffff  __TI_prof_data_start            
00206810  __TI_static_base__              
002066c9  __TI_zero_init                  
00206323  __aeabi_d2f                     
0020584b  __aeabi_dadd                    
00205df9  __aeabi_dmul                    
00205841  __aeabi_dsub                    
002066d5  __aeabi_errno_addr              
0020643d  __aeabi_f2d                     
00206475  __aeabi_f2iz                    
002061b9  __aeabi_fmul                    
00206233  __aeabi_memclr                  
00206233  __aeabi_memclr4                 
00206233  __aeabi_memclr8                 
00206089  __aeabi_memcpy                  
00206089  __aeabi_memcpy4                 
00206089  __aeabi_memcpy8                 
00206235  __aeabi_memset                  
00206235  __aeabi_memset4                 
00206235  __aeabi_memset8                 
ffffffff  __binit__                       
ffffffff  __c_args__                      
UNDEFED   __mpu_init                      
20000068  __stack                         
002065d5  _c_int00_noargs                 
UNDEFED   _system_post_cinit              
002066e3  _system_pre_init                
002066e7  abort                           
2000c000  base                            
200051b4  base_read_index                 
ffffffff  binit                           
200051bc  count                           
200051c0  count2                          
200051b0  crc                             
200051c8  edit_mode                       
200051cc  edit_row_index                  
200051d0  editvar                         
200051ec  errno                           
20000400  g_pfnRAMVectors                 
00201000  g_pfnVectors                    
200051b8  index                           
200051c4  index_drawn                     
00204ddd  main                            
00206089  memcpy                          
0020623b  memset                          
20005214  serial_print_char               
00205b71  sqrt                            
00205b71  sqrtl                           


GLOBAL SYMBOLS: SORTED BY Symbol Address 

address   name                            
-------   ----                            
00000100  __STACK_SIZE                    
00200031  ResetISR                        
00201000  g_pfnVectors                    
00201200  RamfuncsLoadStart               
00201268  RamfuncsLoadEnd                 
00204001  SysCtlXPllClockDividerSet       
00204073  SysCtlUSBPLLEnable              
002040a5  SysCtlUSBPLLDisable             
002040bd  SysCtlUSBPLLConfigSet           
0020414f  SysCtlUSBPLLConfigGet           
0020416d  SysCtlSubSystemReset            
002041a5  SysCtlSRAMSizeGet               
002041c5  SysCtlResetCauseGet             
002041cb  SysCtlResetCauseClear           
002041d7  SysCtlReset                     
002041df  SysCtlReleaseSubSystemFromReset 
002041ff  SysCtlPowerOffPLL               
00204219  SysCtlPeripheralSleepEnable     
00204241  SysCtlPeripheralSleepDisable    
00204269  SysCtlPeripheralReset           
0020433d  SysCtlPeripheralPresent         
0020438b  SysCtlPeripheralIsEnabled       
002043a9  SysCtlPeripheralEnable          
002043d5  SysCtlPeripheralDisable         
00204401  SysCtlPeripheralDeepSleepEnable 
00204429  SysCtlPeripheralDeepSleepDisable
00204451  SysCtlPeripheralClockGating     
00204475  SysCtlNmiIsSet                  
00204487  SysCtlGetNmiFlagStatus          
0020448f  SysCtlNmiFlgClrAll              
002044b1  SysCtlNmiFlgClr                 
002044c9  SysCtlMclkDetectionEnDisStatus  
002044d3  SysCtlMclkDetectionEnDis        
00204509  SysCtlHoldSubSystemInReset      
0020452d  SysCtlGetNmiInterruptStatus     
00204539  SysCtlGetNmiConfig              
00204541  SysCtlGPIOAHBEnable             
00204565  SysCtlGPIOAHBDisable            
00204589  SysCtlFlashSizeGet              
00204599  SysCtlEnableVREGWarnNMI         
002045c5  SysCtlEnableAERRNMI             
002045dd  SysCtlDeepSleep                 
002045f7  SysCtlClockConfigGet            
00204661  SysCtlClockDividersSet          
0020477d  SysCtlClockPllConfig            
002048a5  SysCtlClockGet                  
002048f7  SysCtlClockConfigSet            
0020492b  SysCtlC28Enable                 
00204949  SysCtlC28Disable                
00204a2b  GPIOPortIntUnregister           
00204a3f  GPIOPortIntRegister             
00204a57  GPIOPinWrite                    
00204a5d  GPIOPinLockStatus               
00204a67  GPIOPinUnlock                   
00204a8b  GPIODirModeSet                  
00204abb  GPIOPadConfigSet                
00204b15  GPIOPinTypeUSBDigital           
00204b29  GPIOPinTypeUSBAnalog            
00204b3d  GPIOPinTypeUART                 
00204b51  GPIOPinTypeTimer                
00204b65  GPIOPinTypeSSI                  
00204b79  GPIOPinTypeI2C                  
00204b8d  GPIOPinTypeGPIOOutputOD         
00204ba1  GPIOPinTypeGPIOOutput           
00204bb5  GPIOPinTypeGPIOInput            
00204bc9  GPIOPinTypeEPI                  
00204bdd  GPIOPinTypeCAN                  
00204bf1  GPIOPinRead                     
00204bf7  GPIOPinLock                     
00204c1d  GPIOPinIntStatus                
00204c2b  GPIOPinIntEnable                
00204c37  GPIOPinIntDisable               
00204c45  GPIOPinIntClear                 
00204c4b  GPIOPinConfigureCoreSelect      
00204c75  GPIOPinConfigure                
00204ce9  GPIOPadConfigGet                
00204d25  GPIOIntTypeSet                  
00204d6b  GPIOIntTypeGet                  
00204da9  GPIODirModeGet                  
00204ddd  main                            
00205181  IntUnregister                   
0020518b  IntRegister                     
002051b5  IntRAMVTable                    
002051c3  IntPrioritySet                  
002051ef  IntPriorityGroupingSet          
00205201  IntPriorityGroupingGet          
00205223  IntPriorityGet                  
0020523d  IntPendSet                      
002052a7  IntPendClear                    
00205305  IntMasterEnable                 
0020530f  IntMasterDisable                
00205319  IntFlashVTable                  
00205327  IntEnable                       
002053a3  IntDisable                      
0020544d  TimerValueGet                   
00205459  TimerRTCEnable                  
00205463  TimerRTCDisable                 
0020546d  TimerPrescaleSet                
0020547f  TimerPrescaleMatchSet           
00205491  TimerPrescaleMatchGet           
0020549d  TimerPrescaleGet                
002054a9  TimerMatchSet                   
002054bb  TimerMatchGet                   
002054c7  TimerLoadSet                    
002054d9  TimerLoadGet                    
002054e5  TimerIntUnregister              
00205531  TimerIntStatus                  
0020553b  TimerIntRegister                
0020558d  TimerIntEnable                  
00205595  TimerIntDisable                 
0020559f  TimerIntClear                   
002055a3  TimerEnable                     
002055b1  TimerDisable                    
002055c5  TimerControlWaitOnTrigger       
002055fd  TimerControlTrigger             
00205613  TimerControlStall               
00205629  TimerControlLevel               
0020563f  TimerControlEvent               
00205653  TimerConfigure                  
00205681  GenerateAndSendJasonObject      
00205841  __aeabi_dsub                    
0020584b  __aeabi_dadd                    
002059f9  IPCMtoCSharedRamConvert         
00205a0f  IPCMtoCFlagSet                  
00205a19  IPCMtoCFlagClear                
00205a25  IPCMtoCFlagBusy                 
00205a37  IPCMtoCBootControlSystem        
00205b25  IPCCtoMFlagBusy                 
00205b37  IPCCtoMFlagAcknowledge          
00205b71  sqrt                            
00205b71  sqrtl                           
00205ce1  Timer0IntHandler                
00205df9  __aeabi_dmul                    
00205ef5  ConvertIntegerIntoStringHEX     
00205fdd  WatchdogValueGet                
00205fe1  WatchdogUnlock                  
00205fe9  WatchdogStallEnable             
00205ff7  WatchdogStallDisable            
00206005  WatchdogRunning                 
0020600d  WatchdogResetEnable             
00206017  WatchdogResetDisable            
00206021  WatchdogReloadSet               
00206025  WatchdogReloadGet               
00206029  WatchdogLockState               
00206037  WatchdogLock                    
0020603f  WatchdogIntUnregister           
0020604f  WatchdogIntStatus               
00206059  WatchdogIntRegister             
00206069  WatchdogIntEnable               
00206073  WatchdogIntClear                
00206079  WatchdogEnable                  
00206089  __aeabi_memcpy                  
00206089  __aeabi_memcpy4                 
00206089  __aeabi_memcpy8                 
00206089  memcpy                          
00206125  ConvertFloatIntoString          
002061b9  __aeabi_fmul                    
00206233  __aeabi_memclr                  
00206233  __aeabi_memclr4                 
00206233  __aeabi_memclr8                 
00206235  __aeabi_memset                  
00206235  __aeabi_memset4                 
00206235  __aeabi_memset8                 
0020623b  memset                          
002062ad  UARTConfigSetExpClk             
00206323  __aeabi_d2f                     
00206391  __TI_decompress_lzss            
002063f9  __TI_auto_init_nobinit_nopinit  
0020643d  __aeabi_f2d                     
00206475  __aeabi_f2iz                    
002064ad  CPUwfi                          
002064ad  SysCtlSleep                     
002064b1  CPUprimask                      
002064bb  CPUcpsie                        
002064c7  CPUcpsid                        
002064d3  CPUbasepriSet                   
002064d3  IntPriorityMaskSet              
002064d9  CPUbasepriGet                   
002064d9  IntPriorityMaskGet              
002064e5  Timer1IntHandler                
00206519  UARTDisable                     
00206549  RamMReqSharedMemAccess          
00206579  MemCopy                         
002065a9  UART1Send                       
002065d5  _c_int00_noargs                 
002065fd  UARTEnable                      
00206621  UARTCharPut                     
0020663f  UARTIntStatus                   
0020665d  UARTIntHandler                  
00206679  UARTFIFOLevelSet                
00206691  UARTIntEnable                   
002066a9  UARTIntClear                    
002066bb  __TI_decompress_none            
002066c9  __TI_zero_init                  
002066d5  __aeabi_errno_addr              
002066dd  SysCtlDelay                     
002066e3  _system_pre_init                
002066e7  C$$EXIT                         
002066e7  abort                           
00206810  __TI_static_base__              
00206824  __TI_Handler_Table_Base         
00206830  __TI_Handler_Table_Limit        
00206858  __TI_CINIT_Base                 
00206888  __TI_CINIT_Limit                
20000000  RamfuncsRunStart                
20000001  FlashInit                       
20000068  __stack                         
20000168  __STACK_END                     
20000168  __STACK_TOP                     
20000400  g_pfnRAMVectors                 
200051b0  crc                             
200051b1  Addr                            
200051b4  base_read_index                 
200051b8  index                           
200051bc  count                           
200051c0  count2                          
200051c4  index_drawn                     
200051c8  edit_mode                       
200051cc  edit_row_index                  
200051d0  editvar                         
200051d4  Enter_pressed                   
200051d8  Back_pressed                    
200051dc  INCRE_pressed                   
200051e0  DECRE_pressed                   
200051e4  Datetime                        
200051e8  LED                             
200051ec  errno                           
200051f0  M2                              
20005214  serial_print_char               
2000c000  base                            
2000e000  CtoMvar                         
20010000  MtoCvar                         
ffffffff  __TI_pprof_out_hndl             
ffffffff  __TI_prof_data_size             
ffffffff  __TI_prof_data_start            
ffffffff  __binit__                       
ffffffff  __c_args__                      
ffffffff  binit                           
UNDEFED   __mpu_init                      
UNDEFED   _system_post_cinit              

[240 symbols]
