<?xml version="1.0" encoding="ISO-8859-1" ?>
<link_info>
   <banner>TI ARM Linker PC v18.1.4.LTS</banner>
   <copyright>Copyright (c) 1996-2018 Texas Instruments Incorporated</copyright>
   <link_time>0x5ce525c6</link_time>
   <link_errors>0x0</link_errors>
   <output_file>uart_echo_m3.out</output_file>
   <entry_point>
      <name>_c_int00_noargs</name>
      <address>0x205ebd</address>
   </entry_point>
   <input_file_list>
      <input_file id="fl-2">
         <path>.\</path>
         <kind>object</kind>
         <file>LiquidCrystal_PCF8574.obj</file>
         <name>LiquidCrystal_PCF8574.obj</name>
      </input_file>
      <input_file id="fl-3">
         <path>.\</path>
         <kind>object</kind>
         <file>SolarHv_DCAC-Lin.obj</file>
         <name>SolarHv_DCAC-Lin.obj</name>
      </input_file>
      <input_file id="fl-4">
         <path>.\</path>
         <kind>object</kind>
         <file>memcopy.obj</file>
         <name>memcopy.obj</name>
      </input_file>
      <input_file id="fl-5">
         <path>.\</path>
         <kind>object</kind>
         <file>startup_ccs.obj</file>
         <name>startup_ccs.obj</name>
      </input_file>
      <input_file id="fl-6">
         <path>.\</path>
         <kind>object</kind>
         <file>uart.obj</file>
         <name>uart.obj</name>
      </input_file>
      <input_file id="fl-7">
         <path>.\</path>
         <kind>object</kind>
         <file>uart_echo.obj</file>
         <name>uart_echo.obj</name>
      </input_file>
      <input_file id="fl-c">
         <kind>object</kind>
         <file>&lt;internal&gt;</file>
         <name>&lt;internal&gt;</name>
      </input_file>
      <input_file id="fl-d">
         <path>C:\ti\controlSUITE\device_support\f28m35x\v100\MWare\driverlib\ccs\Debug\</path>
         <kind>archive</kind>
         <file>driverlib.lib</file>
         <name>flash.obj</name>
      </input_file>
      <input_file id="fl-e">
         <path>C:\ti\controlSUITE\device_support\f28m35x\v100\MWare\driverlib\ccs\Debug\</path>
         <kind>archive</kind>
         <file>driverlib.lib</file>
         <name>gpio.obj</name>
      </input_file>
      <input_file id="fl-f">
         <path>C:\ti\controlSUITE\device_support\f28m35x\v100\MWare\driverlib\ccs\Debug\</path>
         <kind>archive</kind>
         <file>driverlib.lib</file>
         <name>i2c.obj</name>
      </input_file>
      <input_file id="fl-10">
         <path>C:\ti\controlSUITE\device_support\f28m35x\v100\MWare\driverlib\ccs\Debug\</path>
         <kind>archive</kind>
         <file>driverlib.lib</file>
         <name>interrupt.obj</name>
      </input_file>
      <input_file id="fl-11">
         <path>C:\ti\controlSUITE\device_support\f28m35x\v100\MWare\driverlib\ccs\Debug\</path>
         <kind>archive</kind>
         <file>driverlib.lib</file>
         <name>ipc_util.obj</name>
      </input_file>
      <input_file id="fl-12">
         <path>C:\ti\controlSUITE\device_support\f28m35x\v100\MWare\driverlib\ccs\Debug\</path>
         <kind>archive</kind>
         <file>driverlib.lib</file>
         <name>ram.obj</name>
      </input_file>
      <input_file id="fl-13">
         <path>C:\ti\controlSUITE\device_support\f28m35x\v100\MWare\driverlib\ccs\Debug\</path>
         <kind>archive</kind>
         <file>driverlib.lib</file>
         <name>sysctl.obj</name>
      </input_file>
      <input_file id="fl-14">
         <path>C:\ti\controlSUITE\device_support\f28m35x\v100\MWare\driverlib\ccs\Debug\</path>
         <kind>archive</kind>
         <file>driverlib.lib</file>
         <name>timer.obj</name>
      </input_file>
      <input_file id="fl-15">
         <path>C:\ti\controlSUITE\device_support\f28m35x\v100\MWare\driverlib\ccs\Debug\</path>
         <kind>archive</kind>
         <file>driverlib.lib</file>
         <name>watchdog.obj</name>
      </input_file>
      <input_file id="fl-16">
         <path>C:\ti\controlSUITE\device_support\f28m35x\v100\MWare\driverlib\ccs\Debug\</path>
         <kind>archive</kind>
         <file>driverlib.lib</file>
         <name>cpu.obj</name>
      </input_file>
      <input_file id="fl-17">
         <path>C:\ti\ccsv8\tools\compiler\ti-cgt-arm_18.1.4.LTS\lib\</path>
         <kind>archive</kind>
         <file>rtsv7M3_T_le_eabi.lib</file>
         <name>e_pow.c.obj</name>
      </input_file>
      <input_file id="fl-18">
         <path>C:\ti\ccsv8\tools\compiler\ti-cgt-arm_18.1.4.LTS\lib\</path>
         <kind>archive</kind>
         <file>rtsv7M3_T_le_eabi.lib</file>
         <name>e_sqrt.c.obj</name>
      </input_file>
      <input_file id="fl-19">
         <path>C:\ti\ccsv8\tools\compiler\ti-cgt-arm_18.1.4.LTS\lib\</path>
         <kind>archive</kind>
         <file>rtsv7M3_T_le_eabi.lib</file>
         <name>s_scalbn.c.obj</name>
      </input_file>
      <input_file id="fl-1a">
         <path>C:\ti\ccsv8\tools\compiler\ti-cgt-arm_18.1.4.LTS\lib\</path>
         <kind>archive</kind>
         <file>rtsv7M3_T_le_eabi.lib</file>
         <name>fd_add_t2.asm.obj</name>
      </input_file>
      <input_file id="fl-1b">
         <path>C:\ti\ccsv8\tools\compiler\ti-cgt-arm_18.1.4.LTS\lib\</path>
         <kind>archive</kind>
         <file>rtsv7M3_T_le_eabi.lib</file>
         <name>fd_cmp_t2.asm.obj</name>
      </input_file>
      <input_file id="fl-1c">
         <path>C:\ti\ccsv8\tools\compiler\ti-cgt-arm_18.1.4.LTS\lib\</path>
         <kind>archive</kind>
         <file>rtsv7M3_T_le_eabi.lib</file>
         <name>fd_div_t2.asm.obj</name>
      </input_file>
      <input_file id="fl-1d">
         <path>C:\ti\ccsv8\tools\compiler\ti-cgt-arm_18.1.4.LTS\lib\</path>
         <kind>archive</kind>
         <file>rtsv7M3_T_le_eabi.lib</file>
         <name>fd_mul_t2.asm.obj</name>
      </input_file>
      <input_file id="fl-1e">
         <path>C:\ti\ccsv8\tools\compiler\ti-cgt-arm_18.1.4.LTS\lib\</path>
         <kind>archive</kind>
         <file>rtsv7M3_T_le_eabi.lib</file>
         <name>fd_tos_t2.asm.obj</name>
      </input_file>
      <input_file id="fl-1f">
         <path>C:\ti\ccsv8\tools\compiler\ti-cgt-arm_18.1.4.LTS\lib\</path>
         <kind>archive</kind>
         <file>rtsv7M3_T_le_eabi.lib</file>
         <name>fs_add_t2.asm.obj</name>
      </input_file>
      <input_file id="fl-20">
         <path>C:\ti\ccsv8\tools\compiler\ti-cgt-arm_18.1.4.LTS\lib\</path>
         <kind>archive</kind>
         <file>rtsv7M3_T_le_eabi.lib</file>
         <name>fs_tod_t2.asm.obj</name>
      </input_file>
      <input_file id="fl-21">
         <path>C:\ti\ccsv8\tools\compiler\ti-cgt-arm_18.1.4.LTS\lib\</path>
         <kind>archive</kind>
         <file>rtsv7M3_T_le_eabi.lib</file>
         <name>fs_toi_t2.asm.obj</name>
      </input_file>
      <input_file id="fl-22">
         <path>C:\ti\ccsv8\tools\compiler\ti-cgt-arm_18.1.4.LTS\lib\</path>
         <kind>archive</kind>
         <file>rtsv7M3_T_le_eabi.lib</file>
         <name>i_tofd_t2.asm.obj</name>
      </input_file>
      <input_file id="fl-23">
         <path>C:\ti\ccsv8\tools\compiler\ti-cgt-arm_18.1.4.LTS\lib\</path>
         <kind>archive</kind>
         <file>rtsv7M3_T_le_eabi.lib</file>
         <name>i_tofs_t2.asm.obj</name>
      </input_file>
      <input_file id="fl-24">
         <path>C:\ti\ccsv8\tools\compiler\ti-cgt-arm_18.1.4.LTS\lib\</path>
         <kind>archive</kind>
         <file>rtsv7M3_T_le_eabi.lib</file>
         <name>u_tofd_t2.asm.obj</name>
      </input_file>
      <input_file id="fl-25">
         <path>C:\ti\ccsv8\tools\compiler\ti-cgt-arm_18.1.4.LTS\lib\</path>
         <kind>archive</kind>
         <file>rtsv7M3_T_le_eabi.lib</file>
         <name>copy_zero_init.c.obj</name>
      </input_file>
      <input_file id="fl-26">
         <path>C:\ti\ccsv8\tools\compiler\ti-cgt-arm_18.1.4.LTS\lib\</path>
         <kind>archive</kind>
         <file>rtsv7M3_T_le_eabi.lib</file>
         <name>copy_decompress_none.c.obj</name>
      </input_file>
      <input_file id="fl-27">
         <path>C:\ti\ccsv8\tools\compiler\ti-cgt-arm_18.1.4.LTS\lib\</path>
         <kind>archive</kind>
         <file>rtsv7M3_T_le_eabi.lib</file>
         <name>copy_decompress_lzss.c.obj</name>
      </input_file>
      <input_file id="fl-28">
         <path>C:\ti\ccsv8\tools\compiler\ti-cgt-arm_18.1.4.LTS\lib\</path>
         <kind>archive</kind>
         <file>rtsv7M3_T_le_eabi.lib</file>
         <name>errno.c.obj</name>
      </input_file>
      <input_file id="fl-29">
         <path>C:\ti\ccsv8\tools\compiler\ti-cgt-arm_18.1.4.LTS\lib\</path>
         <kind>archive</kind>
         <file>rtsv7M3_T_le_eabi.lib</file>
         <name>boot_cortex_m.c.obj</name>
      </input_file>
      <input_file id="fl-2a">
         <path>C:\ti\ccsv8\tools\compiler\ti-cgt-arm_18.1.4.LTS\lib\</path>
         <kind>archive</kind>
         <file>rtsv7M3_T_le_eabi.lib</file>
         <name>exit.c.obj</name>
      </input_file>
      <input_file id="fl-2b">
         <path>C:\ti\ccsv8\tools\compiler\ti-cgt-arm_18.1.4.LTS\lib\</path>
         <kind>archive</kind>
         <file>rtsv7M3_T_le_eabi.lib</file>
         <name>_lock.c.obj</name>
      </input_file>
      <input_file id="fl-2c">
         <path>C:\ti\ccsv8\tools\compiler\ti-cgt-arm_18.1.4.LTS\lib\</path>
         <kind>archive</kind>
         <file>rtsv7M3_T_le_eabi.lib</file>
         <name>args_main.c.obj</name>
      </input_file>
      <input_file id="fl-2d">
         <path>C:\ti\ccsv8\tools\compiler\ti-cgt-arm_18.1.4.LTS\lib\</path>
         <kind>archive</kind>
         <file>rtsv7M3_T_le_eabi.lib</file>
         <name>ltoa.c.obj</name>
      </input_file>
      <input_file id="fl-2e">
         <path>C:\ti\ccsv8\tools\compiler\ti-cgt-arm_18.1.4.LTS\lib\</path>
         <kind>archive</kind>
         <file>rtsv7M3_T_le_eabi.lib</file>
         <name>strlen.c.obj</name>
      </input_file>
      <input_file id="fl-2f">
         <path>C:\ti\ccsv8\tools\compiler\ti-cgt-arm_18.1.4.LTS\lib\</path>
         <kind>archive</kind>
         <file>rtsv7M3_T_le_eabi.lib</file>
         <name>s_copysign.c.obj</name>
      </input_file>
      <input_file id="fl-30">
         <path>C:\ti\ccsv8\tools\compiler\ti-cgt-arm_18.1.4.LTS\lib\</path>
         <kind>archive</kind>
         <file>rtsv7M3_T_le_eabi.lib</file>
         <name>memcpy_t2.asm.obj</name>
      </input_file>
      <input_file id="fl-31">
         <path>C:\ti\ccsv8\tools\compiler\ti-cgt-arm_18.1.4.LTS\lib\</path>
         <kind>archive</kind>
         <file>rtsv7M3_T_le_eabi.lib</file>
         <name>memset_t2.asm.obj</name>
      </input_file>
      <input_file id="fl-32">
         <path>C:\ti\ccsv8\tools\compiler\ti-cgt-arm_18.1.4.LTS\lib\</path>
         <kind>archive</kind>
         <file>rtsv7M3_T_le_eabi.lib</file>
         <name>autoinit.c.obj</name>
      </input_file>
      <input_file id="fl-33">
         <path>C:\ti\ccsv8\tools\compiler\ti-cgt-arm_18.1.4.LTS\lib\</path>
         <kind>archive</kind>
         <file>rtsv7M3_T_le_eabi.lib</file>
         <name>pre_init.c.obj</name>
      </input_file>
      <input_file id="fl-34">
         <path>C:\ti\ccsv8\tools\compiler\ti-cgt-arm_18.1.4.LTS\lib\</path>
         <kind>archive</kind>
         <file>rtsv7M3_T_le_eabi.lib</file>
         <name>cpy_tbl.c.obj</name>
      </input_file>
   </input_file_list>
   <object_component_list>
      <object_component id="oc-24">
         <name>.intvecs</name>
         <load_address>0x201000</load_address>
         <run_address>0x201000</run_address>
         <size>0x1b0</size>
         <input_file_ref idref="fl-5"/>
      </object_component>
      <object_component id="oc-3c">
         <name>.resetisr:ResetISR</name>
         <load_address>0x200030</load_address>
         <run_address>0x200030</run_address>
         <size>0x6</size>
         <input_file_ref idref="fl-5"/>
      </object_component>
      <object_component id="oc-dd">
         <name>.text</name>
         <load_address>0x204000</load_address>
         <run_address>0x204000</run_address>
         <size>0x988</size>
         <input_file_ref idref="fl-13"/>
      </object_component>
      <object_component id="oc-ef">
         <name>.text</name>
         <load_address>0x204988</load_address>
         <run_address>0x204988</run_address>
         <size>0x454</size>
         <input_file_ref idref="fl-e"/>
      </object_component>
      <object_component id="oc-bb">
         <name>.text:main</name>
         <load_address>0x204ddc</load_address>
         <run_address>0x204ddc</run_address>
         <size>0x3b0</size>
         <input_file_ref idref="fl-7"/>
      </object_component>
      <object_component id="oc-101">
         <name>.text</name>
         <load_address>0x20518c</load_address>
         <run_address>0x20518c</run_address>
         <size>0x2cc</size>
         <input_file_ref idref="fl-10"/>
      </object_component>
      <object_component id="oc-11f">
         <name>.text</name>
         <load_address>0x205458</load_address>
         <run_address>0x205458</run_address>
         <size>0x234</size>
         <input_file_ref idref="fl-14"/>
      </object_component>
      <object_component id="oc-fb">
         <name>.text</name>
         <load_address>0x20568c</load_address>
         <run_address>0x20568c</run_address>
         <size>0x178</size>
         <input_file_ref idref="fl-11"/>
      </object_component>
      <object_component id="oc-107">
         <name>.text</name>
         <load_address>0x205804</load_address>
         <run_address>0x205804</run_address>
         <size>0x168</size>
         <input_file_ref idref="fl-f"/>
      </object_component>
      <object_component id="oc-131">
         <name>.text:Timer0IntHandler</name>
         <load_address>0x20596c</load_address>
         <run_address>0x20596c</run_address>
         <size>0x118</size>
         <input_file_ref idref="fl-7"/>
      </object_component>
      <object_component id="oc-198">
         <name>.text</name>
         <load_address>0x205a84</load_address>
         <run_address>0x205a84</run_address>
         <size>0xac</size>
         <input_file_ref idref="fl-15"/>
      </object_component>
      <object_component id="oc-62">
         <name>.text</name>
         <load_address>0x205b30</load_address>
         <run_address>0x205b30</run_address>
         <size>0x9c</size>
         <input_file_ref idref="fl-30"/>
      </object_component>
      <object_component id="oc-137">
         <name>.text:Timer1IntHandler</name>
         <load_address>0x205bcc</load_address>
         <run_address>0x205bcc</run_address>
         <size>0x8c</size>
         <input_file_ref idref="fl-7"/>
      </object_component>
      <object_component id="oc-af">
         <name>.text</name>
         <load_address>0x205c58</load_address>
         <run_address>0x205c58</run_address>
         <size>0x7a</size>
         <input_file_ref idref="fl-31"/>
      </object_component>
      <object_component id="oc-10d">
         <name>.text:UARTConfigSetExpClk</name>
         <load_address>0x205cd2</load_address>
         <run_address>0x205cd2</run_address>
         <size>0x76</size>
         <input_file_ref idref="fl-6"/>
      </object_component>
      <object_component id="oc-27">
         <name>.text:decompress:lzss:__TI_decompress_lzss</name>
         <load_address>0x205d48</load_address>
         <run_address>0x205d48</run_address>
         <size>0x68</size>
         <input_file_ref idref="fl-27"/>
      </object_component>
      <object_component id="oc-150">
         <name>.text:__TI_auto_init_nobinit_nopinit:__TI_auto_init_nobinit_nopinit</name>
         <load_address>0x205db0</load_address>
         <run_address>0x205db0</run_address>
         <size>0x44</size>
         <input_file_ref idref="fl-32"/>
      </object_component>
      <object_component id="oc-189">
         <name>.text</name>
         <load_address>0x205df4</load_address>
         <run_address>0x205df4</run_address>
         <size>0x36</size>
         <input_file_ref idref="fl-16"/>
      </object_component>
      <object_component id="oc-48">
         <name>.text:FaultISR</name>
         <load_address>0x205e2a</load_address>
         <run_address>0x205e2a</run_address>
         <size>0x2</size>
         <input_file_ref idref="fl-5"/>
      </object_component>
      <object_component id="oc-1bc">
         <name>.text:UARTDisable</name>
         <load_address>0x205e2c</load_address>
         <run_address>0x205e2c</run_address>
         <size>0x30</size>
         <input_file_ref idref="fl-6"/>
      </object_component>
      <object_component id="oc-f5">
         <name>.text</name>
         <load_address>0x205e5c</load_address>
         <run_address>0x205e5c</run_address>
         <size>0x30</size>
         <input_file_ref idref="fl-12"/>
      </object_component>
      <object_component id="oc-e3">
         <name>.text:MemCopy</name>
         <load_address>0x205e8c</load_address>
         <run_address>0x205e8c</run_address>
         <size>0x2e</size>
         <input_file_ref idref="fl-4"/>
      </object_component>
      <object_component id="oc-4e">
         <name>.text:IntDefaultHandler</name>
         <load_address>0x205eba</load_address>
         <run_address>0x205eba</run_address>
         <size>0x2</size>
         <input_file_ref idref="fl-5"/>
      </object_component>
      <object_component id="oc-80">
         <name>.text:_c_int00_noargs:_c_int00_noargs</name>
         <load_address>0x205ebc</load_address>
         <run_address>0x205ebc</run_address>
         <size>0x28</size>
         <input_file_ref idref="fl-29"/>
      </object_component>
      <object_component id="oc-1c2">
         <name>.text:UARTEnable</name>
         <load_address>0x205ee4</load_address>
         <run_address>0x205ee4</run_address>
         <size>0x24</size>
         <input_file_ref idref="fl-6"/>
      </object_component>
      <object_component id="oc-1dd">
         <name>.text:UARTCharPut</name>
         <load_address>0x205f08</load_address>
         <run_address>0x205f08</run_address>
         <size>0x1e</size>
         <input_file_ref idref="fl-6"/>
      </object_component>
      <object_component id="oc-1d0">
         <name>.text:UARTIntStatus</name>
         <load_address>0x205f26</load_address>
         <run_address>0x205f26</run_address>
         <size>0x1e</size>
         <input_file_ref idref="fl-6"/>
      </object_component>
      <object_component id="oc-12b">
         <name>.text:UARTIntHandler</name>
         <load_address>0x205f44</load_address>
         <run_address>0x205f44</run_address>
         <size>0x1c</size>
         <input_file_ref idref="fl-7"/>
      </object_component>
      <object_component id="oc-125">
         <name>.text:delayMicroseconds</name>
         <load_address>0x205f60</load_address>
         <run_address>0x205f60</run_address>
         <size>0x1a</size>
         <input_file_ref idref="fl-2"/>
      </object_component>
      <object_component id="oc-119">
         <name>.text:UARTFIFOLevelSet</name>
         <load_address>0x205f7a</load_address>
         <run_address>0x205f7a</run_address>
         <size>0x18</size>
         <input_file_ref idref="fl-6"/>
      </object_component>
      <object_component id="oc-113">
         <name>.text:UARTIntEnable</name>
         <load_address>0x205f92</load_address>
         <run_address>0x205f92</run_address>
         <size>0x18</size>
         <input_file_ref idref="fl-6"/>
      </object_component>
      <object_component id="oc-1d6">
         <name>.text:UARTIntClear</name>
         <load_address>0x205faa</load_address>
         <run_address>0x205faa</run_address>
         <size>0x12</size>
         <input_file_ref idref="fl-6"/>
      </object_component>
      <object_component id="oc-2d">
         <name>.text:decompress:none:__TI_decompress_none</name>
         <load_address>0x205fbc</load_address>
         <run_address>0x205fbc</run_address>
         <size>0xe</size>
         <input_file_ref idref="fl-26"/>
      </object_component>
      <object_component id="oc-74">
         <name>.text:decompress:ZI:__TI_zero_init</name>
         <load_address>0x205fca</load_address>
         <run_address>0x205fca</run_address>
         <size>0xc</size>
         <input_file_ref idref="fl-25"/>
      </object_component>
      <object_component id="oc-182">
         <name>.text:SysCtlDelay</name>
         <load_address>0x205fd6</load_address>
         <run_address>0x205fd6</run_address>
         <size>0x6</size>
         <input_file_ref idref="fl-13"/>
      </object_component>
      <object_component id="oc-b5">
         <name>.text:_system_pre_init</name>
         <load_address>0x205fdc</load_address>
         <run_address>0x205fdc</run_address>
         <size>0x4</size>
         <input_file_ref idref="fl-33"/>
      </object_component>
      <object_component id="oc-144">
         <name>.text:abort:abort</name>
         <load_address>0x205fe0</load_address>
         <run_address>0x205fe0</run_address>
         <size>0x4</size>
         <input_file_ref idref="fl-2a"/>
      </object_component>
      <object_component id="oc-42">
         <name>.text:NmiSR</name>
         <load_address>0x205fe4</load_address>
         <run_address>0x205fe4</run_address>
         <size>0x2</size>
         <input_file_ref idref="fl-5"/>
      </object_component>
      <object_component id="oc-2dc">
         <name>.tramp.FlashInit.1</name>
         <load_address>0x205fe8</load_address>
         <run_address>0x205fe8</run_address>
         <size>0x8</size>
         <input_file_ref idref="fl-d"/>
      </object_component>
      <object_component id="oc-1a8">
         <name>.const:g_pulGPIOBaseAddrs</name>
         <load_address>0x205ff0</load_address>
         <run_address>0x205ff0</run_address>
         <size>0x48</size>
         <input_file_ref idref="fl-e"/>
      </object_component>
      <object_component id="oc-1b2">
         <name>.const:g_pulRegs</name>
         <load_address>0x206038</load_address>
         <run_address>0x206038</run_address>
         <size>0x48</size>
         <input_file_ref idref="fl-10"/>
      </object_component>
      <object_component id="oc-1b5">
         <name>.const:g_pulPriority</name>
         <load_address>0x206080</load_address>
         <run_address>0x206080</run_address>
         <size>0x20</size>
         <input_file_ref idref="fl-10"/>
      </object_component>
      <object_component id="oc-18f">
         <name>.const:g_pulDCRegs</name>
         <load_address>0x2060a0</load_address>
         <run_address>0x2060a0</run_address>
         <size>0x14</size>
         <input_file_ref idref="fl-13"/>
      </object_component>
      <object_component id="oc-1f4">
         <name>.const:.string</name>
         <load_address>0x2060b4</load_address>
         <run_address>0x2060b4</run_address>
         <size>0x12</size>
         <input_file_ref idref="fl-7"/>
      </object_component>
      <object_component id="oc-195">
         <name>.const:g_pulDCGCRegs</name>
         <load_address>0x2060c8</load_address>
         <run_address>0x2060c8</run_address>
         <size>0x10</size>
         <input_file_ref idref="fl-13"/>
      </object_component>
      <object_component id="oc-192">
         <name>.const:g_pulRCGCRegs</name>
         <load_address>0x2060d8</load_address>
         <run_address>0x2060d8</run_address>
         <size>0x10</size>
         <input_file_ref idref="fl-13"/>
      </object_component>
      <object_component id="oc-183">
         <name>.const:g_pulSCGCRegs</name>
         <load_address>0x2060e8</load_address>
         <run_address>0x2060e8</run_address>
         <size>0x10</size>
         <input_file_ref idref="fl-13"/>
      </object_component>
      <object_component id="oc-186">
         <name>.const:g_pulSRCRRegs</name>
         <load_address>0x2060f8</load_address>
         <run_address>0x2060f8</run_address>
         <size>0x10</size>
         <input_file_ref idref="fl-13"/>
      </object_component>
      <object_component id="oc-2e2">
         <name>.cinit..data.load</name>
         <load_address>0x206108</load_address>
         <run_address>0x206108</run_address>
         <size>0x22</size>
      </object_component>
      <object_component id="oc-2d3">
         <name>__TI_handler_table</name>
         <load_address>0x20612c</load_address>
         <run_address>0x20612c</run_address>
         <size>0xc</size>
      </object_component>
      <object_component id="oc-2e3">
         <name>.cinit..bss.load</name>
         <load_address>0x206138</load_address>
         <run_address>0x206138</run_address>
         <size>0x8</size>
      </object_component>
      <object_component id="oc-2e0">
         <name>.cinit..vtable.load</name>
         <load_address>0x206140</load_address>
         <run_address>0x206140</run_address>
         <size>0x8</size>
      </object_component>
      <object_component id="oc-2d8">
         <name>.cinit.SHARERAMS2.load</name>
         <load_address>0x206148</load_address>
         <run_address>0x206148</run_address>
         <size>0x8</size>
      </object_component>
      <object_component id="oc-2d9">
         <name>.cinit.SHARERAMS3.load</name>
         <load_address>0x206150</load_address>
         <run_address>0x206150</run_address>
         <size>0x8</size>
      </object_component>
      <object_component id="oc-2da">
         <name>.cinit.SHARERAMS4.load</name>
         <load_address>0x206158</load_address>
         <run_address>0x206158</run_address>
         <size>0x8</size>
      </object_component>
      <object_component id="oc-2d4">
         <name>__TI_cinit_table</name>
         <load_address>0x206160</load_address>
         <run_address>0x206160</run_address>
         <size>0x30</size>
      </object_component>
      <object_component id="oc-1af">
         <name>.vtable</name>
         <uninitialized>true</uninitialized>
         <run_address>0x20000400</run_address>
         <size>0x1b0</size>
         <input_file_ref idref="fl-10"/>
      </object_component>
      <object_component id="oc-140">
         <name>.data</name>
         <load_address>0x200051b0</load_address>
         <run_address>0x200051b0</run_address>
         <size>0x48</size>
         <input_file_ref idref="fl-7"/>
      </object_component>
      <object_component id="oc-1e6">
         <name>.common:M2</name>
         <uninitialized>true</uninitialized>
         <run_address>0x200051f8</run_address>
         <size>0x20</size>
      </object_component>
      <object_component id="oc-1ed">
         <name>.bss</name>
         <uninitialized>true</uninitialized>
         <run_address>0x20005218</run_address>
         <size>0x4</size>
         <input_file_ref idref="fl-7"/>
      </object_component>
      <object_component id="oc-1ec">
         <name>.common:serial_print_char</name>
         <uninitialized>true</uninitialized>
         <run_address>0x2000521c</run_address>
         <size>0x1</size>
      </object_component>
      <object_component id="oc-39">
         <name>.stack</name>
         <uninitialized>true</uninitialized>
         <run_address>0x20000068</run_address>
         <size>0x4</size>
         <input_file_ref idref="fl-29"/>
      </object_component>
      <object_component id="oc-2db">
         <name>.stack</name>
         <uninitialized>true</uninitialized>
         <run_address>0x20000068</run_address>
         <size>0x0</size>
      </object_component>
      <object_component id="oc-1e9">
         <name>SHARERAMS2</name>
         <uninitialized>true</uninitialized>
         <run_address>0x2000c000</run_address>
         <size>0x2000</size>
         <input_file_ref idref="fl-7"/>
      </object_component>
      <object_component id="oc-1e3">
         <name>SHARERAMS3</name>
         <uninitialized>true</uninitialized>
         <run_address>0x2000e000</run_address>
         <size>0x20</size>
         <input_file_ref idref="fl-7"/>
      </object_component>
      <object_component id="oc-13d">
         <name>SHARERAMS4</name>
         <uninitialized>true</uninitialized>
         <run_address>0x20010000</run_address>
         <size>0x10</size>
         <input_file_ref idref="fl-7"/>
      </object_component>
      <object_component id="oc-e9">
         <name>ramfuncs</name>
         <load_address>0x201200</load_address>
         <run_address>0x20000000</run_address>
         <size>0x68</size>
         <input_file_ref idref="fl-d"/>
      </object_component>
      <object_component id="oc-1ce">
         <name>.debug_info</name>
         <load_address>0x0</load_address>
         <run_address>0x0</run_address>
         <size>0x335</size>
         <input_file_ref idref="fl-2"/>
      </object_component>
      <object_component id="oc-126">
         <name>.debug_info</name>
         <load_address>0x335</load_address>
         <run_address>0x335</run_address>
         <size>0x1b8</size>
         <input_file_ref idref="fl-2"/>
      </object_component>
      <object_component id="oc-23c">
         <name>.debug_info</name>
         <load_address>0x4ed</load_address>
         <run_address>0x4ed</run_address>
         <size>0x26b</size>
         <input_file_ref idref="fl-2"/>
      </object_component>
      <object_component id="oc-5d">
         <name>.debug_info</name>
         <load_address>0x758</load_address>
         <run_address>0x758</run_address>
         <size>0x84</size>
         <input_file_ref idref="fl-2"/>
      </object_component>
      <object_component id="oc-27e">
         <name>.debug_info</name>
         <load_address>0x7dc</load_address>
         <run_address>0x7dc</run_address>
         <size>0x297</size>
         <input_file_ref idref="fl-2"/>
      </object_component>
      <object_component id="oc-241">
         <name>.debug_info</name>
         <load_address>0xa73</load_address>
         <run_address>0xa73</run_address>
         <size>0xbb</size>
         <input_file_ref idref="fl-2"/>
      </object_component>
      <object_component id="oc-19f">
         <name>.debug_info</name>
         <load_address>0xb2e</load_address>
         <run_address>0xb2e</run_address>
         <size>0x2c</size>
         <input_file_ref idref="fl-2"/>
      </object_component>
      <object_component id="oc-d4">
         <name>.debug_info</name>
         <load_address>0xb5a</load_address>
         <run_address>0xb5a</run_address>
         <size>0x2c</size>
         <input_file_ref idref="fl-2"/>
      </object_component>
      <object_component id="oc-283">
         <name>.debug_info</name>
         <load_address>0xb86</load_address>
         <run_address>0xb86</run_address>
         <size>0x49e</size>
         <input_file_ref idref="fl-3"/>
      </object_component>
      <object_component id="oc-24d">
         <name>.debug_info</name>
         <load_address>0x1024</load_address>
         <run_address>0x1024</run_address>
         <size>0x146</size>
         <input_file_ref idref="fl-3"/>
      </object_component>
      <object_component id="oc-296">
         <name>.debug_info</name>
         <load_address>0x116a</load_address>
         <run_address>0x116a</run_address>
         <size>0x3fb</size>
         <input_file_ref idref="fl-3"/>
      </object_component>
      <object_component id="oc-1a6">
         <name>.debug_info</name>
         <load_address>0x1565</load_address>
         <run_address>0x1565</run_address>
         <size>0x125</size>
         <input_file_ref idref="fl-4"/>
      </object_component>
      <object_component id="oc-e6">
         <name>.debug_info</name>
         <load_address>0x168a</load_address>
         <run_address>0x168a</run_address>
         <size>0x1b7</size>
         <input_file_ref idref="fl-4"/>
      </object_component>
      <object_component id="oc-56">
         <name>.debug_info</name>
         <load_address>0x1841</load_address>
         <run_address>0x1841</run_address>
         <size>0x161</size>
         <input_file_ref idref="fl-5"/>
      </object_component>
      <object_component id="oc-25">
         <name>.debug_info</name>
         <load_address>0x19a2</load_address>
         <run_address>0x19a2</run_address>
         <size>0xe0</size>
         <input_file_ref idref="fl-5"/>
      </object_component>
      <object_component id="oc-3f">
         <name>.debug_info</name>
         <load_address>0x1a82</load_address>
         <run_address>0x1a82</run_address>
         <size>0x110</size>
         <input_file_ref idref="fl-5"/>
      </object_component>
      <object_component id="oc-43">
         <name>.debug_info</name>
         <load_address>0x1b92</load_address>
         <run_address>0x1b92</run_address>
         <size>0xfe</size>
         <input_file_ref idref="fl-5"/>
      </object_component>
      <object_component id="oc-49">
         <name>.debug_info</name>
         <load_address>0x1c90</load_address>
         <run_address>0x1c90</run_address>
         <size>0x104</size>
         <input_file_ref idref="fl-5"/>
      </object_component>
      <object_component id="oc-4f">
         <name>.debug_info</name>
         <load_address>0x1d94</load_address>
         <run_address>0x1d94</run_address>
         <size>0x116</size>
         <input_file_ref idref="fl-5"/>
      </object_component>
      <object_component id="oc-11a">
         <name>.debug_info</name>
         <load_address>0x1eaa</load_address>
         <run_address>0x1eaa</run_address>
         <size>0x1a4</size>
         <input_file_ref idref="fl-6"/>
      </object_component>
      <object_component id="oc-10e">
         <name>.debug_info</name>
         <load_address>0x204e</load_address>
         <run_address>0x204e</run_address>
         <size>0x208</size>
         <input_file_ref idref="fl-6"/>
      </object_component>
      <object_component id="oc-1c3">
         <name>.debug_info</name>
         <load_address>0x2256</load_address>
         <run_address>0x2256</run_address>
         <size>0x12d</size>
         <input_file_ref idref="fl-6"/>
      </object_component>
      <object_component id="oc-1bd">
         <name>.debug_info</name>
         <load_address>0x2383</load_address>
         <run_address>0x2383</run_address>
         <size>0x12f</size>
         <input_file_ref idref="fl-6"/>
      </object_component>
      <object_component id="oc-1de">
         <name>.debug_info</name>
         <load_address>0x24b2</load_address>
         <run_address>0x24b2</run_address>
         <size>0x15a</size>
         <input_file_ref idref="fl-6"/>
      </object_component>
      <object_component id="oc-114">
         <name>.debug_info</name>
         <load_address>0x260c</load_address>
         <run_address>0x260c</run_address>
         <size>0x16e</size>
         <input_file_ref idref="fl-6"/>
      </object_component>
      <object_component id="oc-1d1">
         <name>.debug_info</name>
         <load_address>0x277a</load_address>
         <run_address>0x277a</run_address>
         <size>0x166</size>
         <input_file_ref idref="fl-6"/>
      </object_component>
      <object_component id="oc-1d7">
         <name>.debug_info</name>
         <load_address>0x28e0</load_address>
         <run_address>0x28e0</run_address>
         <size>0x16c</size>
         <input_file_ref idref="fl-6"/>
      </object_component>
      <object_component id="oc-1e7">
         <name>.debug_info</name>
         <load_address>0x2a4c</load_address>
         <run_address>0x2a4c</run_address>
         <size>0xcb3</size>
         <input_file_ref idref="fl-7"/>
      </object_component>
      <object_component id="oc-141">
         <name>.debug_info</name>
         <load_address>0x36ff</load_address>
         <run_address>0x36ff</run_address>
         <size>0x328</size>
         <input_file_ref idref="fl-7"/>
      </object_component>
      <object_component id="oc-1ea">
         <name>.debug_info</name>
         <load_address>0x3a27</load_address>
         <run_address>0x3a27</run_address>
         <size>0xce</size>
         <input_file_ref idref="fl-7"/>
      </object_component>
      <object_component id="oc-1e4">
         <name>.debug_info</name>
         <load_address>0x3af5</load_address>
         <run_address>0x3af5</run_address>
         <size>0xd4</size>
         <input_file_ref idref="fl-7"/>
      </object_component>
      <object_component id="oc-13e">
         <name>.debug_info</name>
         <load_address>0x3bc9</load_address>
         <run_address>0x3bc9</run_address>
         <size>0xd4</size>
         <input_file_ref idref="fl-7"/>
      </object_component>
      <object_component id="oc-1ee">
         <name>.debug_info</name>
         <load_address>0x3c9d</load_address>
         <run_address>0x3c9d</run_address>
         <size>0xd7</size>
         <input_file_ref idref="fl-7"/>
      </object_component>
      <object_component id="oc-134">
         <name>.debug_info</name>
         <load_address>0x3d74</load_address>
         <run_address>0x3d74</run_address>
         <size>0x176</size>
         <input_file_ref idref="fl-7"/>
      </object_component>
      <object_component id="oc-13a">
         <name>.debug_info</name>
         <load_address>0x3eea</load_address>
         <run_address>0x3eea</run_address>
         <size>0x177</size>
         <input_file_ref idref="fl-7"/>
      </object_component>
      <object_component id="oc-12e">
         <name>.debug_info</name>
         <load_address>0x4061</load_address>
         <run_address>0x4061</run_address>
         <size>0x15a</size>
         <input_file_ref idref="fl-7"/>
      </object_component>
      <object_component id="oc-be">
         <name>.debug_info</name>
         <load_address>0x41bb</load_address>
         <run_address>0x41bb</run_address>
         <size>0x8b4</size>
         <input_file_ref idref="fl-7"/>
      </object_component>
      <object_component id="oc-252">
         <name>.debug_info</name>
         <load_address>0x4a6f</load_address>
         <run_address>0x4a6f</run_address>
         <size>0x2a4</size>
         <input_file_ref idref="fl-7"/>
      </object_component>
      <object_component id="oc-eb">
         <name>.debug_info</name>
         <load_address>0x4d13</load_address>
         <run_address>0x4d13</run_address>
         <size>0x1f0</size>
         <input_file_ref idref="fl-d"/>
      </object_component>
      <object_component id="oc-1ac">
         <name>.debug_info</name>
         <load_address>0x4f03</load_address>
         <run_address>0x4f03</run_address>
         <size>0x230</size>
         <input_file_ref idref="fl-e"/>
      </object_component>
      <object_component id="oc-1a9">
         <name>.debug_info</name>
         <load_address>0x5133</load_address>
         <run_address>0x5133</run_address>
         <size>0x134</size>
         <input_file_ref idref="fl-e"/>
      </object_component>
      <object_component id="oc-f0">
         <name>.debug_info</name>
         <load_address>0x5267</load_address>
         <run_address>0x5267</run_address>
         <size>0x2788</size>
         <input_file_ref idref="fl-e"/>
      </object_component>
      <object_component id="oc-1bb">
         <name>.debug_info</name>
         <load_address>0x79ef</load_address>
         <run_address>0x79ef</run_address>
         <size>0x216</size>
         <input_file_ref idref="fl-f"/>
      </object_component>
      <object_component id="oc-109">
         <name>.debug_info</name>
         <load_address>0x7c05</load_address>
         <run_address>0x7c05</run_address>
         <size>0x21ac</size>
         <input_file_ref idref="fl-f"/>
      </object_component>
      <object_component id="oc-1b9">
         <name>.debug_info</name>
         <load_address>0x9db1</load_address>
         <run_address>0x9db1</run_address>
         <size>0x263</size>
         <input_file_ref idref="fl-10"/>
      </object_component>
      <object_component id="oc-1b6">
         <name>.debug_info</name>
         <load_address>0xa014</load_address>
         <run_address>0xa014</run_address>
         <size>0x12f</size>
         <input_file_ref idref="fl-10"/>
      </object_component>
      <object_component id="oc-1b3">
         <name>.debug_info</name>
         <load_address>0xa143</load_address>
         <run_address>0xa143</run_address>
         <size>0x127</size>
         <input_file_ref idref="fl-10"/>
      </object_component>
      <object_component id="oc-1b0">
         <name>.debug_info</name>
         <load_address>0xa26a</load_address>
         <run_address>0xa26a</run_address>
         <size>0x134</size>
         <input_file_ref idref="fl-10"/>
      </object_component>
      <object_component id="oc-102">
         <name>.debug_info</name>
         <load_address>0xa39e</load_address>
         <run_address>0xa39e</run_address>
         <size>0x106b</size>
         <input_file_ref idref="fl-10"/>
      </object_component>
      <object_component id="oc-fc">
         <name>.debug_info</name>
         <load_address>0xb409</load_address>
         <run_address>0xb409</run_address>
         <size>0x8c5</size>
         <input_file_ref idref="fl-11"/>
      </object_component>
      <object_component id="oc-f7">
         <name>.debug_info</name>
         <load_address>0xbcce</load_address>
         <run_address>0xbcce</run_address>
         <size>0x278</size>
         <input_file_ref idref="fl-12"/>
      </object_component>
      <object_component id="oc-1a4">
         <name>.debug_info</name>
         <load_address>0xbf46</load_address>
         <run_address>0xbf46</run_address>
         <size>0x23d</size>
         <input_file_ref idref="fl-13"/>
      </object_component>
      <object_component id="oc-190">
         <name>.debug_info</name>
         <load_address>0xc183</load_address>
         <run_address>0xc183</run_address>
         <size>0x128</size>
         <input_file_ref idref="fl-13"/>
      </object_component>
      <object_component id="oc-187">
         <name>.debug_info</name>
         <load_address>0xc2ab</load_address>
         <run_address>0xc2ab</run_address>
         <size>0x12c</size>
         <input_file_ref idref="fl-13"/>
      </object_component>
      <object_component id="oc-193">
         <name>.debug_info</name>
         <load_address>0xc3d7</load_address>
         <run_address>0xc3d7</run_address>
         <size>0x12c</size>
         <input_file_ref idref="fl-13"/>
      </object_component>
      <object_component id="oc-184">
         <name>.debug_info</name>
         <load_address>0xc503</load_address>
         <run_address>0xc503</run_address>
         <size>0x12c</size>
         <input_file_ref idref="fl-13"/>
      </object_component>
      <object_component id="oc-196">
         <name>.debug_info</name>
         <load_address>0xc62f</load_address>
         <run_address>0xc62f</run_address>
         <size>0x12c</size>
         <input_file_ref idref="fl-13"/>
      </object_component>
      <object_component id="oc-df">
         <name>.debug_info</name>
         <load_address>0xc75b</load_address>
         <run_address>0xc75b</run_address>
         <size>0x3438</size>
         <input_file_ref idref="fl-13"/>
      </object_component>
      <object_component id="oc-1cc">
         <name>.debug_info</name>
         <load_address>0xfb93</load_address>
         <run_address>0xfb93</run_address>
         <size>0x218</size>
         <input_file_ref idref="fl-14"/>
      </object_component>
      <object_component id="oc-122">
         <name>.debug_info</name>
         <load_address>0xfdab</load_address>
         <run_address>0xfdab</run_address>
         <size>0x2006</size>
         <input_file_ref idref="fl-14"/>
      </object_component>
      <object_component id="oc-223">
         <name>.debug_info</name>
         <load_address>0x11db1</load_address>
         <run_address>0x11db1</run_address>
         <size>0x21b</size>
         <input_file_ref idref="fl-15"/>
      </object_component>
      <object_component id="oc-199">
         <name>.debug_info</name>
         <load_address>0x11fcc</load_address>
         <run_address>0x11fcc</run_address>
         <size>0x12c4</size>
         <input_file_ref idref="fl-15"/>
      </object_component>
      <object_component id="oc-18a">
         <name>.debug_info</name>
         <load_address>0x13290</load_address>
         <run_address>0x13290</run_address>
         <size>0x5a2</size>
         <input_file_ref idref="fl-16"/>
      </object_component>
      <object_component id="oc-ae">
         <name>.debug_info</name>
         <load_address>0x13832</load_address>
         <run_address>0x13832</run_address>
         <size>0x1f0</size>
         <input_file_ref idref="fl-25"/>
      </object_component>
      <object_component id="oc-75">
         <name>.debug_info</name>
         <load_address>0x13a22</load_address>
         <run_address>0x13a22</run_address>
         <size>0x1b5</size>
         <input_file_ref idref="fl-25"/>
      </object_component>
      <object_component id="oc-a9">
         <name>.debug_info</name>
         <load_address>0x13bd7</load_address>
         <run_address>0x13bd7</run_address>
         <size>0x46</size>
         <input_file_ref idref="fl-25"/>
      </object_component>
      <object_component id="oc-6d">
         <name>.debug_info</name>
         <load_address>0x13c1d</load_address>
         <run_address>0x13c1d</run_address>
         <size>0x17a</size>
         <input_file_ref idref="fl-26"/>
      </object_component>
      <object_component id="oc-2e">
         <name>.debug_info</name>
         <load_address>0x13d97</load_address>
         <run_address>0x13d97</run_address>
         <size>0x1ea</size>
         <input_file_ref idref="fl-26"/>
      </object_component>
      <object_component id="oc-68">
         <name>.debug_info</name>
         <load_address>0x13f81</load_address>
         <run_address>0x13f81</run_address>
         <size>0x46</size>
         <input_file_ref idref="fl-26"/>
      </object_component>
      <object_component id="oc-a1">
         <name>.debug_info</name>
         <load_address>0x13fc7</load_address>
         <run_address>0x13fc7</run_address>
         <size>0x2c</size>
         <input_file_ref idref="fl-26"/>
      </object_component>
      <object_component id="oc-9f">
         <name>.debug_info</name>
         <load_address>0x13ff3</load_address>
         <run_address>0x13ff3</run_address>
         <size>0x170</size>
         <input_file_ref idref="fl-27"/>
      </object_component>
      <object_component id="oc-2b">
         <name>.debug_info</name>
         <load_address>0x14163</load_address>
         <run_address>0x14163</run_address>
         <size>0x250</size>
         <input_file_ref idref="fl-27"/>
      </object_component>
      <object_component id="oc-58">
         <name>.debug_info</name>
         <load_address>0x143b3</load_address>
         <run_address>0x143b3</run_address>
         <size>0x60</size>
         <input_file_ref idref="fl-27"/>
      </object_component>
      <object_component id="oc-cd">
         <name>.debug_info</name>
         <load_address>0x14413</load_address>
         <run_address>0x14413</run_address>
         <size>0x46</size>
         <input_file_ref idref="fl-27"/>
      </object_component>
      <object_component id="oc-9a">
         <name>.debug_info</name>
         <load_address>0x14459</load_address>
         <run_address>0x14459</run_address>
         <size>0x39</size>
         <input_file_ref idref="fl-27"/>
      </object_component>
      <object_component id="oc-3a">
         <name>.debug_info</name>
         <load_address>0x14492</load_address>
         <run_address>0x14492</run_address>
         <size>0x10b</size>
         <input_file_ref idref="fl-29"/>
      </object_component>
      <object_component id="oc-81">
         <name>.debug_info</name>
         <load_address>0x1459d</load_address>
         <run_address>0x1459d</run_address>
         <size>0x1af</size>
         <input_file_ref idref="fl-29"/>
      </object_component>
      <object_component id="oc-148">
         <name>.debug_info</name>
         <load_address>0x1474c</load_address>
         <run_address>0x1474c</run_address>
         <size>0x122</size>
         <input_file_ref idref="fl-2a"/>
      </object_component>
      <object_component id="oc-63">
         <name>.debug_info</name>
         <load_address>0x1486e</load_address>
         <run_address>0x1486e</run_address>
         <size>0x11c</size>
         <input_file_ref idref="fl-30"/>
      </object_component>
      <object_component id="oc-b1">
         <name>.debug_info</name>
         <load_address>0x1498a</load_address>
         <run_address>0x1498a</run_address>
         <size>0x14a</size>
         <input_file_ref idref="fl-31"/>
      </object_component>
      <object_component id="oc-202">
         <name>.debug_info</name>
         <load_address>0x14ad4</load_address>
         <run_address>0x14ad4</run_address>
         <size>0x424</size>
         <input_file_ref idref="fl-32"/>
      </object_component>
      <object_component id="oc-152">
         <name>.debug_info</name>
         <load_address>0x14ef8</load_address>
         <run_address>0x14ef8</run_address>
         <size>0x1e0</size>
         <input_file_ref idref="fl-32"/>
      </object_component>
      <object_component id="oc-26b">
         <name>.debug_info</name>
         <load_address>0x150d8</load_address>
         <run_address>0x150d8</run_address>
         <size>0x39</size>
         <input_file_ref idref="fl-32"/>
      </object_component>
      <object_component id="oc-288">
         <name>.debug_info</name>
         <load_address>0x15111</load_address>
         <run_address>0x15111</run_address>
         <size>0x39</size>
         <input_file_ref idref="fl-32"/>
      </object_component>
      <object_component id="oc-270">
         <name>.debug_info</name>
         <load_address>0x1514a</load_address>
         <run_address>0x1514a</run_address>
         <size>0x39</size>
         <input_file_ref idref="fl-32"/>
      </object_component>
      <object_component id="oc-275">
         <name>.debug_info</name>
         <load_address>0x15183</load_address>
         <run_address>0x15183</run_address>
         <size>0xcd</size>
         <input_file_ref idref="fl-32"/>
      </object_component>
      <object_component id="oc-b6">
         <name>.debug_info</name>
         <load_address>0x15250</load_address>
         <run_address>0x15250</run_address>
         <size>0x153</size>
         <input_file_ref idref="fl-33"/>
      </object_component>
      <object_component id="oc-2e4">
         <name>.debug_info</name>
         <load_address>0x153a3</load_address>
         <run_address>0x153a3</run_address>
         <size>0xe4</size>
      </object_component>
      <object_component id="oc-23b">
         <name>.debug_line</name>
         <load_address>0x0</load_address>
         <run_address>0x0</run_address>
         <size>0x116</size>
         <input_file_ref idref="fl-2"/>
      </object_component>
      <object_component id="oc-129">
         <name>.debug_line</name>
         <load_address>0x116</load_address>
         <run_address>0x116</run_address>
         <size>0x5c</size>
         <input_file_ref idref="fl-2"/>
      </object_component>
      <object_component id="oc-23f">
         <name>.debug_line</name>
         <load_address>0x172</load_address>
         <run_address>0x172</run_address>
         <size>0x69</size>
         <input_file_ref idref="fl-2"/>
      </object_component>
      <object_component id="oc-60">
         <name>.debug_line</name>
         <load_address>0x1db</load_address>
         <run_address>0x1db</run_address>
         <size>0x20</size>
         <input_file_ref idref="fl-2"/>
      </object_component>
      <object_component id="oc-281">
         <name>.debug_line</name>
         <load_address>0x1fb</load_address>
         <run_address>0x1fb</run_address>
         <size>0x6d</size>
         <input_file_ref idref="fl-2"/>
      </object_component>
      <object_component id="oc-244">
         <name>.debug_line</name>
         <load_address>0x268</load_address>
         <run_address>0x268</run_address>
         <size>0x6a</size>
         <input_file_ref idref="fl-2"/>
      </object_component>
      <object_component id="oc-1a2">
         <name>.debug_line</name>
         <load_address>0x2d2</load_address>
         <run_address>0x2d2</run_address>
         <size>0x67</size>
         <input_file_ref idref="fl-2"/>
      </object_component>
      <object_component id="oc-d7">
         <name>.debug_line</name>
         <load_address>0x339</load_address>
         <run_address>0x339</run_address>
         <size>0x65</size>
         <input_file_ref idref="fl-2"/>
      </object_component>
      <object_component id="oc-295">
         <name>.debug_line</name>
         <load_address>0x39e</load_address>
         <run_address>0x39e</run_address>
         <size>0x133</size>
         <input_file_ref idref="fl-3"/>
      </object_component>
      <object_component id="oc-250">
         <name>.debug_line</name>
         <load_address>0x4d1</load_address>
         <run_address>0x4d1</run_address>
         <size>0x68</size>
         <input_file_ref idref="fl-3"/>
      </object_component>
      <object_component id="oc-299">
         <name>.debug_line</name>
         <load_address>0x539</load_address>
         <run_address>0x539</run_address>
         <size>0x38</size>
         <input_file_ref idref="fl-3"/>
      </object_component>
      <object_component id="oc-227">
         <name>.debug_line</name>
         <load_address>0x571</load_address>
         <run_address>0x571</run_address>
         <size>0x20</size>
         <input_file_ref idref="fl-4"/>
      </object_component>
      <object_component id="oc-e8">
         <name>.debug_line</name>
         <load_address>0x591</load_address>
         <run_address>0x591</run_address>
         <size>0x50</size>
         <input_file_ref idref="fl-4"/>
      </object_component>
      <object_component id="oc-99">
         <name>.debug_line</name>
         <load_address>0x5e1</load_address>
         <run_address>0x5e1</run_address>
         <size>0x34</size>
         <input_file_ref idref="fl-5"/>
      </object_component>
      <object_component id="oc-55">
         <name>.debug_line</name>
         <load_address>0x615</load_address>
         <run_address>0x615</run_address>
         <size>0x34</size>
         <input_file_ref idref="fl-5"/>
      </object_component>
      <object_component id="oc-41">
         <name>.debug_line</name>
         <load_address>0x649</load_address>
         <run_address>0x649</run_address>
         <size>0x4c</size>
         <input_file_ref idref="fl-5"/>
      </object_component>
      <object_component id="oc-46">
         <name>.debug_line</name>
         <load_address>0x695</load_address>
         <run_address>0x695</run_address>
         <size>0x49</size>
         <input_file_ref idref="fl-5"/>
      </object_component>
      <object_component id="oc-4d">
         <name>.debug_line</name>
         <load_address>0x6de</load_address>
         <run_address>0x6de</run_address>
         <size>0x49</size>
         <input_file_ref idref="fl-5"/>
      </object_component>
      <object_component id="oc-52">
         <name>.debug_line</name>
         <load_address>0x727</load_address>
         <run_address>0x727</run_address>
         <size>0x49</size>
         <input_file_ref idref="fl-5"/>
      </object_component>
      <object_component id="oc-11d">
         <name>.debug_line</name>
         <load_address>0x770</load_address>
         <run_address>0x770</run_address>
         <size>0x45</size>
         <input_file_ref idref="fl-6"/>
      </object_component>
      <object_component id="oc-111">
         <name>.debug_line</name>
         <load_address>0x7b5</load_address>
         <run_address>0x7b5</run_address>
         <size>0x58</size>
         <input_file_ref idref="fl-6"/>
      </object_component>
      <object_component id="oc-1c6">
         <name>.debug_line</name>
         <load_address>0x80d</load_address>
         <run_address>0x80d</run_address>
         <size>0x46</size>
         <input_file_ref idref="fl-6"/>
      </object_component>
      <object_component id="oc-1c0">
         <name>.debug_line</name>
         <load_address>0x853</load_address>
         <run_address>0x853</run_address>
         <size>0x47</size>
         <input_file_ref idref="fl-6"/>
      </object_component>
      <object_component id="oc-1e1">
         <name>.debug_line</name>
         <load_address>0x89a</load_address>
         <run_address>0x89a</run_address>
         <size>0x46</size>
         <input_file_ref idref="fl-6"/>
      </object_component>
      <object_component id="oc-117">
         <name>.debug_line</name>
         <load_address>0x8e0</load_address>
         <run_address>0x8e0</run_address>
         <size>0x45</size>
         <input_file_ref idref="fl-6"/>
      </object_component>
      <object_component id="oc-1d4">
         <name>.debug_line</name>
         <load_address>0x925</load_address>
         <run_address>0x925</run_address>
         <size>0x49</size>
         <input_file_ref idref="fl-6"/>
      </object_component>
      <object_component id="oc-1da">
         <name>.debug_line</name>
         <load_address>0x96e</load_address>
         <run_address>0x96e</run_address>
         <size>0x45</size>
         <input_file_ref idref="fl-6"/>
      </object_component>
      <object_component id="oc-24c">
         <name>.debug_line</name>
         <load_address>0x9b3</load_address>
         <run_address>0x9b3</run_address>
         <size>0x3b4</size>
         <input_file_ref idref="fl-7"/>
      </object_component>
      <object_component id="oc-1f6">
         <name>.debug_line</name>
         <load_address>0xd67</load_address>
         <run_address>0xd67</run_address>
         <size>0x32</size>
         <input_file_ref idref="fl-7"/>
      </object_component>
      <object_component id="oc-258">
         <name>.debug_line</name>
         <load_address>0xd99</load_address>
         <run_address>0xd99</run_address>
         <size>0x32</size>
         <input_file_ref idref="fl-7"/>
      </object_component>
      <object_component id="oc-24a">
         <name>.debug_line</name>
         <load_address>0xdcb</load_address>
         <run_address>0xdcb</run_address>
         <size>0x32</size>
         <input_file_ref idref="fl-7"/>
      </object_component>
      <object_component id="oc-1f3">
         <name>.debug_line</name>
         <load_address>0xdfd</load_address>
         <run_address>0xdfd</run_address>
         <size>0x32</size>
         <input_file_ref idref="fl-7"/>
      </object_component>
      <object_component id="oc-25a">
         <name>.debug_line</name>
         <load_address>0xe2f</load_address>
         <run_address>0xe2f</run_address>
         <size>0x32</size>
         <input_file_ref idref="fl-7"/>
      </object_component>
      <object_component id="oc-136">
         <name>.debug_line</name>
         <load_address>0xe61</load_address>
         <run_address>0xe61</run_address>
         <size>0x78</size>
         <input_file_ref idref="fl-7"/>
      </object_component>
      <object_component id="oc-138">
         <name>.debug_line</name>
         <load_address>0xed9</load_address>
         <run_address>0xed9</run_address>
         <size>0x63</size>
         <input_file_ref idref="fl-7"/>
      </object_component>
      <object_component id="oc-12c">
         <name>.debug_line</name>
         <load_address>0xf3c</load_address>
         <run_address>0xf3c</run_address>
         <size>0x4b</size>
         <input_file_ref idref="fl-7"/>
      </object_component>
      <object_component id="oc-bc">
         <name>.debug_line</name>
         <load_address>0xf87</load_address>
         <run_address>0xf87</run_address>
         <size>0xca</size>
         <input_file_ref idref="fl-7"/>
      </object_component>
      <object_component id="oc-255">
         <name>.debug_line</name>
         <load_address>0x1051</load_address>
         <run_address>0x1051</run_address>
         <size>0x32</size>
         <input_file_ref idref="fl-7"/>
      </object_component>
      <object_component id="oc-ea">
         <name>.debug_line</name>
         <load_address>0x1083</load_address>
         <run_address>0x1083</run_address>
         <size>0x93</size>
         <input_file_ref idref="fl-d"/>
      </object_component>
      <object_component id="oc-22b">
         <name>.debug_line</name>
         <load_address>0x1116</load_address>
         <run_address>0x1116</run_address>
         <size>0x6e</size>
         <input_file_ref idref="fl-e"/>
      </object_component>
      <object_component id="oc-229">
         <name>.debug_line</name>
         <load_address>0x1184</load_address>
         <run_address>0x1184</run_address>
         <size>0x69</size>
         <input_file_ref idref="fl-e"/>
      </object_component>
      <object_component id="oc-f3">
         <name>.debug_line</name>
         <load_address>0x11ed</load_address>
         <run_address>0x11ed</run_address>
         <size>0x447</size>
         <input_file_ref idref="fl-e"/>
      </object_component>
      <object_component id="oc-235">
         <name>.debug_line</name>
         <load_address>0x1634</load_address>
         <run_address>0x1634</run_address>
         <size>0x6e</size>
         <input_file_ref idref="fl-f"/>
      </object_component>
      <object_component id="oc-108">
         <name>.debug_line</name>
         <load_address>0x16a2</load_address>
         <run_address>0x16a2</run_address>
         <size>0x39f</size>
         <input_file_ref idref="fl-f"/>
      </object_component>
      <object_component id="oc-233">
         <name>.debug_line</name>
         <load_address>0x1a41</load_address>
         <run_address>0x1a41</run_address>
         <size>0xb6</size>
         <input_file_ref idref="fl-10"/>
      </object_component>
      <object_component id="oc-231">
         <name>.debug_line</name>
         <load_address>0x1af7</load_address>
         <run_address>0x1af7</run_address>
         <size>0x6e</size>
         <input_file_ref idref="fl-10"/>
      </object_component>
      <object_component id="oc-22f">
         <name>.debug_line</name>
         <load_address>0x1b65</load_address>
         <run_address>0x1b65</run_address>
         <size>0x6e</size>
         <input_file_ref idref="fl-10"/>
      </object_component>
      <object_component id="oc-22d">
         <name>.debug_line</name>
         <load_address>0x1bd3</load_address>
         <run_address>0x1bd3</run_address>
         <size>0x6e</size>
         <input_file_ref idref="fl-10"/>
      </object_component>
      <object_component id="oc-106">
         <name>.debug_line</name>
         <load_address>0x1c41</load_address>
         <run_address>0x1c41</run_address>
         <size>0x2e8</size>
         <input_file_ref idref="fl-10"/>
      </object_component>
      <object_component id="oc-ff">
         <name>.debug_line</name>
         <load_address>0x1f29</load_address>
         <run_address>0x1f29</run_address>
         <size>0x161</size>
         <input_file_ref idref="fl-11"/>
      </object_component>
      <object_component id="oc-f9">
         <name>.debug_line</name>
         <load_address>0x208a</load_address>
         <run_address>0x208a</run_address>
         <size>0x89</size>
         <input_file_ref idref="fl-12"/>
      </object_component>
      <object_component id="oc-225">
         <name>.debug_line</name>
         <load_address>0x2113</load_address>
         <run_address>0x2113</run_address>
         <size>0x100</size>
         <input_file_ref idref="fl-13"/>
      </object_component>
      <object_component id="oc-21d">
         <name>.debug_line</name>
         <load_address>0x2213</load_address>
         <run_address>0x2213</run_address>
         <size>0x6b</size>
         <input_file_ref idref="fl-13"/>
      </object_component>
      <object_component id="oc-21a">
         <name>.debug_line</name>
         <load_address>0x227e</load_address>
         <run_address>0x227e</run_address>
         <size>0x6b</size>
         <input_file_ref idref="fl-13"/>
      </object_component>
      <object_component id="oc-21f">
         <name>.debug_line</name>
         <load_address>0x22e9</load_address>
         <run_address>0x22e9</run_address>
         <size>0x6b</size>
         <input_file_ref idref="fl-13"/>
      </object_component>
      <object_component id="oc-218">
         <name>.debug_line</name>
         <load_address>0x2354</load_address>
         <run_address>0x2354</run_address>
         <size>0x6b</size>
         <input_file_ref idref="fl-13"/>
      </object_component>
      <object_component id="oc-221">
         <name>.debug_line</name>
         <load_address>0x23bf</load_address>
         <run_address>0x23bf</run_address>
         <size>0x6b</size>
         <input_file_ref idref="fl-13"/>
      </object_component>
      <object_component id="oc-e1">
         <name>.debug_line</name>
         <load_address>0x242a</load_address>
         <run_address>0x242a</run_address>
         <size>0x734</size>
         <input_file_ref idref="fl-13"/>
      </object_component>
      <object_component id="oc-239">
         <name>.debug_line</name>
         <load_address>0x2b5e</load_address>
         <run_address>0x2b5e</run_address>
         <size>0x6e</size>
         <input_file_ref idref="fl-14"/>
      </object_component>
      <object_component id="oc-121">
         <name>.debug_line</name>
         <load_address>0x2bcc</load_address>
         <run_address>0x2bcc</run_address>
         <size>0x367</size>
         <input_file_ref idref="fl-14"/>
      </object_component>
      <object_component id="oc-27d">
         <name>.debug_line</name>
         <load_address>0x2f33</load_address>
         <run_address>0x2f33</run_address>
         <size>0x6e</size>
         <input_file_ref idref="fl-15"/>
      </object_component>
      <object_component id="oc-19d">
         <name>.debug_line</name>
         <load_address>0x2fa1</load_address>
         <run_address>0x2fa1</run_address>
         <size>0x233</size>
         <input_file_ref idref="fl-15"/>
      </object_component>
      <object_component id="oc-18d">
         <name>.debug_line</name>
         <load_address>0x31d4</load_address>
         <run_address>0x31d4</run_address>
         <size>0x104</size>
         <input_file_ref idref="fl-16"/>
      </object_component>
      <object_component id="oc-da">
         <name>.debug_line</name>
         <load_address>0x32d8</load_address>
         <run_address>0x32d8</run_address>
         <size>0xa9</size>
         <input_file_ref idref="fl-25"/>
      </object_component>
      <object_component id="oc-79">
         <name>.debug_line</name>
         <load_address>0x3381</load_address>
         <run_address>0x3381</run_address>
         <size>0x4f</size>
         <input_file_ref idref="fl-25"/>
      </object_component>
      <object_component id="oc-ac">
         <name>.debug_line</name>
         <load_address>0x33d0</load_address>
         <run_address>0x33d0</run_address>
         <size>0x34</size>
         <input_file_ref idref="fl-25"/>
      </object_component>
      <object_component id="oc-a7">
         <name>.debug_line</name>
         <load_address>0x3404</load_address>
         <run_address>0x3404</run_address>
         <size>0x20</size>
         <input_file_ref idref="fl-26"/>
      </object_component>
      <object_component id="oc-31">
         <name>.debug_line</name>
         <load_address>0x3424</load_address>
         <run_address>0x3424</run_address>
         <size>0x55</size>
         <input_file_ref idref="fl-26"/>
      </object_component>
      <object_component id="oc-6b">
         <name>.debug_line</name>
         <load_address>0x3479</load_address>
         <run_address>0x3479</run_address>
         <size>0x3a</size>
         <input_file_ref idref="fl-26"/>
      </object_component>
      <object_component id="oc-a4">
         <name>.debug_line</name>
         <load_address>0x34b3</load_address>
         <run_address>0x34b3</run_address>
         <size>0x95</size>
         <input_file_ref idref="fl-26"/>
      </object_component>
      <object_component id="oc-d3">
         <name>.debug_line</name>
         <load_address>0x3548</load_address>
         <run_address>0x3548</run_address>
         <size>0x20</size>
         <input_file_ref idref="fl-27"/>
      </object_component>
      <object_component id="oc-2a">
         <name>.debug_line</name>
         <load_address>0x3568</load_address>
         <run_address>0x3568</run_address>
         <size>0xa9</size>
         <input_file_ref idref="fl-27"/>
      </object_component>
      <object_component id="oc-5b">
         <name>.debug_line</name>
         <load_address>0x3611</load_address>
         <run_address>0x3611</run_address>
         <size>0x3a</size>
         <input_file_ref idref="fl-27"/>
      </object_component>
      <object_component id="oc-d0">
         <name>.debug_line</name>
         <load_address>0x364b</load_address>
         <run_address>0x364b</run_address>
         <size>0x9d</size>
         <input_file_ref idref="fl-27"/>
      </object_component>
      <object_component id="oc-9d">
         <name>.debug_line</name>
         <load_address>0x36e8</load_address>
         <run_address>0x36e8</run_address>
         <size>0x99</size>
         <input_file_ref idref="fl-27"/>
      </object_component>
      <object_component id="oc-93">
         <name>.debug_line</name>
         <load_address>0x3781</load_address>
         <run_address>0x3781</run_address>
         <size>0x33</size>
         <input_file_ref idref="fl-29"/>
      </object_component>
      <object_component id="oc-85">
         <name>.debug_line</name>
         <load_address>0x37b4</load_address>
         <run_address>0x37b4</run_address>
         <size>0x53</size>
         <input_file_ref idref="fl-29"/>
      </object_component>
      <object_component id="oc-146">
         <name>.debug_line</name>
         <load_address>0x3807</load_address>
         <run_address>0x3807</run_address>
         <size>0x3c</size>
         <input_file_ref idref="fl-2a"/>
      </object_component>
      <object_component id="oc-66">
         <name>.debug_line</name>
         <load_address>0x3843</load_address>
         <run_address>0x3843</run_address>
         <size>0x88</size>
         <input_file_ref idref="fl-30"/>
      </object_component>
      <object_component id="oc-b3">
         <name>.debug_line</name>
         <load_address>0x38cb</load_address>
         <run_address>0x38cb</run_address>
         <size>0x79</size>
         <input_file_ref idref="fl-31"/>
      </object_component>
      <object_component id="oc-26a">
         <name>.debug_line</name>
         <load_address>0x3944</load_address>
         <run_address>0x3944</run_address>
         <size>0xc2</size>
         <input_file_ref idref="fl-32"/>
      </object_component>
      <object_component id="oc-151">
         <name>.debug_line</name>
         <load_address>0x3a06</load_address>
         <run_address>0x3a06</run_address>
         <size>0x71</size>
         <input_file_ref idref="fl-32"/>
      </object_component>
      <object_component id="oc-26e">
         <name>.debug_line</name>
         <load_address>0x3a77</load_address>
         <run_address>0x3a77</run_address>
         <size>0x2e</size>
         <input_file_ref idref="fl-32"/>
      </object_component>
      <object_component id="oc-28b">
         <name>.debug_line</name>
         <load_address>0x3aa5</load_address>
         <run_address>0x3aa5</run_address>
         <size>0x9d</size>
         <input_file_ref idref="fl-32"/>
      </object_component>
      <object_component id="oc-273">
         <name>.debug_line</name>
         <load_address>0x3b42</load_address>
         <run_address>0x3b42</run_address>
         <size>0x9a</size>
         <input_file_ref idref="fl-32"/>
      </object_component>
      <object_component id="oc-278">
         <name>.debug_line</name>
         <load_address>0x3bdc</load_address>
         <run_address>0x3bdc</run_address>
         <size>0x96</size>
         <input_file_ref idref="fl-32"/>
      </object_component>
      <object_component id="oc-ba">
         <name>.debug_line</name>
         <load_address>0x3c72</load_address>
         <run_address>0x3c72</run_address>
         <size>0x40</size>
         <input_file_ref idref="fl-33"/>
      </object_component>
      <object_component id="oc-12a">
         <name>.debug_frame</name>
         <load_address>0x0</load_address>
         <run_address>0x0</run_address>
         <size>0x3c</size>
         <input_file_ref idref="fl-2"/>
      </object_component>
      <object_component id="oc-e4">
         <name>.debug_frame</name>
         <load_address>0x3c</load_address>
         <run_address>0x3c</run_address>
         <size>0x38</size>
         <input_file_ref idref="fl-4"/>
      </object_component>
      <object_component id="oc-3d">
         <name>.debug_frame</name>
         <load_address>0x74</load_address>
         <run_address>0x74</run_address>
         <size>0x34</size>
         <input_file_ref idref="fl-5"/>
      </object_component>
      <object_component id="oc-47">
         <name>.debug_frame</name>
         <load_address>0xa8</load_address>
         <run_address>0xa8</run_address>
         <size>0x34</size>
         <input_file_ref idref="fl-5"/>
      </object_component>
      <object_component id="oc-4c">
         <name>.debug_frame</name>
         <load_address>0xdc</load_address>
         <run_address>0xdc</run_address>
         <size>0x34</size>
         <input_file_ref idref="fl-5"/>
      </object_component>
      <object_component id="oc-53">
         <name>.debug_frame</name>
         <load_address>0x110</load_address>
         <run_address>0x110</run_address>
         <size>0x34</size>
         <input_file_ref idref="fl-5"/>
      </object_component>
      <object_component id="oc-11e">
         <name>.debug_frame</name>
         <load_address>0x144</load_address>
         <run_address>0x144</run_address>
         <size>0x38</size>
         <input_file_ref idref="fl-6"/>
      </object_component>
      <object_component id="oc-112">
         <name>.debug_frame</name>
         <load_address>0x17c</load_address>
         <run_address>0x17c</run_address>
         <size>0x3c</size>
         <input_file_ref idref="fl-6"/>
      </object_component>
      <object_component id="oc-1c7">
         <name>.debug_frame</name>
         <load_address>0x1b8</load_address>
         <run_address>0x1b8</run_address>
         <size>0x38</size>
         <input_file_ref idref="fl-6"/>
      </object_component>
      <object_component id="oc-1c1">
         <name>.debug_frame</name>
         <load_address>0x1f0</load_address>
         <run_address>0x1f0</run_address>
         <size>0x38</size>
         <input_file_ref idref="fl-6"/>
      </object_component>
      <object_component id="oc-1e2">
         <name>.debug_frame</name>
         <load_address>0x228</load_address>
         <run_address>0x228</run_address>
         <size>0x38</size>
         <input_file_ref idref="fl-6"/>
      </object_component>
      <object_component id="oc-118">
         <name>.debug_frame</name>
         <load_address>0x260</load_address>
         <run_address>0x260</run_address>
         <size>0x38</size>
         <input_file_ref idref="fl-6"/>
      </object_component>
      <object_component id="oc-1d5">
         <name>.debug_frame</name>
         <load_address>0x298</load_address>
         <run_address>0x298</run_address>
         <size>0x38</size>
         <input_file_ref idref="fl-6"/>
      </object_component>
      <object_component id="oc-1db">
         <name>.debug_frame</name>
         <load_address>0x2d0</load_address>
         <run_address>0x2d0</run_address>
         <size>0x38</size>
         <input_file_ref idref="fl-6"/>
      </object_component>
      <object_component id="oc-132">
         <name>.debug_frame</name>
         <load_address>0x308</load_address>
         <run_address>0x308</run_address>
         <size>0x40</size>
         <input_file_ref idref="fl-7"/>
      </object_component>
      <object_component id="oc-139">
         <name>.debug_frame</name>
         <load_address>0x348</load_address>
         <run_address>0x348</run_address>
         <size>0x38</size>
         <input_file_ref idref="fl-7"/>
      </object_component>
      <object_component id="oc-12d">
         <name>.debug_frame</name>
         <load_address>0x380</load_address>
         <run_address>0x380</run_address>
         <size>0x38</size>
         <input_file_ref idref="fl-7"/>
      </object_component>
      <object_component id="oc-bd">
         <name>.debug_frame</name>
         <load_address>0x3b8</load_address>
         <run_address>0x3b8</run_address>
         <size>0x3c</size>
         <input_file_ref idref="fl-7"/>
      </object_component>
      <object_component id="oc-ee">
         <name>.debug_frame</name>
         <load_address>0x3f4</load_address>
         <run_address>0x3f4</run_address>
         <size>0x3c</size>
         <input_file_ref idref="fl-d"/>
      </object_component>
      <object_component id="oc-f4">
         <name>.debug_frame</name>
         <load_address>0x430</load_address>
         <run_address>0x430</run_address>
         <size>0x2e4</size>
         <input_file_ref idref="fl-e"/>
      </object_component>
      <object_component id="oc-10c">
         <name>.debug_frame</name>
         <load_address>0x714</load_address>
         <run_address>0x714</run_address>
         <size>0x288</size>
         <input_file_ref idref="fl-f"/>
      </object_component>
      <object_component id="oc-105">
         <name>.debug_frame</name>
         <load_address>0x99c</load_address>
         <run_address>0x99c</run_address>
         <size>0x164</size>
         <input_file_ref idref="fl-10"/>
      </object_component>
      <object_component id="oc-100">
         <name>.debug_frame</name>
         <load_address>0xb00</load_address>
         <run_address>0xb00</run_address>
         <size>0xb8</size>
         <input_file_ref idref="fl-11"/>
      </object_component>
      <object_component id="oc-fa">
         <name>.debug_frame</name>
         <load_address>0xbb8</load_address>
         <run_address>0xbb8</run_address>
         <size>0x38</size>
         <input_file_ref idref="fl-12"/>
      </object_component>
      <object_component id="oc-e2">
         <name>.debug_frame</name>
         <load_address>0xbf0</load_address>
         <run_address>0xbf0</run_address>
         <size>0x464</size>
         <input_file_ref idref="fl-13"/>
      </object_component>
      <object_component id="oc-120">
         <name>.debug_frame</name>
         <load_address>0x1054</load_address>
         <run_address>0x1054</run_address>
         <size>0x228</size>
         <input_file_ref idref="fl-14"/>
      </object_component>
      <object_component id="oc-19c">
         <name>.debug_frame</name>
         <load_address>0x127c</load_address>
         <run_address>0x127c</run_address>
         <size>0x17c</size>
         <input_file_ref idref="fl-15"/>
      </object_component>
      <object_component id="oc-18e">
         <name>.debug_frame</name>
         <load_address>0x13f8</load_address>
         <run_address>0x13f8</run_address>
         <size>0x98</size>
         <input_file_ref idref="fl-16"/>
      </object_component>
      <object_component id="oc-78">
         <name>.debug_frame</name>
         <load_address>0x1490</load_address>
         <run_address>0x1490</run_address>
         <size>0x34</size>
         <input_file_ref idref="fl-25"/>
      </object_component>
      <object_component id="oc-32">
         <name>.debug_frame</name>
         <load_address>0x14c4</load_address>
         <run_address>0x14c4</run_address>
         <size>0x34</size>
[...]
         <object_component_ref idref="oc-fb"/>
      </symbol>
      <symbol id="sm-372">
         <name>IPCMtoCFlagSet</name>
         <value>0x2056a3</value>
         <object_component_ref idref="oc-fb"/>
      </symbol>
      <symbol id="sm-373">
         <name>IPCCtoMFlagBusy</name>
         <value>0x2057b9</value>
         <object_component_ref idref="oc-fb"/>
      </symbol>
      <symbol id="sm-374">
         <name>IPCMtoCFlagBusy</name>
         <value>0x2056b9</value>
         <object_component_ref idref="oc-fb"/>
      </symbol>
      <symbol id="sm-383">
         <name>RamMReqSharedMemAccess</name>
         <value>0x205e5d</value>
         <object_component_ref idref="oc-f5"/>
      </symbol>
      <symbol id="sm-451">
         <name>SysCtlGPIOAHBEnable</name>
         <value>0x204541</value>
         <object_component_ref idref="oc-dd"/>
      </symbol>
      <symbol id="sm-452">
         <name>SysCtlFlashSizeGet</name>
         <value>0x204589</value>
         <object_component_ref idref="oc-dd"/>
      </symbol>
      <symbol id="sm-453">
         <name>SysCtlNmiFlgClr</name>
         <value>0x2044b1</value>
         <object_component_ref idref="oc-dd"/>
      </symbol>
      <symbol id="sm-454">
         <name>SysCtlUSBPLLConfigSet</name>
         <value>0x2040bd</value>
         <object_component_ref idref="oc-dd"/>
      </symbol>
      <symbol id="sm-455">
         <name>SysCtlPeripheralDeepSleepEnable</name>
         <value>0x204401</value>
         <object_component_ref idref="oc-dd"/>
      </symbol>
      <symbol id="sm-456">
         <name>SysCtlEnableVREGWarnNMI</name>
         <value>0x204599</value>
         <object_component_ref idref="oc-dd"/>
      </symbol>
      <symbol id="sm-457">
         <name>SysCtlPeripheralPresent</name>
         <value>0x20433d</value>
         <object_component_ref idref="oc-dd"/>
      </symbol>
      <symbol id="sm-458">
         <name>SysCtlPowerOffPLL</name>
         <value>0x2041ff</value>
         <object_component_ref idref="oc-dd"/>
      </symbol>
      <symbol id="sm-459">
         <name>SysCtlPeripheralClockGating</name>
         <value>0x204451</value>
         <object_component_ref idref="oc-dd"/>
      </symbol>
      <symbol id="sm-45a">
         <name>SysCtlXPllClockDividerSet</name>
         <value>0x204001</value>
         <object_component_ref idref="oc-dd"/>
      </symbol>
      <symbol id="sm-45b">
         <name>SysCtlEnableAERRNMI</name>
         <value>0x2045c5</value>
         <object_component_ref idref="oc-dd"/>
      </symbol>
      <symbol id="sm-45c">
         <name>SysCtlResetCauseGet</name>
         <value>0x2041c5</value>
         <object_component_ref idref="oc-dd"/>
      </symbol>
      <symbol id="sm-45d">
         <name>SysCtlClockConfigSet</name>
         <value>0x2048f7</value>
         <object_component_ref idref="oc-dd"/>
      </symbol>
      <symbol id="sm-45e">
         <name>SysCtlDelay</name>
         <value>0x205fd7</value>
         <object_component_ref idref="oc-182"/>
      </symbol>
      <symbol id="sm-45f">
         <name>SysCtlPeripheralEnable</name>
         <value>0x2043a9</value>
         <object_component_ref idref="oc-dd"/>
      </symbol>
      <symbol id="sm-460">
         <name>SysCtlUSBPLLConfigGet</name>
         <value>0x20414f</value>
         <object_component_ref idref="oc-dd"/>
      </symbol>
      <symbol id="sm-461">
         <name>SysCtlDeepSleep</name>
         <value>0x2045dd</value>
         <object_component_ref idref="oc-dd"/>
      </symbol>
      <symbol id="sm-462">
         <name>SysCtlClockPllConfig</name>
         <value>0x20477d</value>
         <object_component_ref idref="oc-dd"/>
      </symbol>
      <symbol id="sm-463">
         <name>SysCtlPeripheralDeepSleepDisable</name>
         <value>0x204429</value>
         <object_component_ref idref="oc-dd"/>
      </symbol>
      <symbol id="sm-464">
         <name>SysCtlMclkDetectionEnDisStatus</name>
         <value>0x2044c9</value>
         <object_component_ref idref="oc-dd"/>
      </symbol>
      <symbol id="sm-465">
         <name>SysCtlPeripheralSleepDisable</name>
         <value>0x204241</value>
         <object_component_ref idref="oc-dd"/>
      </symbol>
      <symbol id="sm-466">
         <name>SysCtlReset</name>
         <value>0x2041d7</value>
         <object_component_ref idref="oc-dd"/>
      </symbol>
      <symbol id="sm-467">
         <name>SysCtlGPIOAHBDisable</name>
         <value>0x204565</value>
         <object_component_ref idref="oc-dd"/>
      </symbol>
      <symbol id="sm-468">
         <name>SysCtlSRAMSizeGet</name>
         <value>0x2041a5</value>
         <object_component_ref idref="oc-dd"/>
      </symbol>
      <symbol id="sm-469">
         <name>SysCtlClockGet</name>
         <value>0x2048a5</value>
         <object_component_ref idref="oc-dd"/>
      </symbol>
      <symbol id="sm-46a">
         <name>SysCtlMclkDetectionEnDis</name>
         <value>0x2044d3</value>
         <object_component_ref idref="oc-dd"/>
      </symbol>
      <symbol id="sm-46b">
         <name>SysCtlPeripheralDisable</name>
         <value>0x2043d5</value>
         <object_component_ref idref="oc-dd"/>
      </symbol>
      <symbol id="sm-46c">
         <name>SysCtlGetNmiConfig</name>
         <value>0x204539</value>
         <object_component_ref idref="oc-dd"/>
      </symbol>
      <symbol id="sm-46d">
         <name>SysCtlClockConfigGet</name>
         <value>0x2045f7</value>
         <object_component_ref idref="oc-dd"/>
      </symbol>
      <symbol id="sm-46e">
         <name>SysCtlPeripheralIsEnabled</name>
         <value>0x20438b</value>
         <object_component_ref idref="oc-dd"/>
      </symbol>
      <symbol id="sm-46f">
         <name>SysCtlNmiIsSet</name>
         <value>0x204475</value>
         <object_component_ref idref="oc-dd"/>
      </symbol>
      <symbol id="sm-470">
         <name>SysCtlReleaseSubSystemFromReset</name>
         <value>0x2041df</value>
         <object_component_ref idref="oc-dd"/>
      </symbol>
      <symbol id="sm-471">
         <name>SysCtlGetNmiFlagStatus</name>
         <value>0x204487</value>
         <object_component_ref idref="oc-dd"/>
      </symbol>
      <symbol id="sm-472">
         <name>SysCtlUSBPLLEnable</name>
         <value>0x204073</value>
         <object_component_ref idref="oc-dd"/>
      </symbol>
      <symbol id="sm-473">
         <name>SysCtlPeripheralSleepEnable</name>
         <value>0x204219</value>
         <object_component_ref idref="oc-dd"/>
      </symbol>
      <symbol id="sm-474">
         <name>SysCtlGetNmiInterruptStatus</name>
         <value>0x20452d</value>
         <object_component_ref idref="oc-dd"/>
      </symbol>
      <symbol id="sm-475">
         <name>SysCtlUSBPLLDisable</name>
         <value>0x2040a5</value>
         <object_component_ref idref="oc-dd"/>
      </symbol>
      <symbol id="sm-476">
         <name>SysCtlC28Disable</name>
         <value>0x204949</value>
         <object_component_ref idref="oc-dd"/>
      </symbol>
      <symbol id="sm-477">
         <name>SysCtlNmiFlgClrAll</name>
         <value>0x20448f</value>
         <object_component_ref idref="oc-dd"/>
      </symbol>
      <symbol id="sm-478">
         <name>SysCtlResetCauseClear</name>
         <value>0x2041cb</value>
         <object_component_ref idref="oc-dd"/>
      </symbol>
      <symbol id="sm-479">
         <name>SysCtlClockDividersSet</name>
         <value>0x204661</value>
         <object_component_ref idref="oc-dd"/>
      </symbol>
      <symbol id="sm-47a">
         <name>SysCtlSubSystemReset</name>
         <value>0x20416d</value>
         <object_component_ref idref="oc-dd"/>
      </symbol>
      <symbol id="sm-47b">
         <name>SysCtlPeripheralReset</name>
         <value>0x204269</value>
         <object_component_ref idref="oc-dd"/>
      </symbol>
      <symbol id="sm-47c">
         <name>SysCtlHoldSubSystemInReset</name>
         <value>0x204509</value>
         <object_component_ref idref="oc-dd"/>
      </symbol>
      <symbol id="sm-47d">
         <name>SysCtlC28Enable</name>
         <value>0x20492b</value>
         <object_component_ref idref="oc-dd"/>
      </symbol>
      <symbol id="sm-4d2">
         <name>TimerMatchSet</name>
         <value>0x2054b5</value>
         <object_component_ref idref="oc-11f"/>
      </symbol>
      <symbol id="sm-4d3">
         <name>TimerLoadSet</name>
         <value>0x2054d3</value>
         <object_component_ref idref="oc-11f"/>
      </symbol>
      <symbol id="sm-4d4">
         <name>TimerPrescaleMatchGet</name>
         <value>0x20549d</value>
         <object_component_ref idref="oc-11f"/>
      </symbol>
      <symbol id="sm-4d5">
         <name>TimerControlLevel</name>
         <value>0x205635</value>
         <object_component_ref idref="oc-11f"/>
      </symbol>
      <symbol id="sm-4d6">
         <name>TimerPrescaleGet</name>
         <value>0x2054a9</value>
         <object_component_ref idref="oc-11f"/>
      </symbol>
      <symbol id="sm-4d7">
         <name>TimerDisable</name>
         <value>0x2055bd</value>
         <object_component_ref idref="oc-11f"/>
      </symbol>
      <symbol id="sm-4d8">
         <name>TimerIntRegister</name>
         <value>0x205547</value>
         <object_component_ref idref="oc-11f"/>
      </symbol>
      <symbol id="sm-4d9">
         <name>TimerEnable</name>
         <value>0x2055af</value>
         <object_component_ref idref="oc-11f"/>
      </symbol>
      <symbol id="sm-4da">
         <name>TimerIntUnregister</name>
         <value>0x2054f1</value>
         <object_component_ref idref="oc-11f"/>
      </symbol>
      <symbol id="sm-4db">
         <name>TimerMatchGet</name>
         <value>0x2054c7</value>
         <object_component_ref idref="oc-11f"/>
      </symbol>
      <symbol id="sm-4dc">
         <name>TimerIntStatus</name>
         <value>0x20553d</value>
         <object_component_ref idref="oc-11f"/>
      </symbol>
      <symbol id="sm-4dd">
         <name>TimerIntDisable</name>
         <value>0x2055a1</value>
         <object_component_ref idref="oc-11f"/>
      </symbol>
      <symbol id="sm-4de">
         <name>TimerValueGet</name>
         <value>0x205459</value>
         <object_component_ref idref="oc-11f"/>
      </symbol>
      <symbol id="sm-4df">
         <name>TimerControlTrigger</name>
         <value>0x205609</value>
         <object_component_ref idref="oc-11f"/>
      </symbol>
      <symbol id="sm-4e0">
         <name>TimerPrescaleSet</name>
         <value>0x205479</value>
         <object_component_ref idref="oc-11f"/>
      </symbol>
      <symbol id="sm-4e1">
         <name>TimerControlStall</name>
         <value>0x20561f</value>
         <object_component_ref idref="oc-11f"/>
      </symbol>
      <symbol id="sm-4e2">
         <name>TimerRTCEnable</name>
         <value>0x205465</value>
         <object_component_ref idref="oc-11f"/>
      </symbol>
      <symbol id="sm-4e3">
         <name>TimerLoadGet</name>
         <value>0x2054e5</value>
         <object_component_ref idref="oc-11f"/>
      </symbol>
      <symbol id="sm-4e4">
         <name>TimerIntEnable</name>
         <value>0x205599</value>
         <object_component_ref idref="oc-11f"/>
      </symbol>
      <symbol id="sm-4e5">
         <name>TimerRTCDisable</name>
         <value>0x20546f</value>
         <object_component_ref idref="oc-11f"/>
      </symbol>
      <symbol id="sm-4e6">
         <name>TimerPrescaleMatchSet</name>
         <value>0x20548b</value>
         <object_component_ref idref="oc-11f"/>
      </symbol>
      <symbol id="sm-4e7">
         <name>TimerControlWaitOnTrigger</name>
         <value>0x2055d1</value>
         <object_component_ref idref="oc-11f"/>
      </symbol>
      <symbol id="sm-4e8">
         <name>TimerConfigure</name>
         <value>0x20565f</value>
         <object_component_ref idref="oc-11f"/>
      </symbol>
      <symbol id="sm-4e9">
         <name>TimerControlEvent</name>
         <value>0x20564b</value>
         <object_component_ref idref="oc-11f"/>
      </symbol>
      <symbol id="sm-4ea">
         <name>TimerIntClear</name>
         <value>0x2055ab</value>
         <object_component_ref idref="oc-11f"/>
      </symbol>
      <symbol id="sm-50c">
         <name>WatchdogIntClear</name>
         <value>0x205b1b</value>
         <object_component_ref idref="oc-198"/>
      </symbol>
      <symbol id="sm-50d">
         <name>WatchdogUnlock</name>
         <value>0x205a89</value>
         <object_component_ref idref="oc-198"/>
      </symbol>
      <symbol id="sm-50e">
         <name>WatchdogRunning</name>
         <value>0x205aad</value>
         <object_component_ref idref="oc-198"/>
      </symbol>
      <symbol id="sm-50f">
         <name>WatchdogStallDisable</name>
         <value>0x205a9f</value>
         <object_component_ref idref="oc-198"/>
      </symbol>
      <symbol id="sm-510">
         <name>WatchdogStallEnable</name>
         <value>0x205a91</value>
         <object_component_ref idref="oc-198"/>
      </symbol>
      <symbol id="sm-511">
         <name>WatchdogResetDisable</name>
         <value>0x205abf</value>
         <object_component_ref idref="oc-198"/>
      </symbol>
      <symbol id="sm-512">
         <name>WatchdogLockState</name>
         <value>0x205ad1</value>
         <object_component_ref idref="oc-198"/>
      </symbol>
      <symbol id="sm-513">
         <name>WatchdogReloadSet</name>
         <value>0x205ac9</value>
         <object_component_ref idref="oc-198"/>
      </symbol>
      <symbol id="sm-514">
         <name>WatchdogResetEnable</name>
         <value>0x205ab5</value>
         <object_component_ref idref="oc-198"/>
      </symbol>
      <symbol id="sm-515">
         <name>WatchdogEnable</name>
         <value>0x205b21</value>
         <object_component_ref idref="oc-198"/>
      </symbol>
      <symbol id="sm-516">
         <name>WatchdogIntRegister</name>
         <value>0x205b01</value>
         <object_component_ref idref="oc-198"/>
      </symbol>
      <symbol id="sm-517">
         <name>WatchdogReloadGet</name>
         <value>0x205acd</value>
         <object_component_ref idref="oc-198"/>
      </symbol>
      <symbol id="sm-518">
         <name>WatchdogValueGet</name>
         <value>0x205a85</value>
         <object_component_ref idref="oc-198"/>
      </symbol>
      <symbol id="sm-519">
         <name>WatchdogIntStatus</name>
         <value>0x205af7</value>
         <object_component_ref idref="oc-198"/>
      </symbol>
      <symbol id="sm-51a">
         <name>WatchdogIntEnable</name>
         <value>0x205b11</value>
         <object_component_ref idref="oc-198"/>
      </symbol>
      <symbol id="sm-51b">
         <name>WatchdogLock</name>
         <value>0x205adf</value>
         <object_component_ref idref="oc-198"/>
      </symbol>
      <symbol id="sm-51c">
         <name>WatchdogIntUnregister</name>
         <value>0x205ae7</value>
         <object_component_ref idref="oc-198"/>
      </symbol>
      <symbol id="sm-52b">
         <name>CPUbasepriGet</name>
         <value>0x205e21</value>
         <object_component_ref idref="oc-189"/>
      </symbol>
      <symbol id="sm-52c">
         <name>CPUbasepriSet</name>
         <value>0x205e1b</value>
         <object_component_ref idref="oc-189"/>
      </symbol>
      <symbol id="sm-52d">
         <name>CPUprimask</name>
         <value>0x205df9</value>
         <object_component_ref idref="oc-189"/>
      </symbol>
      <symbol id="sm-52e">
         <name>CPUcpsie</name>
         <value>0x205e03</value>
         <object_component_ref idref="oc-189"/>
      </symbol>
      <symbol id="sm-52f">
         <name>CPUcpsid</name>
         <value>0x205e0f</value>
         <object_component_ref idref="oc-189"/>
      </symbol>
      <symbol id="sm-530">
         <name>CPUwfi</name>
         <value>0x205df5</value>
         <object_component_ref idref="oc-189"/>
      </symbol>
      <symbol id="sm-550">
         <name>__TI_zero_init</name>
         <value>0x205fcb</value>
         <object_component_ref idref="oc-74"/>
      </symbol>
      <symbol id="sm-567">
         <name>__TI_decompress_none</name>
         <value>0x205fbd</value>
         <object_component_ref idref="oc-2d"/>
      </symbol>
      <symbol id="sm-58a">
         <name>__TI_decompress_lzss</name>
         <value>0x205d49</value>
         <object_component_ref idref="oc-27"/>
      </symbol>
      <symbol id="sm-59d">
         <name>__stack</name>
         <value>0x20000068</value>
         <object_component_ref idref="oc-39"/>
      </symbol>
      <symbol id="sm-59e">
         <name>_c_int00_noargs</name>
         <value>0x205ebd</value>
         <object_component_ref idref="oc-80"/>
      </symbol>
      <symbol id="sm-5a9">
         <name>C$$EXIT</name>
         <value>0x205fe1</value>
         <object_component_ref idref="oc-144"/>
      </symbol>
      <symbol id="sm-5aa">
         <name>abort</name>
         <value>0x205fe1</value>
         <object_component_ref idref="oc-144"/>
      </symbol>
      <symbol id="sm-5ca">
         <name>memcpy</name>
         <value>0x205b31</value>
         <object_component_ref idref="oc-62"/>
      </symbol>
      <symbol id="sm-5cb">
         <name>__aeabi_memcpy</name>
         <value>0x205b31</value>
         <object_component_ref idref="oc-62"/>
      </symbol>
      <symbol id="sm-5cc">
         <name>__aeabi_memcpy8</name>
         <value>0x205b31</value>
         <object_component_ref idref="oc-62"/>
      </symbol>
      <symbol id="sm-5cd">
         <name>__aeabi_memcpy4</name>
         <value>0x205b31</value>
         <object_component_ref idref="oc-62"/>
      </symbol>
      <symbol id="sm-5dc">
         <name>__aeabi_memset</name>
         <value>0x205c5b</value>
         <object_component_ref idref="oc-af"/>
      </symbol>
      <symbol id="sm-5dd">
         <name>memset</name>
         <value>0x205c61</value>
         <object_component_ref idref="oc-af"/>
      </symbol>
      <symbol id="sm-5de">
         <name>__aeabi_memset8</name>
         <value>0x205c5b</value>
         <object_component_ref idref="oc-af"/>
      </symbol>
      <symbol id="sm-5df">
         <name>__aeabi_memset4</name>
         <value>0x205c5b</value>
         <object_component_ref idref="oc-af"/>
      </symbol>
      <symbol id="sm-5e0">
         <name>__aeabi_memclr8</name>
         <value>0x205c59</value>
         <object_component_ref idref="oc-af"/>
      </symbol>
      <symbol id="sm-5e1">
         <name>__aeabi_memclr4</name>
         <value>0x205c59</value>
         <object_component_ref idref="oc-af"/>
      </symbol>
      <symbol id="sm-5e2">
         <name>__aeabi_memclr</name>
         <value>0x205c59</value>
         <object_component_ref idref="oc-af"/>
      </symbol>
      <symbol id="sm-60a">
         <name>__TI_auto_init_nobinit_nopinit</name>
         <value>0x205db1</value>
         <object_component_ref idref="oc-150"/>
      </symbol>
      <symbol id="sm-614">
         <name>_system_pre_init</name>
         <value>0x205fdd</value>
         <object_component_ref idref="oc-b5"/>
      </symbol>
      <symbol id="sm-616">
         <name>__TI_static_base__</name>
         <value>0x206108</value>
      </symbol>
      <symbol id="sm-61b">
         <name>__mpu_init</name>
         <value>0x0</value>
      </symbol>
      <symbol id="sm-61c">
         <name>_system_post_cinit</name>
         <value>0x0</value>
      </symbol>
      <symbol id="sm-61d">
         <name>IntPriorityMaskSet</name>
         <value>0x205e1b</value>
      </symbol>
      <symbol id="sm-61e">
         <name>IntPriorityMaskGet</name>
         <value>0x205e21</value>
      </symbol>
      <symbol id="sm-61f">
         <name>SysCtlSleep</name>
         <value>0x205df5</value>
      </symbol>
   </symbol_table>
   <title>Link successful</title>
</link_info>
