******************************************************************************
                  TI ARM Linker PC v18.1.4                     
******************************************************************************
>> Linked Wed May 22 16:04:46 2019

OUTPUT FILE NAME:   <uart_echo_m3.out>
ENTRY POINT SYMBOL: "_c_int00_noargs"  address: 00205ebd


MEMORY CONFIGURATION

         name            origin    length      used     unused   attr    fill
----------------------  --------  ---------  --------  --------  ----  --------
  CSM_ECSL_Z1           00200000   00000024  00000000  00000024  RWIX
  CSM_RSVD_Z1           00200024   0000000c  00000000  0000000c  RWIX
  RESETISR              00200030   00000008  00000006  00000002  R  X
  INTVECS               00201000   000001b0  000001b0  00000000  R  X
  FLASHLOAD             00201200   00002e00  00000068  00002d98  R  X
  FLASH                 00204000   0007bfd0  00002190  00079e40  R  X
  CSM_RSVD_Z2           0027ffd0   0000000c  00000000  0000000c  RWIX
  CSM_ECSL_Z2           0027ffdc   00000024  00000000  00000024  RWIX
  C0                    20000000   00002000  00000318  00001ce8  RW X
  C1                    20002000   00002000  00000000  00002000  RW X
  BOOT_RSVD             20004000   00000ff8  00000000  00000ff8  R  X
  C2                    200051b0   00000e50  0000006d  00000de3  RW X
  C3                    20006000   00002000  00000000  00002000  RW X
  S0                    20008000   00002000  00000000  00002000  RW X
  S1                    2000a000   00002000  00000000  00002000  RW X
  S2                    2000c000   00002000  00002000  00000000  RW X
  S3                    2000e000   00002000  00000020  00001fe0  RW X
  S4                    20010000   00002000  00000010  00001ff0  RW X
  S5                    20012000   00002000  00000000  00002000  R  X
  S6                    20014000   00002000  00000000  00002000  RW X
  S7                    20016000   00002000  00000000  00002000  RW X
  CTOMRAM               2007f000   00000800  00000000  00000800  R  X
  MTOCRAM               2007f800   00000800  00000000  00000800  RW X


SEGMENT ALLOCATION MAP

run origin  load origin   length   init length attrs members
----------  ----------- ---------- ----------- ----- -------
00200030    00200030    00000006   00000006    r-x
  00200030    00200030    00000006   00000006    r-x .resetisr
00201000    00201000    000001b0   000001b0    r--
  00201000    00201000    000001b0   000001b0    r-- .intvecs
00204000    00204000    00002190   00002190    r-x
  00204000    00204000    00001ff0   00001ff0    r-x .text
  00205ff0    00205ff0    00000118   00000118    r-- .const
  00206108    00206108    00000088   00000088    r-- .cinit
20000000    00201200    00000068   00000068    r-x
  20000000    00201200    00000068   00000068    r-x ramfuncs
20000068    20000068    00000100   00000000    rw-
  20000068    20000068    00000100   00000000    rw- .stack
20000400    20000400    000001b0   00000000    rw-
  20000400    20000400    000001b0   00000000    rw- .vtable
200051b0    200051b0    0000006d   00000000    rw-
  200051b0    200051b0    00000048   00000000    rw- .data
  200051f8    200051f8    00000025   00000000    rw- .bss
2000c000    2000c000    00002020   00000000    rw-
  2000c000    2000c000    00002000   00000000    rw- SHARERAMS2
  2000e000    2000e000    00000020   00000000    rw- SHARERAMS3
20010000    20010000    00000010   00000000    rw-
  20010000    20010000    00000010   00000000    rw- SHARERAMS4


SECTION ALLOCATION MAP

 output                                  attributes/
section   page    origin      length       input sections
--------  ----  ----------  ----------   ----------------
.resetisr 
*          0    00200030    00000006     
                  00200030    00000006     startup_ccs.obj (.resetisr:ResetISR)

.intvecs   0    00201000    000001b0     
                  00201000    000001b0     startup_ccs.obj (.intvecs)

.text      0    00204000    00001ff0     
                  00204000    00000988     driverlib.lib : sysctl.obj (.text)
                  00204988    00000454                   : gpio.obj (.text)
                  00204ddc    000003b0     uart_echo.obj (.text:main)
                  0020518c    000002cc     driverlib.lib : interrupt.obj (.text)
                  00205458    00000234                   : timer.obj (.text)
                  0020568c    00000178                   : ipc_util.obj (.text)
                  00205804    00000168                   : i2c.obj (.text)
                  0020596c    00000118     uart_echo.obj (.text:Timer0IntHandler)
                  00205a84    000000ac     driverlib.lib : watchdog.obj (.text)
                  00205b30    0000009c     rtsv7M3_T_le_eabi.lib : memcpy_t2.asm.obj (.text)
                  00205bcc    0000008c     uart_echo.obj (.text:Timer1IntHandler)
                  00205c58    0000007a     rtsv7M3_T_le_eabi.lib : memset_t2.asm.obj (.text)
                  00205cd2    00000076     uart.obj (.text:UARTConfigSetExpClk)
                  00205d48    00000068     rtsv7M3_T_le_eabi.lib : copy_decompress_lzss.c.obj (.text:decompress:lzss:__TI_decompress_lzss)
                  00205db0    00000044                           : autoinit.c.obj (.text:__TI_auto_init_nobinit_nopinit:__TI_auto_init_nobinit_nopinit)
                  00205df4    00000036     driverlib.lib : cpu.obj (.text)
                  00205e2a    00000002     startup_ccs.obj (.text:FaultISR)
                  00205e2c    00000030     uart.obj (.text:UARTDisable)
                  00205e5c    00000030     driverlib.lib : ram.obj (.text)
                  00205e8c    0000002e     memcopy.obj (.text:MemCopy)
                  00205eba    00000002     startup_ccs.obj (.text:IntDefaultHandler)
                  00205ebc    00000028     rtsv7M3_T_le_eabi.lib : boot_cortex_m.c.obj (.text:_c_int00_noargs:_c_int00_noargs)
                  00205ee4    00000024     uart.obj (.text:UARTEnable)
                  00205f08    0000001e     uart.obj (.text:UARTCharPut)
                  00205f26    0000001e     uart.obj (.text:UARTIntStatus)
                  00205f44    0000001c     uart_echo.obj (.text:UARTIntHandler)
                  00205f60    0000001a     LiquidCrystal_PCF8574.obj (.text:delayMicroseconds)
                  00205f7a    00000018     uart.obj (.text:UARTFIFOLevelSet)
                  00205f92    00000018     uart.obj (.text:UARTIntEnable)
                  00205faa    00000012     uart.obj (.text:UARTIntClear)
                  00205fbc    0000000e     rtsv7M3_T_le_eabi.lib : copy_decompress_none.c.obj (.text:decompress:none:__TI_decompress_none)
                  00205fca    0000000c                           : copy_zero_init.c.obj (.text:decompress:ZI:__TI_zero_init)
                  00205fd6    00000006     driverlib.lib : sysctl.obj (.text:SysCtlDelay)
                  00205fdc    00000004     rtsv7M3_T_le_eabi.lib : pre_init.c.obj (.text:_system_pre_init)
                  00205fe0    00000004                           : exit.c.obj (.text:abort:abort)
                  00205fe4    00000002     startup_ccs.obj (.text:NmiSR)
                  00205fe6    00000002     --HOLE-- [fill = 0]
                  00205fe8    00000008     driverlib.lib : flash.obj (.tramp.FlashInit.1)

.const     0    00205ff0    00000118     
                  00205ff0    00000048     driverlib.lib : gpio.obj (.const:g_pulGPIOBaseAddrs)
                  00206038    00000048                   : interrupt.obj (.const:g_pulRegs)
                  00206080    00000020                   : interrupt.obj (.const:g_pulPriority)
                  002060a0    00000014                   : sysctl.obj (.const:g_pulDCRegs)
                  002060b4    00000012     uart_echo.obj (.const:.string)
                  002060c6    00000002     --HOLE-- [fill = 0]
                  002060c8    00000010     driverlib.lib : sysctl.obj (.const:g_pulDCGCRegs)
                  002060d8    00000010                   : sysctl.obj (.const:g_pulRCGCRegs)
                  002060e8    00000010                   : sysctl.obj (.const:g_pulSCGCRegs)
                  002060f8    00000010                   : sysctl.obj (.const:g_pulSRCRRegs)

.cinit     0    00206108    00000088     
                  00206108    00000022     (.cinit..data.load) [load image, compression = lzss]
                  0020612a    00000002     --HOLE-- [fill = 0]
                  0020612c    0000000c     (__TI_handler_table)
                  00206138    00000008     (.cinit..bss.load) [load image, compression = zero_init]
                  00206140    00000008     (.cinit..vtable.load) [load image, compression = zero_init]
                  00206148    00000008     (.cinit.SHARERAMS2.load) [load image, compression = zero_init]
                  00206150    00000008     (.cinit.SHARERAMS3.load) [load image, compression = zero_init]
                  00206158    00000008     (.cinit.SHARERAMS4.load) [load image, compression = zero_init]
                  00206160    00000030     (__TI_cinit_table)

.stack     0    20000068    00000100     UNINITIALIZED
                  20000068    00000004     rtsv7M3_T_le_eabi.lib : boot_cortex_m.c.obj (.stack)
                  2000006c    000000fc     --HOLE--

SHARERAMS2 
*          0    2000c000    00002000     UNINITIALIZED
                  2000c000    00002000     uart_echo.obj (SHARERAMS2)

SHARERAMS3 
*          0    2000e000    00000020     UNINITIALIZED
                  2000e000    00000020     uart_echo.obj (SHARERAMS3)

SHARERAMS4 
*          0    20010000    00000010     UNINITIALIZED
                  20010000    00000010     uart_echo.obj (SHARERAMS4)

ramfuncs   0    00201200    00000068     RUN ADDR = 20000000
                  00201200    00000068     driverlib.lib : flash.obj (ramfuncs)

GETBUFFER 
*          0    2007f000    00000000     DSECT

GETWRITEIDX 
*          0    2007f000    00000000     DSECT

PUTREADIDX 
*          0    2007f000    00000000     DSECT

.vtable    0    20000400    000001b0     UNINITIALIZED
                  20000400    000001b0     driverlib.lib : interrupt.obj (.vtable)

.data      0    200051b0    00000048     UNINITIALIZED
                  200051b0    00000048     uart_echo.obj (.data)

.bss       0    200051f8    00000025     UNINITIALIZED
                  200051f8    00000020     (.common:M2)
                  20005218    00000004     uart_echo.obj (.bss)
                  2000521c    00000001     (.common:serial_print_char)

MODULE SUMMARY

       Module                       code   ro data   rw data
       ------                       ----   -------   -------
    .\
       uart_echo.obj                1392   18        8349   
       startup_ccs.obj              12     432       0      
       uart.obj                     328    0         0      
       memcopy.obj                  46     0         0      
       LiquidCrystal_PCF8574.obj    26     0         0      
    +--+----------------------------+------+---------+---------+
       Total:                       1804   450       8349   
                                                            
    C:/ti/ccsv8/tools/compiler/ti-cgt-arm_18.1.4.LTS/lib/rtsv7M3_T_le_eabi.lib
       memcpy_t2.asm.obj            156    0         0      
       memset_t2.asm.obj            122    0         0      
       copy_decompress_lzss.c.obj   104    0         0      
       autoinit.c.obj               68     0         0      
       boot_cortex_m.c.obj          40     0         0      
       copy_decompress_none.c.obj   14     0         0      
       copy_zero_init.c.obj         12     0         0      
       exit.c.obj                   4      0         0      
       pre_init.c.obj               4      0         0      
    +--+----------------------------+------+---------+---------+
       Total:                       524    0         0      
                                                            
    C:/ti/controlSUITE/device_support/f28m35x/v100/MWare/driverlib/ccs/Debug/driverlib.lib
       sysctl.obj                   2446   84        0      
       interrupt.obj                716    104       432    
       gpio.obj                     1108   72        0      
       timer.obj                    564    0         0      
       ipc_util.obj                 376    0         0      
       i2c.obj                      360    0         0      
       flash.obj                    216    0         0      
       watchdog.obj                 172    0         0      
       cpu.obj                      54     0         0      
       ram.obj                      48     0         0      
    +--+----------------------------+------+---------+---------+
       Total:                       6060   260       432    
                                                            
       Stack:                       0      0         256    
       Linker Generated:            0      134       0      
    +--+----------------------------+------+---------+---------+
       Grand Total:                 8388   844       9037   


LINKER GENERATED COPY TABLES

__TI_cinit_table @ 00206160 records: 6, size/record: 8, table size: 48
	.data: load addr=00206108, load size=00000022 bytes, run addr=200051b0, run size=00000048 bytes, compression=lzss
	.bss: load addr=00206138, load size=00000008 bytes, run addr=200051f8, run size=00000025 bytes, compression=zero_init
	.vtable: load addr=00206140, load size=00000008 bytes, run addr=20000400, run size=000001b0 bytes, compression=zero_init
	SHARERAMS2: load addr=00206148, load size=00000008 bytes, run addr=2000c000, run size=00002000 bytes, compression=zero_init
	SHARERAMS3: load addr=00206150, load size=00000008 bytes, run addr=2000e000, run size=00000020 bytes, compression=zero_init
	SHARERAMS4: load addr=00206158, load size=00000008 bytes, run addr=20010000, run size=00000010 bytes, compression=zero_init


LINKER GENERATED HANDLER TABLE

__TI_handler_table @ 0020612c records: 3, size/record: 4, table size: 12
	index: 0, handler: __TI_zero_init
	index: 1, handler: __TI_decompress_lzss
	index: 2, handler: __TI_decompress_none


FAR CALL TRAMPOLINES

callee name               trampoline name
   callee addr  tramp addr   call addr  call info
--------------  -----------  ---------  ----------------
FlashInit                 $Tramp$TT$L$PI$$FlashInit
   20000001     00205fe8     00204dfc   uart_echo.obj (.text:main)

[1 trampolines]
[1 trampoline calls]


GLOBAL SYMBOLS: SORTED ALPHABETICALLY BY Name 

address   name                            
-------   ----                            
200051b1  Addr                            
200051dc  Back_pressed                    
00205fe1  C$$EXIT                         
00205e21  CPUbasepriGet                   
00205e1b  CPUbasepriSet                   
00205e0f  CPUcpsid                        
00205e03  CPUcpsie                        
00205df9  CPUprimask                      
00205df5  CPUwfi                          
2000e000  CtoMvar                         
200051e4  DECRE_pressed                   
200051e8  Datetime                        
200051d8  Enter_pressed                   
20000001  FlashInit                       
00204da9  GPIODirModeGet                  
00204a8b  GPIODirModeSet                  
00204d6b  GPIOIntTypeGet                  
00204d25  GPIOIntTypeSet                  
00204ce9  GPIOPadConfigGet                
00204abb  GPIOPadConfigSet                
00204c75  GPIOPinConfigure                
00204c4b  GPIOPinConfigureCoreSelect      
00204c45  GPIOPinIntClear                 
00204c37  GPIOPinIntDisable               
00204c2b  GPIOPinIntEnable                
00204c1d  GPIOPinIntStatus                
00204bf7  GPIOPinLock                     
00204a5d  GPIOPinLockStatus               
00204bf1  GPIOPinRead                     
00204bdd  GPIOPinTypeCAN                  
00204bc9  GPIOPinTypeEPI                  
00204bb5  GPIOPinTypeGPIOInput            
00204ba1  GPIOPinTypeGPIOOutput           
00204b8d  GPIOPinTypeGPIOOutputOD         
00204b79  GPIOPinTypeI2C                  
00204b65  GPIOPinTypeSSI                  
00204b51  GPIOPinTypeTimer                
00204b3d  GPIOPinTypeUART                 
00204b29  GPIOPinTypeUSBAnalog            
00204b15  GPIOPinTypeUSBDigital           
00204a67  GPIOPinUnlock                   
00204a57  GPIOPinWrite                    
00204a3f  GPIOPortIntRegister             
00204a2b  GPIOPortIntUnregister           
00205949  I2CIntRegister                  
0020592d  I2CIntUnregister                
00205925  I2CMasterBusBusy                
0020591d  I2CMasterBusy                   
00205919  I2CMasterControl                
00205915  I2CMasterDataGet                
00205911  I2CMasterDataPut                
00205907  I2CMasterDisable                
002058b9  I2CMasterEnable                 
002058ed  I2CMasterErr                    
002058c3  I2CMasterInitExpClk             
002058b3  I2CMasterIntClear               
002058ad  I2CMasterIntDisable             
002058a7  I2CMasterIntEnable              
00205895  I2CMasterIntStatus              
0020588d  I2CMasterSlaveAddrSet           
00205889  I2CSlaveDataGet                 
00205885  I2CSlaveDataPut                 
00205873  I2CSlaveDisable                 
00205855  I2CSlaveEnable                  
00205867  I2CSlaveInit                    
0020584f  I2CSlaveIntClear                
0020584b  I2CSlaveIntClearEx              
00205841  I2CSlaveIntDisable              
00205837  I2CSlaveIntDisableEx            
0020582d  I2CSlaveIntEnable               
00205825  I2CSlaveIntEnableEx             
00205813  I2CSlaveIntStatus               
00205809  I2CSlaveIntStatusEx             
00205805  I2CSlaveStatus                  
200051e0  INCRE_pressed                   
002057cb  IPCCtoMFlagAcknowledge          
002057b9  IPCCtoMFlagBusy                 
002056cb  IPCMtoCBootControlSystem        
002056b9  IPCMtoCFlagBusy                 
002056ad  IPCMtoCFlagClear                
002056a3  IPCMtoCFlagSet                  
0020568d  IPCMtoCSharedRamConvert         
002053af  IntDisable                      
00205333  IntEnable                       
00205325  IntFlashVTable                  
0020531b  IntMasterDisable                
00205311  IntMasterEnable                 
002052b3  IntPendClear                    
00205249  IntPendSet                      
0020522f  IntPriorityGet                  
0020520d  IntPriorityGroupingGet          
002051fb  IntPriorityGroupingSet          
00205e21  IntPriorityMaskGet              
00205e1b  IntPriorityMaskSet              
002051cf  IntPrioritySet                  
002051c1  IntRAMVTable                    
00205197  IntRegister                     
0020518d  IntUnregister                   
200051ec  LED                             
200051f8  M2                              
00205e8d  MemCopy                         
20010000  MtoCvar                         
00205e5d  RamMReqSharedMemAccess          
00201268  RamfuncsLoadEnd                 
00201200  RamfuncsLoadStart               
20000000  RamfuncsRunStart                
00200031  ResetISR                        
00204949  SysCtlC28Disable                
0020492b  SysCtlC28Enable                 
002045f7  SysCtlClockConfigGet            
002048f7  SysCtlClockConfigSet            
00204661  SysCtlClockDividersSet          
002048a5  SysCtlClockGet                  
0020477d  SysCtlClockPllConfig            
002045dd  SysCtlDeepSleep                 
00205fd7  SysCtlDelay                     
002045c5  SysCtlEnableAERRNMI             
00204599  SysCtlEnableVREGWarnNMI         
00204589  SysCtlFlashSizeGet              
00204565  SysCtlGPIOAHBDisable            
00204541  SysCtlGPIOAHBEnable             
00204539  SysCtlGetNmiConfig              
00204487  SysCtlGetNmiFlagStatus          
0020452d  SysCtlGetNmiInterruptStatus     
00204509  SysCtlHoldSubSystemInReset      
002044d3  SysCtlMclkDetectionEnDis        
002044c9  SysCtlMclkDetectionEnDisStatus  
002044b1  SysCtlNmiFlgClr                 
0020448f  SysCtlNmiFlgClrAll              
00204475  SysCtlNmiIsSet                  
00204451  SysCtlPeripheralClockGating     
00204429  SysCtlPeripheralDeepSleepDisable
00204401  SysCtlPeripheralDeepSleepEnable 
002043d5  SysCtlPeripheralDisable         
002043a9  SysCtlPeripheralEnable          
0020438b  SysCtlPeripheralIsEnabled       
0020433d  SysCtlPeripheralPresent         
00204269  SysCtlPeripheralReset           
00204241  SysCtlPeripheralSleepDisable    
00204219  SysCtlPeripheralSleepEnable     
002041ff  SysCtlPowerOffPLL               
002041df  SysCtlReleaseSubSystemFromReset 
002041d7  SysCtlReset                     
002041cb  SysCtlResetCauseClear           
002041c5  SysCtlResetCauseGet             
002041a5  SysCtlSRAMSizeGet               
00205df5  SysCtlSleep                     
0020416d  SysCtlSubSystemReset            
0020414f  SysCtlUSBPLLConfigGet           
002040bd  SysCtlUSBPLLConfigSet           
002040a5  SysCtlUSBPLLDisable             
00204073  SysCtlUSBPLLEnable              
00204001  SysCtlXPllClockDividerSet       
0020596d  Timer0IntHandler                
00205bcd  Timer1IntHandler                
0020565f  TimerConfigure                  
0020564b  TimerControlEvent               
00205635  TimerControlLevel               
0020561f  TimerControlStall               
00205609  TimerControlTrigger             
002055d1  TimerControlWaitOnTrigger       
002055bd  TimerDisable                    
002055af  TimerEnable                     
002055ab  TimerIntClear                   
002055a1  TimerIntDisable                 
00205599  TimerIntEnable                  
00205547  TimerIntRegister                
0020553d  TimerIntStatus                  
002054f1  TimerIntUnregister              
002054e5  TimerLoadGet                    
002054d3  TimerLoadSet                    
002054c7  TimerMatchGet                   
002054b5  TimerMatchSet                   
002054a9  TimerPrescaleGet                
0020549d  TimerPrescaleMatchGet           
0020548b  TimerPrescaleMatchSet           
00205479  TimerPrescaleSet                
0020546f  TimerRTCDisable                 
00205465  TimerRTCEnable                  
00205459  TimerValueGet                   
00205f09  UARTCharPut                     
00205cd3  UARTConfigSetExpClk             
00205e2d  UARTDisable                     
00205ee5  UARTEnable                      
00205f7b  UARTFIFOLevelSet                
00205fab  UARTIntClear                    
00205f93  UARTIntEnable                   
00205f45  UARTIntHandler                  
00205f27  UARTIntStatus                   
00205b21  WatchdogEnable                  
00205b1b  WatchdogIntClear                
00205b11  WatchdogIntEnable               
00205b01  WatchdogIntRegister             
00205af7  WatchdogIntStatus               
00205ae7  WatchdogIntUnregister           
00205adf  WatchdogLock                    
00205ad1  WatchdogLockState               
00205acd  WatchdogReloadGet               
00205ac9  WatchdogReloadSet               
00205abf  WatchdogResetDisable            
00205ab5  WatchdogResetEnable             
00205aad  WatchdogRunning                 
00205a9f  WatchdogStallDisable            
00205a91  WatchdogStallEnable             
00205a89  WatchdogUnlock                  
00205a85  WatchdogValueGet                
20000168  __STACK_END                     
00000100  __STACK_SIZE                    
20000168  __STACK_TOP                     
00206160  __TI_CINIT_Base                 
00206190  __TI_CINIT_Limit                
0020612c  __TI_Handler_Table_Base         
00206138  __TI_Handler_Table_Limit        
00205db1  __TI_auto_init_nobinit_nopinit  
00205d49  __TI_decompress_lzss            
00205fbd  __TI_decompress_none            
ffffffff  __TI_pprof_out_hndl             
ffffffff  __TI_prof_data_size             
ffffffff  __TI_prof_data_start            
00206108  __TI_static_base__              
00205fcb  __TI_zero_init                  
00205c59  __aeabi_memclr                  
00205c59  __aeabi_memclr4                 
00205c59  __aeabi_memclr8                 
00205b31  __aeabi_memcpy                  
00205b31  __aeabi_memcpy4                 
00205b31  __aeabi_memcpy8                 
00205c5b  __aeabi_memset                  
00205c5b  __aeabi_memset4                 
00205c5b  __aeabi_memset8                 
ffffffff  __binit__                       
ffffffff  __c_args__                      
UNDEFED   __mpu_init                      
20000068  __stack                         
00205ebd  _c_int00_noargs                 
UNDEFED   _system_post_cinit              
00205fdd  _system_pre_init                
200051f0  a                               
00205fe1  abort                           
200051f4  b                               
2000c000  base                            
200051b4  base_read_index                 
ffffffff  binit                           
200051c0  count                           
200051c4  count2                          
200051b0  crc                             
00205f61  delayMicroseconds               
200051cc  edit_mode                       
200051d0  edit_row_index                  
200051d4  editvar                         
20000400  g_pfnRAMVectors                 
00201000  g_pfnVectors                    
200051b8  index                           
200051c8  index_drawn                     
00204ddd  main                            
00205b31  memcpy                          
00205c61  memset                          
2000521c  serial_print_char               
200051bc  tempData                        


GLOBAL SYMBOLS: SORTED BY Symbol Address 

address   name                            
-------   ----                            
00000100  __STACK_SIZE                    
00200031  ResetISR                        
00201000  g_pfnVectors                    
00201200  RamfuncsLoadStart               
00201268  RamfuncsLoadEnd                 
00204001  SysCtlXPllClockDividerSet       
00204073  SysCtlUSBPLLEnable              
002040a5  SysCtlUSBPLLDisable             
002040bd  SysCtlUSBPLLConfigSet           
0020414f  SysCtlUSBPLLConfigGet           
0020416d  SysCtlSubSystemReset            
002041a5  SysCtlSRAMSizeGet               
002041c5  SysCtlResetCauseGet             
002041cb  SysCtlResetCauseClear           
002041d7  SysCtlReset                     
002041df  SysCtlReleaseSubSystemFromReset 
002041ff  SysCtlPowerOffPLL               
00204219  SysCtlPeripheralSleepEnable     
00204241  SysCtlPeripheralSleepDisable    
00204269  SysCtlPeripheralReset           
0020433d  SysCtlPeripheralPresent         
0020438b  SysCtlPeripheralIsEnabled       
002043a9  SysCtlPeripheralEnable          
002043d5  SysCtlPeripheralDisable         
00204401  SysCtlPeripheralDeepSleepEnable 
00204429  SysCtlPeripheralDeepSleepDisable
00204451  SysCtlPeripheralClockGating     
00204475  SysCtlNmiIsSet                  
00204487  SysCtlGetNmiFlagStatus          
0020448f  SysCtlNmiFlgClrAll              
002044b1  SysCtlNmiFlgClr                 
002044c9  SysCtlMclkDetectionEnDisStatus  
002044d3  SysCtlMclkDetectionEnDis        
00204509  SysCtlHoldSubSystemInReset      
0020452d  SysCtlGetNmiInterruptStatus     
00204539  SysCtlGetNmiConfig              
00204541  SysCtlGPIOAHBEnable             
00204565  SysCtlGPIOAHBDisable            
00204589  SysCtlFlashSizeGet              
00204599  SysCtlEnableVREGWarnNMI         
002045c5  SysCtlEnableAERRNMI             
002045dd  SysCtlDeepSleep                 
002045f7  SysCtlClockConfigGet            
00204661  SysCtlClockDividersSet          
0020477d  SysCtlClockPllConfig            
002048a5  SysCtlClockGet                  
002048f7  SysCtlClockConfigSet            
0020492b  SysCtlC28Enable                 
00204949  SysCtlC28Disable                
00204a2b  GPIOPortIntUnregister           
00204a3f  GPIOPortIntRegister             
00204a57  GPIOPinWrite                    
00204a5d  GPIOPinLockStatus               
00204a67  GPIOPinUnlock                   
00204a8b  GPIODirModeSet                  
00204abb  GPIOPadConfigSet                
00204b15  GPIOPinTypeUSBDigital           
00204b29  GPIOPinTypeUSBAnalog            
00204b3d  GPIOPinTypeUART                 
00204b51  GPIOPinTypeTimer                
00204b65  GPIOPinTypeSSI                  
00204b79  GPIOPinTypeI2C                  
00204b8d  GPIOPinTypeGPIOOutputOD         
00204ba1  GPIOPinTypeGPIOOutput           
00204bb5  GPIOPinTypeGPIOInput            
00204bc9  GPIOPinTypeEPI                  
00204bdd  GPIOPinTypeCAN                  
00204bf1  GPIOPinRead                     
00204bf7  GPIOPinLock                     
00204c1d  GPIOPinIntStatus                
00204c2b  GPIOPinIntEnable                
00204c37  GPIOPinIntDisable               
00204c45  GPIOPinIntClear                 
00204c4b  GPIOPinConfigureCoreSelect      
00204c75  GPIOPinConfigure                
00204ce9  GPIOPadConfigGet                
00204d25  GPIOIntTypeSet                  
00204d6b  GPIOIntTypeGet                  
00204da9  GPIODirModeGet                  
00204ddd  main                            
0020518d  IntUnregister                   
00205197  IntRegister                     
002051c1  IntRAMVTable                    
002051cf  IntPrioritySet                  
002051fb  IntPriorityGroupingSet          
0020520d  IntPriorityGroupingGet          
0020522f  IntPriorityGet                  
00205249  IntPendSet                      
002052b3  IntPendClear                    
00205311  IntMasterEnable                 
0020531b  IntMasterDisable                
00205325  IntFlashVTable                  
00205333  IntEnable                       
002053af  IntDisable                      
00205459  TimerValueGet                   
00205465  TimerRTCEnable                  
0020546f  TimerRTCDisable                 
00205479  TimerPrescaleSet                
0020548b  TimerPrescaleMatchSet           
0020549d  TimerPrescaleMatchGet           
002054a9  TimerPrescaleGet                
002054b5  TimerMatchSet                   
002054c7  TimerMatchGet                   
002054d3  TimerLoadSet                    
002054e5  TimerLoadGet                    
002054f1  TimerIntUnregister              
0020553d  TimerIntStatus                  
00205547  TimerIntRegister                
00205599  TimerIntEnable                  
002055a1  TimerIntDisable                 
002055ab  TimerIntClear                   
002055af  TimerEnable                     
002055bd  TimerDisable                    
002055d1  TimerControlWaitOnTrigger       
00205609  TimerControlTrigger             
0020561f  TimerControlStall               
00205635  TimerControlLevel               
0020564b  TimerControlEvent               
0020565f  TimerConfigure                  
0020568d  IPCMtoCSharedRamConvert         
002056a3  IPCMtoCFlagSet                  
002056ad  IPCMtoCFlagClear                
002056b9  IPCMtoCFlagBusy                 
002056cb  IPCMtoCBootControlSystem        
002057b9  IPCCtoMFlagBusy                 
002057cb  IPCCtoMFlagAcknowledge          
00205805  I2CSlaveStatus                  
00205809  I2CSlaveIntStatusEx             
00205813  I2CSlaveIntStatus               
00205825  I2CSlaveIntEnableEx             
0020582d  I2CSlaveIntEnable               
00205837  I2CSlaveIntDisableEx            
00205841  I2CSlaveIntDisable              
0020584b  I2CSlaveIntClearEx              
0020584f  I2CSlaveIntClear                
00205855  I2CSlaveEnable                  
00205867  I2CSlaveInit                    
00205873  I2CSlaveDisable                 
00205885  I2CSlaveDataPut                 
00205889  I2CSlaveDataGet                 
0020588d  I2CMasterSlaveAddrSet           
00205895  I2CMasterIntStatus              
002058a7  I2CMasterIntEnable              
002058ad  I2CMasterIntDisable             
002058b3  I2CMasterIntClear               
002058b9  I2CMasterEnable                 
002058c3  I2CMasterInitExpClk             
002058ed  I2CMasterErr                    
00205907  I2CMasterDisable                
00205911  I2CMasterDataPut                
00205915  I2CMasterDataGet                
00205919  I2CMasterControl                
0020591d  I2CMasterBusy                   
00205925  I2CMasterBusBusy                
0020592d  I2CIntUnregister                
00205949  I2CIntRegister                  
0020596d  Timer0IntHandler                
00205a85  WatchdogValueGet                
00205a89  WatchdogUnlock                  
00205a91  WatchdogStallEnable             
00205a9f  WatchdogStallDisable            
00205aad  WatchdogRunning                 
00205ab5  WatchdogResetEnable             
00205abf  WatchdogResetDisable            
00205ac9  WatchdogReloadSet               
00205acd  WatchdogReloadGet               
00205ad1  WatchdogLockState               
00205adf  WatchdogLock                    
00205ae7  WatchdogIntUnregister           
00205af7  WatchdogIntStatus               
00205b01  WatchdogIntRegister             
00205b11  WatchdogIntEnable               
00205b1b  WatchdogIntClear                
00205b21  WatchdogEnable                  
00205b31  __aeabi_memcpy                  
00205b31  __aeabi_memcpy4                 
00205b31  __aeabi_memcpy8                 
00205b31  memcpy                          
00205bcd  Timer1IntHandler                
00205c59  __aeabi_memclr                  
00205c59  __aeabi_memclr4                 
00205c59  __aeabi_memclr8                 
00205c5b  __aeabi_memset                  
00205c5b  __aeabi_memset4                 
00205c5b  __aeabi_memset8                 
00205c61  memset                          
00205cd3  UARTConfigSetExpClk             
00205d49  __TI_decompress_lzss            
00205db1  __TI_auto_init_nobinit_nopinit  
00205df5  CPUwfi                          
00205df5  SysCtlSleep                     
00205df9  CPUprimask                      
00205e03  CPUcpsie                        
00205e0f  CPUcpsid                        
00205e1b  CPUbasepriSet                   
00205e1b  IntPriorityMaskSet              
00205e21  CPUbasepriGet                   
00205e21  IntPriorityMaskGet              
00205e2d  UARTDisable                     
00205e5d  RamMReqSharedMemAccess          
00205e8d  MemCopy                         
00205ebd  _c_int00_noargs                 
00205ee5  UARTEnable                      
00205f09  UARTCharPut                     
00205f27  UARTIntStatus                   
00205f45  UARTIntHandler                  
00205f61  delayMicroseconds               
00205f7b  UARTFIFOLevelSet                
00205f93  UARTIntEnable                   
00205fab  UARTIntClear                    
00205fbd  __TI_decompress_none            
00205fcb  __TI_zero_init                  
00205fd7  SysCtlDelay                     
00205fdd  _system_pre_init                
00205fe1  C$$EXIT                         
00205fe1  abort                           
00206108  __TI_static_base__              
0020612c  __TI_Handler_Table_Base         
00206138  __TI_Handler_Table_Limit        
00206160  __TI_CINIT_Base                 
00206190  __TI_CINIT_Limit                
20000000  RamfuncsRunStart                
20000001  FlashInit                       
20000068  __stack                         
20000168  __STACK_END                     
20000168  __STACK_TOP                     
20000400  g_pfnRAMVectors                 
200051b0  crc                             
200051b1  Addr                            
200051b4  base_read_index                 
200051b8  index                           
200051bc  tempData                        
200051c0  count                           
200051c4  count2                          
200051c8  index_drawn                     
200051cc  edit_mode                       
200051d0  edit_row_index                  
200051d4  editvar                         
200051d8  Enter_pressed                   
200051dc  Back_pressed                    
200051e0  INCRE_pressed                   
200051e4  DECRE_pressed                   
200051e8  Datetime                        
200051ec  LED                             
200051f0  a                               
200051f4  b                               
200051f8  M2                              
2000521c  serial_print_char               
2000c000  base                            
2000e000  CtoMvar                         
20010000  MtoCvar                         
ffffffff  __TI_pprof_out_hndl             
ffffffff  __TI_prof_data_size             
ffffffff  __TI_prof_data_start            
ffffffff  __binit__                       
ffffffff  __c_args__                      
ffffffff  binit                           
UNDEFED   __mpu_init                      
UNDEFED   _system_post_cinit              

[259 symbols]
