******************************************************************************
                  TI ARM Linker PC v18.1.4                     
******************************************************************************
>> Linked Mon May 27 15:56:22 2019

OUTPUT FILE NAME:   <uart_echo_m3.out>
ENTRY POINT SYMBOL: "_c_int00_noargs"  address: 002061b1


MEMORY CONFIGURATION

         name            origin    length      used     unused   attr    fill
----------------------  --------  ---------  --------  --------  ----  --------
  CSM_ECSL_Z1           00200000   00000024  00000000  00000024  RWIX
  CSM_RSVD_Z1           00200024   0000000c  00000000  0000000c  RWIX
  RESETISR              00200030   00000008  00000006  00000002  R  X
  INTVECS               00201000   000001b0  000001b0  00000000  R  X
  FLASHLOAD             00201200   00002e00  00000068  00002d98  R  X
  FLASH                 00204000   0007bfd0  0000247c  00079b54  R  X
  CSM_RSVD_Z2           0027ffd0   0000000c  00000000  0000000c  RWIX
  CSM_ECSL_Z2           0027ffdc   00000024  00000000  00000024  RWIX
  C0                    20000000   00002000  00000318  00001ce8  RW X
  C1                    20002000   00002000  00000000  00002000  RW X
  BOOT_RSVD             20004000   00000ff8  00000000  00000ff8  R  X
  C2                    200051b0   00000e50  00000061  00000def  RW X
  C3                    20006000   00002000  00000000  00002000  RW X
  S0                    20008000   00002000  00000000  00002000  RW X
  S1                    2000a000   00002000  00000000  00002000  RW X
  S2                    2000c000   00002000  00002000  00000000  RW X
  S3                    2000e000   00002000  00000030  00001fd0  RW X
  S4                    20010000   00002000  00000010  00001ff0  RW X
  S5                    20012000   00002000  00000000  00002000  R  X
  S6                    20014000   00002000  00000000  00002000  RW X
  S7                    20016000   00002000  00000000  00002000  RW X
  CTOMRAM               2007f000   00000800  00000000  00000800  R  X
  MTOCRAM               2007f800   00000800  00000000  00000800  RW X


SEGMENT ALLOCATION MAP

run origin  load origin   length   init length attrs members
----------  ----------- ---------- ----------- ----- -------
00200030    00200030    00000006   00000006    r-x
  00200030    00200030    00000006   00000006    r-x .resetisr
00201000    00201000    000001b0   000001b0    r--
  00201000    00201000    000001b0   000001b0    r-- .intvecs
00204000    00204000    00002480   00002480    r-x
  00204000    00204000    000022ec   000022ec    r-x .text
  002062ec    002062ec    00000118   00000118    r-- .const
  00206408    00206408    00000078   00000078    r-- .cinit
20000000    00201200    00000068   00000068    r-x
  20000000    00201200    00000068   00000068    r-x ramfuncs
20000068    20000068    00000100   00000000    rw-
  20000068    20000068    00000100   00000000    rw- .stack
20000400    20000400    000001b0   00000000    rw-
  20000400    20000400    000001b0   00000000    rw- .vtable
200051b0    200051b0    00000061   00000000    rw-
  200051b0    200051b0    0000003c   00000000    rw- .data
  200051ec    200051ec    00000025   00000000    rw- .bss
2000c000    2000c000    00002030   00000000    rw-
  2000c000    2000c000    00002000   00000000    rw- SHARERAMS2
  2000e000    2000e000    00000030   00000000    rw- SHARERAMS3
20010000    20010000    00000010   00000000    rw-
  20010000    20010000    00000010   00000000    rw- SHARERAMS4


SECTION ALLOCATION MAP

 output                                  attributes/
section   page    origin      length       input sections
--------  ----  ----------  ----------   ----------------
.resetisr 
*          0    00200030    00000006     
                  00200030    00000006     startup_ccs.obj (.resetisr:ResetISR)

.intvecs   0    00201000    000001b0     
                  00201000    000001b0     startup_ccs.obj (.intvecs)

.text      0    00204000    000022ec     
                  00204000    00000988     driverlib.lib : sysctl.obj (.text)
                  00204988    00000454                   : gpio.obj (.text)
                  00204ddc    000003b4     uart_echo.obj (.text:main)
                  00205190    000002cc     driverlib.lib : interrupt.obj (.text)
                  0020545c    00000234                   : timer.obj (.text)
                  00205690    00000228     uart_echo.obj (.text:GenerateAndSendJasonObject)
                  002058b8    00000178     driverlib.lib : ipc_util.obj (.text)
                  00205a30    00000118     uart_echo.obj (.text:Timer0IntHandler)
                  00205b48    000000e8     uart_echo.obj (.text:ConvertIntegerIntoStringHEX)
                  00205c30    000000ac     driverlib.lib : watchdog.obj (.text)
                  00205cdc    0000009c     rtsv7M3_T_le_eabi.lib : memcpy_t2.asm.obj (.text)
                  00205d78    00000094     uart_echo.obj (.text:ConvertFloatIntoString)
                  00205e0c    0000007a     rtsv7M3_T_le_eabi.lib : fs_mul_t2.asm.obj (.text)
                  00205e86    0000007a                           : memset_t2.asm.obj (.text)
                  00205f00    00000076     uart.obj (.text:UARTConfigSetExpClk)
                  00205f76    00000068     rtsv7M3_T_le_eabi.lib : copy_decompress_lzss.c.obj (.text:decompress:lzss:__TI_decompress_lzss)
                  00205fde    00000002     startup_ccs.obj (.text:FaultISR)
                  00205fe0    00000044     rtsv7M3_T_le_eabi.lib : autoinit.c.obj (.text:__TI_auto_init_nobinit_nopinit:__TI_auto_init_nobinit_nopinit)
                  00206024    00000038                           : fs_toi_t2.asm.obj (.text)
                  0020605c    00000036     driverlib.lib : cpu.obj (.text)
                  00206092    00000002     startup_ccs.obj (.text:IntDefaultHandler)
                  00206094    00000034     uart_echo.obj (.text:Timer1IntHandler)
                  002060c8    00000030     uart.obj (.text:UARTDisable)
                  002060f8    00000030     driverlib.lib : ram.obj (.text)
                  00206128    0000002e     memcopy.obj (.text:MemCopy)
                  00206156    00000002     startup_ccs.obj (.text:NmiSR)
                  00206158    0000002c     uart_echo.obj (.text:UART1Send)
                  00206184    0000002c     uart_echo.obj (.text:UARTSend)
                  002061b0    00000028     rtsv7M3_T_le_eabi.lib : boot_cortex_m.c.obj (.text:_c_int00_noargs:_c_int00_noargs)
                  002061d8    00000024     uart.obj (.text:UARTCharPutNonBlocking)
                  002061fc    00000024     uart.obj (.text:UARTEnable)
                  00206220    0000001e     uart.obj (.text:UARTCharPut)
                  0020623e    0000001e     uart.obj (.text:UARTIntStatus)
                  0020625c    0000001c     uart_echo.obj (.text:UARTIntHandler)
                  00206278    00000018     uart.obj (.text:UARTFIFOLevelSet)
                  00206290    00000018     uart.obj (.text:UARTIntEnable)
                  002062a8    00000012     uart.obj (.text:UARTIntClear)
                  002062ba    0000000e     rtsv7M3_T_le_eabi.lib : copy_decompress_none.c.obj (.text:decompress:none:__TI_decompress_none)
                  002062c8    0000000c                           : copy_zero_init.c.obj (.text:decompress:ZI:__TI_zero_init)
                  002062d4    00000006     driverlib.lib : sysctl.obj (.text:SysCtlDelay)
                  002062da    00000004     rtsv7M3_T_le_eabi.lib : pre_init.c.obj (.text:_system_pre_init)
                  002062de    00000004                           : exit.c.obj (.text:abort:abort)
                  002062e2    00000002     --HOLE-- [fill = 0]
                  002062e4    00000008     driverlib.lib : flash.obj (.tramp.FlashInit.1)

.const     0    002062ec    00000118     
                  002062ec    00000048     driverlib.lib : gpio.obj (.const:g_pulGPIOBaseAddrs)
                  00206334    00000048                   : interrupt.obj (.const:g_pulRegs)
                  0020637c    00000020                   : interrupt.obj (.const:g_pulPriority)
                  0020639c    00000014                   : sysctl.obj (.const:g_pulDCRegs)
                  002063b0    00000012     uart_echo.obj (.const:.string)
                  002063c2    00000002     --HOLE-- [fill = 0]
                  002063c4    00000010     driverlib.lib : sysctl.obj (.const:g_pulDCGCRegs)
                  002063d4    00000010                   : sysctl.obj (.const:g_pulRCGCRegs)
                  002063e4    00000010                   : sysctl.obj (.const:g_pulSCGCRegs)
                  002063f4    00000010                   : sysctl.obj (.const:g_pulSRCRRegs)

.cinit     0    00206408    00000078     
                  00206408    00000012     (.cinit..data.load) [load image, compression = lzss]
                  0020641a    00000002     --HOLE-- [fill = 0]
                  0020641c    0000000c     (__TI_handler_table)
                  00206428    00000008     (.cinit..bss.load) [load image, compression = zero_init]
                  00206430    00000008     (.cinit..vtable.load) [load image, compression = zero_init]
                  00206438    00000008     (.cinit.SHARERAMS2.load) [load image, compression = zero_init]
                  00206440    00000008     (.cinit.SHARERAMS3.load) [load image, compression = zero_init]
                  00206448    00000008     (.cinit.SHARERAMS4.load) [load image, compression = zero_init]
                  00206450    00000030     (__TI_cinit_table)

.stack     0    20000068    00000100     UNINITIALIZED
                  20000068    00000004     rtsv7M3_T_le_eabi.lib : boot_cortex_m.c.obj (.stack)
                  2000006c    000000fc     --HOLE--

SHARERAMS2 
*          0    2000c000    00002000     UNINITIALIZED
                  2000c000    00002000     uart_echo.obj (SHARERAMS2)

SHARERAMS3 
*          0    2000e000    00000030     UNINITIALIZED
                  2000e000    00000030     uart_echo.obj (SHARERAMS3)

SHARERAMS4 
*          0    20010000    00000010     UNINITIALIZED
                  20010000    00000010     uart_echo.obj (SHARERAMS4)

ramfuncs   0    00201200    00000068     RUN ADDR = 20000000
                  00201200    00000068     driverlib.lib : flash.obj (ramfuncs)

GETBUFFER 
*          0    2007f000    00000000     DSECT

GETWRITEIDX 
*          0    2007f000    00000000     DSECT

PUTREADIDX 
*          0    2007f000    00000000     DSECT

.vtable    0    20000400    000001b0     UNINITIALIZED
                  20000400    000001b0     driverlib.lib : interrupt.obj (.vtable)

.data      0    200051b0    0000003c     UNINITIALIZED
                  200051b0    0000003c     uart_echo.obj (.data)

.bss       0    200051ec    00000025     UNINITIALIZED
                  200051ec    00000020     (.common:M2)
                  2000520c    00000004     uart_echo.obj (.bss)
                  20005210    00000001     (.common:serial_print_char)

MODULE SUMMARY

       Module                       code   ro data   rw data
       ------                       ----   -------   -------
    .\
       uart_echo.obj                2328   18        8353   
       startup_ccs.obj              12     432       0      
       uart.obj                     364    0         0      
       memcopy.obj                  46     0         0      
    +--+----------------------------+------+---------+---------+
       Total:                       2750   450       8353   
                                                            
    C:/ti/ccsv8/tools/compiler/ti-cgt-arm_18.1.4.LTS/lib/rtsv7M3_T_le_eabi.lib
       memcpy_t2.asm.obj            156    0         0      
       fs_mul_t2.asm.obj            122    0         0      
       memset_t2.asm.obj            122    0         0      
       copy_decompress_lzss.c.obj   104    0         0      
       autoinit.c.obj               68     0         0      
       fs_toi_t2.asm.obj            56     0         0      
       boot_cortex_m.c.obj          40     0         0      
       copy_decompress_none.c.obj   14     0         0      
       copy_zero_init.c.obj         12     0         0      
       exit.c.obj                   4      0         0      
       pre_init.c.obj               4      0         0      
    +--+----------------------------+------+---------+---------+
       Total:                       702    0         0      
                                                            
    C:/ti/controlSUITE/device_support/f28m35x/v100/MWare/driverlib/ccs/Debug/driverlib.lib
       sysctl.obj                   2446   84        0      
       interrupt.obj                716    104       432    
       gpio.obj                     1108   72        0      
       timer.obj                    564    0         0      
       ipc_util.obj                 376    0         0      
       flash.obj                    216    0         0      
       watchdog.obj                 172    0         0      
       cpu.obj                      54     0         0      
       ram.obj                      48     0         0      
    +--+----------------------------+------+---------+---------+
       Total:                       5700   260       432    
                                                            
       Stack:                       0      0         256    
       Linker Generated:            0      118       0      
    +--+----------------------------+------+---------+---------+
       Grand Total:                 9152   828       9041   


LINKER GENERATED COPY TABLES

__TI_cinit_table @ 00206450 records: 6, size/record: 8, table size: 48
	.data: load addr=00206408, load size=00000012 bytes, run addr=200051b0, run size=0000003c bytes, compression=lzss
	.bss: load addr=00206428, load size=00000008 bytes, run addr=200051ec, run size=00000025 bytes, compression=zero_init
	.vtable: load addr=00206430, load size=00000008 bytes, run addr=20000400, run size=000001b0 bytes, compression=zero_init
	SHARERAMS2: load addr=00206438, load size=00000008 bytes, run addr=2000c000, run size=00002000 bytes, compression=zero_init
	SHARERAMS3: load addr=00206440, load size=00000008 bytes, run addr=2000e000, run size=00000030 bytes, compression=zero_init
	SHARERAMS4: load addr=00206448, load size=00000008 bytes, run addr=20010000, run size=00000010 bytes, compression=zero_init


LINKER GENERATED HANDLER TABLE

__TI_handler_table @ 0020641c records: 3, size/record: 4, table size: 12
	index: 0, handler: __TI_zero_init
	index: 1, handler: __TI_decompress_lzss
	index: 2, handler: __TI_decompress_none


FAR CALL TRAMPOLINES

callee name               trampoline name
   callee addr  tramp addr   call addr  call info
--------------  -----------  ---------  ----------------
FlashInit                 $Tramp$TT$L$PI$$FlashInit
   20000001     002062e4     00204dfc   uart_echo.obj (.text:main)

[1 trampolines]
[1 trampoline calls]


GLOBAL SYMBOLS: SORTED ALPHABETICALLY BY Name 

address   name                            
-------   ----                            
200051b1  Addr                            
200051d8  Back_pressed                    
002062df  C$$EXIT                         
00206089  CPUbasepriGet                   
00206083  CPUbasepriSet                   
00206077  CPUcpsid                        
0020606b  CPUcpsie                        
00206061  CPUprimask                      
0020605d  CPUwfi                          
00205d79  ConvertFloatIntoString          
00205b49  ConvertIntegerIntoStringHEX     
2000e000  CtoMvar                         
200051e0  DECRE_pressed                   
200051e4  Datetime                        
200051d4  Enter_pressed                   
20000001  FlashInit                       
00204da9  GPIODirModeGet                  
00204a8b  GPIODirModeSet                  
00204d6b  GPIOIntTypeGet                  
00204d25  GPIOIntTypeSet                  
00204ce9  GPIOPadConfigGet                
00204abb  GPIOPadConfigSet                
00204c75  GPIOPinConfigure                
00204c4b  GPIOPinConfigureCoreSelect      
00204c45  GPIOPinIntClear                 
00204c37  GPIOPinIntDisable               
00204c2b  GPIOPinIntEnable                
00204c1d  GPIOPinIntStatus                
00204bf7  GPIOPinLock                     
00204a5d  GPIOPinLockStatus               
00204bf1  GPIOPinRead                     
00204bdd  GPIOPinTypeCAN                  
00204bc9  GPIOPinTypeEPI                  
00204bb5  GPIOPinTypeGPIOInput            
00204ba1  GPIOPinTypeGPIOOutput           
00204b8d  GPIOPinTypeGPIOOutputOD         
00204b79  GPIOPinTypeI2C                  
00204b65  GPIOPinTypeSSI                  
00204b51  GPIOPinTypeTimer                
00204b3d  GPIOPinTypeUART                 
00204b29  GPIOPinTypeUSBAnalog            
00204b15  GPIOPinTypeUSBDigital           
00204a67  GPIOPinUnlock                   
00204a57  GPIOPinWrite                    
00204a3f  GPIOPortIntRegister             
00204a2b  GPIOPortIntUnregister           
00205691  GenerateAndSendJasonObject      
200051dc  INCRE_pressed                   
002059f7  IPCCtoMFlagAcknowledge          
002059e5  IPCCtoMFlagBusy                 
002058f7  IPCMtoCBootControlSystem        
002058e5  IPCMtoCFlagBusy                 
002058d9  IPCMtoCFlagClear                
002058cf  IPCMtoCFlagSet                  
002058b9  IPCMtoCSharedRamConvert         
002053b3  IntDisable                      
00205337  IntEnable                       
00205329  IntFlashVTable                  
0020531f  IntMasterDisable                
00205315  IntMasterEnable                 
002052b7  IntPendClear                    
0020524d  IntPendSet                      
00205233  IntPriorityGet                  
00205211  IntPriorityGroupingGet          
002051ff  IntPriorityGroupingSet          
00206089  IntPriorityMaskGet              
00206083  IntPriorityMaskSet              
002051d3  IntPrioritySet                  
002051c5  IntRAMVTable                    
0020519b  IntRegister                     
00205191  IntUnregister                   
200051e8  LED                             
200051ec  M2                              
00206129  MemCopy                         
20010000  MtoCvar                         
002060f9  RamMReqSharedMemAccess          
00201268  RamfuncsLoadEnd                 
00201200  RamfuncsLoadStart               
20000000  RamfuncsRunStart                
00200031  ResetISR                        
00204949  SysCtlC28Disable                
0020492b  SysCtlC28Enable                 
002045f7  SysCtlClockConfigGet            
002048f7  SysCtlClockConfigSet            
00204661  SysCtlClockDividersSet          
002048a5  SysCtlClockGet                  
0020477d  SysCtlClockPllConfig            
002045dd  SysCtlDeepSleep                 
002062d5  SysCtlDelay                     
002045c5  SysCtlEnableAERRNMI             
00204599  SysCtlEnableVREGWarnNMI         
00204589  SysCtlFlashSizeGet              
00204565  SysCtlGPIOAHBDisable            
00204541  SysCtlGPIOAHBEnable             
00204539  SysCtlGetNmiConfig              
00204487  SysCtlGetNmiFlagStatus          
0020452d  SysCtlGetNmiInterruptStatus     
00204509  SysCtlHoldSubSystemInReset      
002044d3  SysCtlMclkDetectionEnDis        
002044c9  SysCtlMclkDetectionEnDisStatus  
002044b1  SysCtlNmiFlgClr                 
0020448f  SysCtlNmiFlgClrAll              
00204475  SysCtlNmiIsSet                  
00204451  SysCtlPeripheralClockGating     
00204429  SysCtlPeripheralDeepSleepDisable
00204401  SysCtlPeripheralDeepSleepEnable 
002043d5  SysCtlPeripheralDisable         
002043a9  SysCtlPeripheralEnable          
0020438b  SysCtlPeripheralIsEnabled       
0020433d  SysCtlPeripheralPresent         
00204269  SysCtlPeripheralReset           
00204241  SysCtlPeripheralSleepDisable    
00204219  SysCtlPeripheralSleepEnable     
002041ff  SysCtlPowerOffPLL               
002041df  SysCtlReleaseSubSystemFromReset 
002041d7  SysCtlReset                     
002041cb  SysCtlResetCauseClear           
002041c5  SysCtlResetCauseGet             
002041a5  SysCtlSRAMSizeGet               
0020605d  SysCtlSleep                     
0020416d  SysCtlSubSystemReset            
0020414f  SysCtlUSBPLLConfigGet           
002040bd  SysCtlUSBPLLConfigSet           
002040a5  SysCtlUSBPLLDisable             
00204073  SysCtlUSBPLLEnable              
00204001  SysCtlXPllClockDividerSet       
00205a31  Timer0IntHandler                
00206095  Timer1IntHandler                
00205663  TimerConfigure                  
0020564f  TimerControlEvent               
00205639  TimerControlLevel               
00205623  TimerControlStall               
0020560d  TimerControlTrigger             
002055d5  TimerControlWaitOnTrigger       
002055c1  TimerDisable                    
002055b3  TimerEnable                     
002055af  TimerIntClear                   
002055a5  TimerIntDisable                 
0020559d  TimerIntEnable                  
0020554b  TimerIntRegister                
00205541  TimerIntStatus                  
002054f5  TimerIntUnregister              
002054e9  TimerLoadGet                    
002054d7  TimerLoadSet                    
002054cb  TimerMatchGet                   
002054b9  TimerMatchSet                   
002054ad  TimerPrescaleGet                
002054a1  TimerPrescaleMatchGet           
0020548f  TimerPrescaleMatchSet           
0020547d  TimerPrescaleSet                
00205473  TimerRTCDisable                 
00205469  TimerRTCEnable                  
0020545d  TimerValueGet                   
00206159  UART1Send                       
00206221  UARTCharPut                     
002061d9  UARTCharPutNonBlocking          
00205f01  UARTConfigSetExpClk             
002060c9  UARTDisable                     
002061fd  UARTEnable                      
00206279  UARTFIFOLevelSet                
002062a9  UARTIntClear                    
00206291  UARTIntEnable                   
0020625d  UARTIntHandler                  
0020623f  UARTIntStatus                   
00206185  UARTSend                        
00205ccd  WatchdogEnable                  
00205cc7  WatchdogIntClear                
00205cbd  WatchdogIntEnable               
00205cad  WatchdogIntRegister             
00205ca3  WatchdogIntStatus               
00205c93  WatchdogIntUnregister           
00205c8b  WatchdogLock                    
00205c7d  WatchdogLockState               
00205c79  WatchdogReloadGet               
00205c75  WatchdogReloadSet               
00205c6b  WatchdogResetDisable            
00205c61  WatchdogResetEnable             
00205c59  WatchdogRunning                 
00205c4b  WatchdogStallDisable            
00205c3d  WatchdogStallEnable             
00205c35  WatchdogUnlock                  
00205c31  WatchdogValueGet                
20000168  __STACK_END                     
00000100  __STACK_SIZE                    
20000168  __STACK_TOP                     
00206450  __TI_CINIT_Base                 
00206480  __TI_CINIT_Limit                
0020641c  __TI_Handler_Table_Base         
00206428  __TI_Handler_Table_Limit        
00205fe1  __TI_auto_init_nobinit_nopinit  
00205f77  __TI_decompress_lzss            
002062bb  __TI_decompress_none            
ffffffff  __TI_pprof_out_hndl             
ffffffff  __TI_prof_data_size             
ffffffff  __TI_prof_data_start            
00206408  __TI_static_base__              
002062c9  __TI_zero_init                  
00206025  __aeabi_f2iz                    
00205e0d  __aeabi_fmul                    
00205e87  __aeabi_memclr                  
00205e87  __aeabi_memclr4                 
00205e87  __aeabi_memclr8                 
00205cdd  __aeabi_memcpy                  
00205cdd  __aeabi_memcpy4                 
00205cdd  __aeabi_memcpy8                 
00205e89  __aeabi_memset                  
00205e89  __aeabi_memset4                 
00205e89  __aeabi_memset8                 
ffffffff  __binit__                       
ffffffff  __c_args__                      
UNDEFED   __mpu_init                      
20000068  __stack                         
002061b1  _c_int00_noargs                 
UNDEFED   _system_post_cinit              
002062db  _system_pre_init                
002062df  abort                           
2000c000  base                            
200051b4  base_read_index                 
ffffffff  binit                           
200051bc  count                           
200051c0  count2                          
200051b0  crc                             
200051c8  edit_mode                       
200051cc  edit_row_index                  
200051d0  editvar                         
20000400  g_pfnRAMVectors                 
00201000  g_pfnVectors                    
200051b8  index                           
200051c4  index_drawn                     
00204ddd  main                            
00205cdd  memcpy                          
00205e8f  memset                          
20005210  serial_print_char               


GLOBAL SYMBOLS: SORTED BY Symbol Address 

address   name                            
-------   ----                            
00000100  __STACK_SIZE                    
00200031  ResetISR                        
00201000  g_pfnVectors                    
00201200  RamfuncsLoadStart               
00201268  RamfuncsLoadEnd                 
00204001  SysCtlXPllClockDividerSet       
00204073  SysCtlUSBPLLEnable              
002040a5  SysCtlUSBPLLDisable             
002040bd  SysCtlUSBPLLConfigSet           
0020414f  SysCtlUSBPLLConfigGet           
0020416d  SysCtlSubSystemReset            
002041a5  SysCtlSRAMSizeGet               
002041c5  SysCtlResetCauseGet             
002041cb  SysCtlResetCauseClear           
002041d7  SysCtlReset                     
002041df  SysCtlReleaseSubSystemFromReset 
002041ff  SysCtlPowerOffPLL               
00204219  SysCtlPeripheralSleepEnable     
00204241  SysCtlPeripheralSleepDisable    
00204269  SysCtlPeripheralReset           
0020433d  SysCtlPeripheralPresent         
0020438b  SysCtlPeripheralIsEnabled       
002043a9  SysCtlPeripheralEnable          
002043d5  SysCtlPeripheralDisable         
00204401  SysCtlPeripheralDeepSleepEnable 
00204429  SysCtlPeripheralDeepSleepDisable
00204451  SysCtlPeripheralClockGating     
00204475  SysCtlNmiIsSet                  
00204487  SysCtlGetNmiFlagStatus          
0020448f  SysCtlNmiFlgClrAll              
002044b1  SysCtlNmiFlgClr                 
002044c9  SysCtlMclkDetectionEnDisStatus  
002044d3  SysCtlMclkDetectionEnDis        
00204509  SysCtlHoldSubSystemInReset      
0020452d  SysCtlGetNmiInterruptStatus     
00204539  SysCtlGetNmiConfig              
00204541  SysCtlGPIOAHBEnable             
00204565  SysCtlGPIOAHBDisable            
00204589  SysCtlFlashSizeGet              
00204599  SysCtlEnableVREGWarnNMI         
002045c5  SysCtlEnableAERRNMI             
002045dd  SysCtlDeepSleep                 
002045f7  SysCtlClockConfigGet            
00204661  SysCtlClockDividersSet          
0020477d  SysCtlClockPllConfig            
002048a5  SysCtlClockGet                  
002048f7  SysCtlClockConfigSet            
0020492b  SysCtlC28Enable                 
00204949  SysCtlC28Disable                
00204a2b  GPIOPortIntUnregister           
00204a3f  GPIOPortIntRegister             
00204a57  GPIOPinWrite                    
00204a5d  GPIOPinLockStatus               
00204a67  GPIOPinUnlock                   
00204a8b  GPIODirModeSet                  
00204abb  GPIOPadConfigSet                
00204b15  GPIOPinTypeUSBDigital           
00204b29  GPIOPinTypeUSBAnalog            
00204b3d  GPIOPinTypeUART                 
00204b51  GPIOPinTypeTimer                
00204b65  GPIOPinTypeSSI                  
00204b79  GPIOPinTypeI2C                  
00204b8d  GPIOPinTypeGPIOOutputOD         
00204ba1  GPIOPinTypeGPIOOutput           
00204bb5  GPIOPinTypeGPIOInput            
00204bc9  GPIOPinTypeEPI                  
00204bdd  GPIOPinTypeCAN                  
00204bf1  GPIOPinRead                     
00204bf7  GPIOPinLock                     
00204c1d  GPIOPinIntStatus                
00204c2b  GPIOPinIntEnable                
00204c37  GPIOPinIntDisable               
00204c45  GPIOPinIntClear                 
00204c4b  GPIOPinConfigureCoreSelect      
00204c75  GPIOPinConfigure                
00204ce9  GPIOPadConfigGet                
00204d25  GPIOIntTypeSet                  
00204d6b  GPIOIntTypeGet                  
00204da9  GPIODirModeGet                  
00204ddd  main                            
00205191  IntUnregister                   
0020519b  IntRegister                     
002051c5  IntRAMVTable                    
002051d3  IntPrioritySet                  
002051ff  IntPriorityGroupingSet          
00205211  IntPriorityGroupingGet          
00205233  IntPriorityGet                  
0020524d  IntPendSet                      
002052b7  IntPendClear                    
00205315  IntMasterEnable                 
0020531f  IntMasterDisable                
00205329  IntFlashVTable                  
00205337  IntEnable                       
002053b3  IntDisable                      
0020545d  TimerValueGet                   
00205469  TimerRTCEnable                  
00205473  TimerRTCDisable                 
0020547d  TimerPrescaleSet                
0020548f  TimerPrescaleMatchSet           
002054a1  TimerPrescaleMatchGet           
002054ad  TimerPrescaleGet                
002054b9  TimerMatchSet                   
002054cb  TimerMatchGet                   
002054d7  TimerLoadSet                    
002054e9  TimerLoadGet                    
002054f5  TimerIntUnregister              
00205541  TimerIntStatus                  
0020554b  TimerIntRegister                
0020559d  TimerIntEnable                  
002055a5  TimerIntDisable                 
002055af  TimerIntClear                   
002055b3  TimerEnable                     
002055c1  TimerDisable                    
002055d5  TimerControlWaitOnTrigger       
0020560d  TimerControlTrigger             
00205623  TimerControlStall               
00205639  TimerControlLevel               
0020564f  TimerControlEvent               
00205663  TimerConfigure                  
00205691  GenerateAndSendJasonObject      
002058b9  IPCMtoCSharedRamConvert         
002058cf  IPCMtoCFlagSet                  
002058d9  IPCMtoCFlagClear                
002058e5  IPCMtoCFlagBusy                 
002058f7  IPCMtoCBootControlSystem        
002059e5  IPCCtoMFlagBusy                 
002059f7  IPCCtoMFlagAcknowledge          
00205a31  Timer0IntHandler                
00205b49  ConvertIntegerIntoStringHEX     
00205c31  WatchdogValueGet                
00205c35  WatchdogUnlock                  
00205c3d  WatchdogStallEnable             
00205c4b  WatchdogStallDisable            
00205c59  WatchdogRunning                 
00205c61  WatchdogResetEnable             
00205c6b  WatchdogResetDisable            
00205c75  WatchdogReloadSet               
00205c79  WatchdogReloadGet               
00205c7d  WatchdogLockState               
00205c8b  WatchdogLock                    
00205c93  WatchdogIntUnregister           
00205ca3  WatchdogIntStatus               
00205cad  WatchdogIntRegister             
00205cbd  WatchdogIntEnable               
00205cc7  WatchdogIntClear                
00205ccd  WatchdogEnable                  
00205cdd  __aeabi_memcpy                  
00205cdd  __aeabi_memcpy4                 
00205cdd  __aeabi_memcpy8                 
00205cdd  memcpy                          
00205d79  ConvertFloatIntoString          
00205e0d  __aeabi_fmul                    
00205e87  __aeabi_memclr                  
00205e87  __aeabi_memclr4                 
00205e87  __aeabi_memclr8                 
00205e89  __aeabi_memset                  
00205e89  __aeabi_memset4                 
00205e89  __aeabi_memset8                 
00205e8f  memset                          
00205f01  UARTConfigSetExpClk             
00205f77  __TI_decompress_lzss            
00205fe1  __TI_auto_init_nobinit_nopinit  
00206025  __aeabi_f2iz                    
0020605d  CPUwfi                          
0020605d  SysCtlSleep                     
00206061  CPUprimask                      
0020606b  CPUcpsie                        
00206077  CPUcpsid                        
00206083  CPUbasepriSet                   
00206083  IntPriorityMaskSet              
00206089  CPUbasepriGet                   
00206089  IntPriorityMaskGet              
00206095  Timer1IntHandler                
002060c9  UARTDisable                     
002060f9  RamMReqSharedMemAccess          
00206129  MemCopy                         
00206159  UART1Send                       
00206185  UARTSend                        
002061b1  _c_int00_noargs                 
002061d9  UARTCharPutNonBlocking          
002061fd  UARTEnable                      
00206221  UARTCharPut                     
0020623f  UARTIntStatus                   
0020625d  UARTIntHandler                  
00206279  UARTFIFOLevelSet                
00206291  UARTIntEnable                   
002062a9  UARTIntClear                    
002062bb  __TI_decompress_none            
002062c9  __TI_zero_init                  
002062d5  SysCtlDelay                     
002062db  _system_pre_init                
002062df  C$$EXIT                         
002062df  abort                           
00206408  __TI_static_base__              
0020641c  __TI_Handler_Table_Base         
00206428  __TI_Handler_Table_Limit        
00206450  __TI_CINIT_Base                 
00206480  __TI_CINIT_Limit                
20000000  RamfuncsRunStart                
20000001  FlashInit                       
20000068  __stack                         
20000168  __STACK_END                     
20000168  __STACK_TOP                     
20000400  g_pfnRAMVectors                 
200051b0  crc                             
200051b1  Addr                            
200051b4  base_read_index                 
200051b8  index                           
200051bc  count                           
200051c0  count2                          
200051c4  index_drawn                     
200051c8  edit_mode                       
200051cc  edit_row_index                  
200051d0  editvar                         
200051d4  Enter_pressed                   
200051d8  Back_pressed                    
200051dc  INCRE_pressed                   
200051e0  DECRE_pressed                   
200051e4  Datetime                        
200051e8  LED                             
200051ec  M2                              
20005210  serial_print_char               
2000c000  base                            
2000e000  CtoMvar                         
20010000  MtoCvar                         
ffffffff  __TI_pprof_out_hndl             
ffffffff  __TI_prof_data_size             
ffffffff  __TI_prof_data_start            
ffffffff  __binit__                       
ffffffff  __c_args__                      
ffffffff  binit                           
UNDEFED   __mpu_init                      
UNDEFED   _system_post_cinit              

[233 symbols]
