******************************************************************************
                  TI ARM Linker PC v18.1.5                     
******************************************************************************
>> Linked Fri Jul 26 16:02:44 2019

OUTPUT FILE NAME:   <uart_echo_m3.out>
ENTRY POINT SYMBOL: "_c_int00_noargs"  address: 00206d51


MEMORY CONFIGURATION

         name            origin    length      used     unused   attr    fill
----------------------  --------  ---------  --------  --------  ----  --------
  CSM_ECSL_Z1           00200000   00000024  00000000  00000024  RWIX
  CSM_RSVD_Z1           00200024   0000000c  00000000  0000000c  RWIX
  RESETISR              00200030   00000008  00000006  00000002  R  X
  INTVECS               00201000   000001b0  000001b0  00000000  R  X
  FLASHLOAD             00201200   00002e00  00000068  00002d98  R  X
  FLASH                 00204000   0007bfd0  0000303c  00078f94  R  X
  CSM_RSVD_Z2           0027ffd0   0000000c  00000000  0000000c  RWIX
  CSM_ECSL_Z2           0027ffdc   00000024  00000000  00000024  RWIX
  C0                    20000000   00002000  00000318  00001ce8  RW X
  C1                    20002000   00002000  00000000  00002000  RW X
  BOOT_RSVD             20004000   00000ff8  00000000  00000ff8  R  X
  C2                    200051b0   00000e50  00000190  00000cc0  RW X
  C3                    20006000   00002000  00000000  00002000  RW X
  S0                    20008000   00002000  00000000  00002000  RW X
  S1                    2000a000   00002000  00000000  00002000  RW X
  S2                    2000c000   00002000  00002000  00000000  RW X
  S3                    2000e000   00002000  00000030  00001fd0  RW X
  S4                    20010000   00002000  00000020  00001fe0  RW X
  S5                    20012000   00002000  00000000  00002000  R  X
  S6                    20014000   00002000  00000000  00002000  RW X
  S7                    20016000   00002000  00000000  00002000  RW X
  CTOMRAM               2007f000   00000800  00000000  00000800  R  X
  MTOCRAM               2007f800   00000800  00000000  00000800  RW X


SEGMENT ALLOCATION MAP

run origin  load origin   length   init length attrs members
----------  ----------- ---------- ----------- ----- -------
00200030    00200030    00000006   00000006    r-x
  00200030    00200030    00000006   00000006    r-x .resetisr
00201000    00201000    000001b0   000001b0    r--
  00201000    00201000    000001b0   000001b0    r-- .intvecs
00204000    00204000    00003040   00003040    r-x
  00204000    00204000    00002ec0   00002ec0    r-x .text
  00206ec0    00206ec0    00000104   00000104    r-- .const
  00206fc8    00206fc8    00000078   00000078    r-- .cinit
20000000    00201200    00000068   00000068    r-x
  20000000    00201200    00000068   00000068    r-x ramfuncs
20000068    20000068    00000100   00000000    rw-
  20000068    20000068    00000100   00000000    rw- .stack
20000400    20000400    000001b0   00000000    rw-
  20000400    20000400    000001b0   00000000    rw- .vtable
200051b0    200051b0    00000190   00000000    rw-
  200051b0    200051b0    0000014c   00000000    rw- .bss
  200052fc    200052fc    00000044   00000000    rw- .data
2000c000    2000c000    00002030   00000000    rw-
  2000c000    2000c000    00002000   00000000    rw- SHARERAMS2
  2000e000    2000e000    00000030   00000000    rw- SHARERAMS3
20010000    20010000    00000020   00000000    rw-
  20010000    20010000    00000020   00000000    rw- SHARERAMS4


SECTION ALLOCATION MAP

 output                                  attributes/
section   page    origin      length       input sections
--------  ----  ----------  ----------   ----------------
.resetisr 
*          0    00200030    00000006     
                  00200030    00000006     startup_ccs.obj (.resetisr:ResetISR)

.intvecs   0    00201000    000001b0     
                  00201000    000001b0     startup_ccs.obj (.intvecs)

.text      0    00204000    00002ec0     
                  00204000    00000988     driverlib.lib : sysctl.obj (.text)
                  00204988    000004c8     uart_echo.obj (.text:main)
                  00204e50    00000454     driverlib.lib : gpio.obj (.text)
                  002052a4    000002e0     uart_echo.obj (.text:validateReceiveMsg2)
                  00205584    000002cc     driverlib.lib : interrupt.obj (.text)
                  00205850    00000234                   : timer.obj (.text)
                  00205a84    000001b6     rtsv7M3_T_le_eabi.lib : fd_add_t2.asm.obj (.text)
                  00205c3a    00000002     startup_ccs.obj (.text:FaultISR)
                  00205c3c    00000178     driverlib.lib : ipc_util.obj (.text)
                  00205db4    00000170     rtsv7M3_T_le_eabi.lib : e_sqrt.c.obj (.text:sqrt)
                  00205f24    00000168     driverlib.lib : i2c.obj (.text)
                  0020608c    0000013c     uart_echo.obj (.text:updateRecievingData)
                  002061c8    00000120     uart_echo.obj (.text:SendUARTInverterStructure)
                  002062e8    00000118     uart_echo.obj (.text:Timer0IntHandler)
                  00206400    000000fc     rtsv7M3_T_le_eabi.lib : fd_mul_t2.asm.obj (.text)
                  002064fc    000000b2     uart_echo.obj (.text:EEPROMByteWrite)
                  002065ae    00000002     startup_ccs.obj (.text:IntDefaultHandler)
                  002065b0    000000ac     driverlib.lib : watchdog.obj (.text)
                  0020665c    000000ac     uart_echo.obj (.text:validateReceiveMsg1)
                  00206708    0000009c     rtsv7M3_T_le_eabi.lib : memcpy_t2.asm.obj (.text)
                  002067a4    0000007a                           : memset_t2.asm.obj (.text)
                  0020681e    00000076     uart.obj (.text:UARTConfigSetExpClk)
                  00206894    00000072     uart_echo.obj (.text:EEPROMByteRead)
                  00206906    0000006e     rtsv7M3_T_le_eabi.lib : fd_tos_t2.asm.obj (.text)
                  00206974    0000006c     uart_echo.obj (.text:CRC8bit)
                  002069e0    00000068     uart_echo.obj (.text:UART1IntHandler)
                  00206a48    00000068     rtsv7M3_T_le_eabi.lib : copy_decompress_lzss.c.obj (.text:decompress:lzss:__TI_decompress_lzss)
                  00206ab0    00000060                           : fs_cmp_t2.asm.obj (.text:__aeabi_cfcmple)
                  00206b10    00000060                           : fs_cmp_t2.asm.obj (.text:__aeabi_cfrcmple)
                  00206b70    00000050     uart_echo.obj (.text:EEPROMImmediateAddrByteRead)
                  00206bc0    0000004c     uart_echo.obj (.text:Timer3IntHandler)
                  00206c0c    00000044     rtsv7M3_T_le_eabi.lib : autoinit.c.obj (.text:__TI_auto_init_nobinit_nopinit:__TI_auto_init_nobinit_nopinit)
                  00206c50    00000038                           : fs_tod_t2.asm.obj (.text)
                  00206c88    00000036     driverlib.lib : cpu.obj (.text)
                  00206cbe    00000002     startup_ccs.obj (.text:NmiSR)
                  00206cc0    00000030     uart.obj (.text:UARTDisable)
                  00206cf0    00000030     driverlib.lib : ram.obj (.text)
                  00206d20    0000002e     memcopy.obj (.text:MemCopy)
                  00206d4e    00000002     --HOLE-- [fill = 0]
                  00206d50    00000028     rtsv7M3_T_le_eabi.lib : boot_cortex_m.c.obj (.text:_c_int00_noargs:_c_int00_noargs)
                  00206d78    00000024     uart.obj (.text:UARTEnable)
                  00206d9c    0000001e     uart.obj (.text:UARTCharPut)
                  00206dba    0000001e     uart.obj (.text:UARTIntStatus)
                  00206dd8    0000001c     uart.obj (.text:UARTCharGetNonBlocking)
                  00206df4    0000001c     uart_echo.obj (.text:UARTIntHandler)
                  00206e10    0000001a     uart_echo.obj (.text:delayMicroseconds)
                  00206e2a    00000018     uart.obj (.text:UARTCharsAvail)
                  00206e42    00000018     uart.obj (.text:UARTFIFOLevelSet)
                  00206e5a    00000018     uart.obj (.text:UARTIntEnable)
                  00206e72    00000012     uart.obj (.text:UARTIntClear)
                  00206e84    0000000e     rtsv7M3_T_le_eabi.lib : copy_decompress_none.c.obj (.text:decompress:none:__TI_decompress_none)
                  00206e92    0000000c                           : copy_zero_init.c.obj (.text:decompress:ZI:__TI_zero_init)
                  00206e9e    00000002     --HOLE-- [fill = 0]
                  00206ea0    00000008                           : errno.c.obj (.text:__aeabi_errno_addr)
                  00206ea8    00000006     driverlib.lib : sysctl.obj (.text:SysCtlDelay)
                  00206eae    00000004     rtsv7M3_T_le_eabi.lib : pre_init.c.obj (.text:_system_pre_init)
                  00206eb2    00000004                           : exit.c.obj (.text:abort:abort)
                  00206eb6    00000002     --HOLE-- [fill = 0]
                  00206eb8    00000008     driverlib.lib : flash.obj (.tramp.FlashInit.1)

.const     0    00206ec0    00000104     
                  00206ec0    00000048     driverlib.lib : gpio.obj (.const:g_pulGPIOBaseAddrs)
                  00206f08    00000048                   : interrupt.obj (.const:g_pulRegs)
                  00206f50    00000020                   : interrupt.obj (.const:g_pulPriority)
                  00206f70    00000014                   : sysctl.obj (.const:g_pulDCRegs)
                  00206f84    00000010                   : sysctl.obj (.const:g_pulDCGCRegs)
                  00206f94    00000010                   : sysctl.obj (.const:g_pulRCGCRegs)
                  00206fa4    00000010                   : sysctl.obj (.const:g_pulSCGCRegs)
                  00206fb4    00000010                   : sysctl.obj (.const:g_pulSRCRRegs)

.cinit     0    00206fc8    00000078     
                  00206fc8    00000013     (.cinit..data.load) [load image, compression = lzss]
                  00206fdb    00000001     --HOLE-- [fill = 0]
                  00206fdc    0000000c     (__TI_handler_table)
                  00206fe8    00000008     (.cinit..bss.load) [load image, compression = zero_init]
                  00206ff0    00000008     (.cinit..vtable.load) [load image, compression = zero_init]
                  00206ff8    00000008     (.cinit.SHARERAMS2.load) [load image, compression = zero_init]
                  00207000    00000008     (.cinit.SHARERAMS3.load) [load image, compression = zero_init]
                  00207008    00000008     (.cinit.SHARERAMS4.load) [load image, compression = zero_init]
                  00207010    00000030     (__TI_cinit_table)

.stack     0    20000068    00000100     UNINITIALIZED
                  20000068    00000004     rtsv7M3_T_le_eabi.lib : boot_cortex_m.c.obj (.stack)
                  2000006c    000000fc     --HOLE--

SHARERAMS2 
*          0    2000c000    00002000     UNINITIALIZED
                  2000c000    00002000     uart_echo.obj (SHARERAMS2)

SHARERAMS3 
*          0    2000e000    00000030     UNINITIALIZED
                  2000e000    00000030     uart_echo.obj (SHARERAMS3)

SHARERAMS4 
*          0    20010000    00000020     UNINITIALIZED
                  20010000    00000020     uart_echo.obj (SHARERAMS4)

ramfuncs   0    00201200    00000068     RUN ADDR = 20000000
                  00201200    00000068     driverlib.lib : flash.obj (ramfuncs)

GETBUFFER 
*          0    2007f000    00000000     DSECT

GETWRITEIDX 
*          0    2007f000    00000000     DSECT

PUTREADIDX 
*          0    2007f000    00000000     DSECT

.vtable    0    20000400    000001b0     UNINITIALIZED
                  20000400    000001b0     driverlib.lib : interrupt.obj (.vtable)

.bss       0    200051b0    0000014c     UNINITIALIZED
                  200051b0    00000044     (.common:RecieveData)
                  200051f4    0000003c     (.common:ReceiveMsg2)
                  20005230    0000003c     (.common:tempReceiveMsg2)
                  2000526c    00000028     (.common:SendingMsg)
                  20005294    00000024     (.common:ReceiveMsg3)
                  200052b8    00000020     (.common:M2)
                  200052d8    0000000c     (.common:ReceiveMsg1)
                  200052e4    0000000c     (.common:tempReceiveMsg1)
                  200052f0    00000004     uart_echo.obj (.bss)
                  200052f4    00000002     (.common:ReceiveMsg4)
                  200052f6    00000001     (.common:LastSystemState)
                  200052f7    00000001     (.common:MsgSize)
                  200052f8    00000001     (.common:RecievedDataCount)
                  200052f9    00000001     (.common:SystemState)
                  200052fa    00000001     (.common:off_condition)
                  200052fb    00000001     (.common:serial_print_char)

.data      0    200052fc    00000044     UNINITIALIZED
                  200052fc    00000040     uart_echo.obj (.data)
                  2000533c    00000004     rtsv7M3_T_le_eabi.lib : errno.c.obj (.data)

MODULE SUMMARY

       Module                       code    ro data   rw data
       ------                       ----    -------   -------
    .\
       uart_echo.obj                3730    0         8668   
       startup_ccs.obj              12      432       0      
       uart.obj                     380     0         0      
       memcopy.obj                  46      0         0      
    +--+----------------------------+-------+---------+---------+
       Total:                       4168    432       8668   
                                                             
    C:/ti/ccsv8/tools/compiler/ti-cgt-arm_18.1.5.LTS/lib/rtsv7M3_T_le_eabi.lib
       fd_add_t2.asm.obj            438     0         0      
       e_sqrt.c.obj                 368     0         0      
       fd_mul_t2.asm.obj            252     0         0      
       fs_cmp_t2.asm.obj            192     0         0      
       memcpy_t2.asm.obj            156     0         0      
       memset_t2.asm.obj            122     0         0      
       fd_tos_t2.asm.obj            110     0         0      
       copy_decompress_lzss.c.obj   104     0         0      
       autoinit.c.obj               68      0         0      
       fs_tod_t2.asm.obj            56      0         0      
       boot_cortex_m.c.obj          40      0         0      
       copy_decompress_none.c.obj   14      0         0      
       copy_zero_init.c.obj         12      0         0      
       errno.c.obj                  8       0         4      
       exit.c.obj                   4       0         0      
       pre_init.c.obj               4       0         0      
    +--+----------------------------+-------+---------+---------+
       Total:                       1948    0         4      
                                                             
    C:/ti/controlSUITE/device_support/f28m35x/v100/MWare/driverlib/ccs/Debug/driverlib.lib
       sysctl.obj                   2446    84        0      
       interrupt.obj                716     104       432    
       gpio.obj                     1108    72        0      
       timer.obj                    564     0         0      
       ipc_util.obj                 376     0         0      
       i2c.obj                      360     0         0      
       flash.obj                    216     0         0      
       watchdog.obj                 172     0         0      
       cpu.obj                      54      0         0      
       ram.obj                      48      0         0      
    +--+----------------------------+-------+---------+---------+
       Total:                       6060    260       432    
                                                             
       Stack:                       0       0         256    
       Linker Generated:            0       119       0      
    +--+----------------------------+-------+---------+---------+
       Grand Total:                 12176   811       9360   


LINKER GENERATED COPY TABLES

__TI_cinit_table @ 00207010 records: 6, size/record: 8, table size: 48
	.data: load addr=00206fc8, load size=00000013 bytes, run addr=200052fc, run size=00000044 bytes, compression=lzss
	.bss: load addr=00206fe8, load size=00000008 bytes, run addr=200051b0, run size=0000014c bytes, compression=zero_init
	.vtable: load addr=00206ff0, load size=00000008 bytes, run addr=20000400, run size=000001b0 bytes, compression=zero_init
	SHARERAMS2: load addr=00206ff8, load size=00000008 bytes, run addr=2000c000, run size=00002000 bytes, compression=zero_init
	SHARERAMS3: load addr=00207000, load size=00000008 bytes, run addr=2000e000, run size=00000030 bytes, compression=zero_init
	SHARERAMS4: load addr=00207008, load size=00000008 bytes, run addr=20010000, run size=00000020 bytes, compression=zero_init


LINKER GENERATED HANDLER TABLE

__TI_handler_table @ 00206fdc records: 3, size/record: 4, table size: 12
	index: 0, handler: __TI_zero_init
	index: 1, handler: __TI_decompress_lzss
	index: 2, handler: __TI_decompress_none


FAR CALL TRAMPOLINES

callee name               trampoline name
   callee addr  tramp addr   call addr  call info
--------------  -----------  ---------  ----------------
FlashInit                 $Tramp$TT$L$PI$$FlashInit
   20000001     00206eb8     002049a8   uart_echo.obj (.text:main)

[1 trampolines]
[1 trampoline calls]


GLOBAL SYMBOLS: SORTED ALPHABETICALLY BY Name 

address   name                            
-------   ----                            
200052fd  Addr                            
2000532c  Back_pressed                    
00206eb3  C$$EXIT                         
00206cb5  CPUbasepriGet                   
00206caf  CPUbasepriSet                   
00206ca3  CPUcpsid                        
00206c97  CPUcpsie                        
00206c8d  CPUprimask                      
00206c89  CPUwfi                          
00206975  CRC8bit                         
2000e000  CtoMvar                         
20005334  DECRE_pressed                   
00206895  EEPROMByteRead                  
002064fd  EEPROMByteWrite                 
00206b71  EEPROMImmediateAddrByteRead     
20005328  Enter_pressed                   
20000001  FlashInit                       
00205271  GPIODirModeGet                  
00204f53  GPIODirModeSet                  
00205233  GPIOIntTypeGet                  
002051ed  GPIOIntTypeSet                  
002051b1  GPIOPadConfigGet                
00204f83  GPIOPadConfigSet                
0020513d  GPIOPinConfigure                
00205113  GPIOPinConfigureCoreSelect      
0020510d  GPIOPinIntClear                 
002050ff  GPIOPinIntDisable               
002050f3  GPIOPinIntEnable                
002050e5  GPIOPinIntStatus                
002050bf  GPIOPinLock                     
00204f25  GPIOPinLockStatus               
002050b9  GPIOPinRead                     
002050a5  GPIOPinTypeCAN                  
00205091  GPIOPinTypeEPI                  
0020507d  GPIOPinTypeGPIOInput            
00205069  GPIOPinTypeGPIOOutput           
00205055  GPIOPinTypeGPIOOutputOD         
00205041  GPIOPinTypeI2C                  
0020502d  GPIOPinTypeSSI                  
00205019  GPIOPinTypeTimer                
00205005  GPIOPinTypeUART                 
00204ff1  GPIOPinTypeUSBAnalog            
00204fdd  GPIOPinTypeUSBDigital           
00204f2f  GPIOPinUnlock                   
00204f1f  GPIOPinWrite                    
00204f07  GPIOPortIntRegister             
00204ef3  GPIOPortIntUnregister           
00206069  I2CIntRegister                  
0020604d  I2CIntUnregister                
00206045  I2CMasterBusBusy                
0020603d  I2CMasterBusy                   
00206039  I2CMasterControl                
00206035  I2CMasterDataGet                
00206031  I2CMasterDataPut                
00206027  I2CMasterDisable                
00205fd9  I2CMasterEnable                 
0020600d  I2CMasterErr                    
00205fe3  I2CMasterInitExpClk             
00205fd3  I2CMasterIntClear               
00205fcd  I2CMasterIntDisable             
00205fc7  I2CMasterIntEnable              
00205fb5  I2CMasterIntStatus              
00205fad  I2CMasterSlaveAddrSet           
00205fa9  I2CSlaveDataGet                 
00205fa5  I2CSlaveDataPut                 
00205f93  I2CSlaveDisable                 
00205f75  I2CSlaveEnable                  
00205f87  I2CSlaveInit                    
00205f6f  I2CSlaveIntClear                
00205f6b  I2CSlaveIntClearEx              
00205f61  I2CSlaveIntDisable              
00205f57  I2CSlaveIntDisableEx            
00205f4d  I2CSlaveIntEnable               
00205f45  I2CSlaveIntEnableEx             
00205f33  I2CSlaveIntStatus               
00205f29  I2CSlaveIntStatusEx             
00205f25  I2CSlaveStatus                  
20005330  INCRE_pressed                   
00205d7b  IPCCtoMFlagAcknowledge          
00205d69  IPCCtoMFlagBusy                 
00205c7b  IPCMtoCBootControlSystem        
00205c69  IPCMtoCFlagBusy                 
00205c5d  IPCMtoCFlagClear                
00205c53  IPCMtoCFlagSet                  
00205c3d  IPCMtoCSharedRamConvert         
002057a7  IntDisable                      
0020572b  IntEnable                       
0020571d  IntFlashVTable                  
00205713  IntMasterDisable                
00205709  IntMasterEnable                 
002056ab  IntPendClear                    
00205641  IntPendSet                      
00205627  IntPriorityGet                  
00205605  IntPriorityGroupingGet          
002055f3  IntPriorityGroupingSet          
00206cb5  IntPriorityMaskGet              
00206caf  IntPriorityMaskSet              
002055c7  IntPrioritySet                  
002055b9  IntRAMVTable                    
0020558f  IntRegister                     
00205585  IntUnregister                   
20005338  LED                             
200052f6  LastSystemState                 
200052b8  M2                              
00206d21  MemCopy                         
200052f7  MsgSize                         
20010000  MtoCvar                         
00206cf1  RamMReqSharedMemAccess          
00201268  RamfuncsLoadEnd                 
00201200  RamfuncsLoadStart               
20000000  RamfuncsRunStart                
200052d8  ReceiveMsg1                     
200051f4  ReceiveMsg2                     
20005294  ReceiveMsg3                     
200052f4  ReceiveMsg4                     
200051b0  RecieveData                     
200052f8  RecievedDataCount               
00200031  ResetISR                        
002061c9  SendUARTInverterStructure       
2000526c  SendingMsg                      
00204949  SysCtlC28Disable                
0020492b  SysCtlC28Enable                 
002045f7  SysCtlClockConfigGet            
002048f7  SysCtlClockConfigSet            
00204661  SysCtlClockDividersSet          
002048a5  SysCtlClockGet                  
0020477d  SysCtlClockPllConfig            
002045dd  SysCtlDeepSleep                 
00206ea9  SysCtlDelay                     
002045c5  SysCtlEnableAERRNMI             
00204599  SysCtlEnableVREGWarnNMI         
00204589  SysCtlFlashSizeGet              
00204565  SysCtlGPIOAHBDisable            
00204541  SysCtlGPIOAHBEnable             
00204539  SysCtlGetNmiConfig              
00204487  SysCtlGetNmiFlagStatus          
0020452d  SysCtlGetNmiInterruptStatus     
00204509  SysCtlHoldSubSystemInReset      
002044d3  SysCtlMclkDetectionEnDis        
002044c9  SysCtlMclkDetectionEnDisStatus  
002044b1  SysCtlNmiFlgClr                 
0020448f  SysCtlNmiFlgClrAll              
00204475  SysCtlNmiIsSet                  
00204451  SysCtlPeripheralClockGating     
00204429  SysCtlPeripheralDeepSleepDisable
00204401  SysCtlPeripheralDeepSleepEnable 
002043d5  SysCtlPeripheralDisable         
002043a9  SysCtlPeripheralEnable          
0020438b  SysCtlPeripheralIsEnabled       
0020433d  SysCtlPeripheralPresent         
00204269  SysCtlPeripheralReset           
00204241  SysCtlPeripheralSleepDisable    
00204219  SysCtlPeripheralSleepEnable     
002041ff  SysCtlPowerOffPLL               
002041df  SysCtlReleaseSubSystemFromReset 
002041d7  SysCtlReset                     
002041cb  SysCtlResetCauseClear           
002041c5  SysCtlResetCauseGet             
002041a5  SysCtlSRAMSizeGet               
00206c89  SysCtlSleep                     
0020416d  SysCtlSubSystemReset            
0020414f  SysCtlUSBPLLConfigGet           
002040bd  SysCtlUSBPLLConfigSet           
002040a5  SysCtlUSBPLLDisable             
00204073  SysCtlUSBPLLEnable              
00204001  SysCtlXPllClockDividerSet       
200052f9  SystemState                     
002062e9  Timer0IntHandler                
00206bc1  Timer3IntHandler                
00205a57  TimerConfigure                  
00205a43  TimerControlEvent               
00205a2d  TimerControlLevel               
00205a17  TimerControlStall               
00205a01  TimerControlTrigger             
002059c9  TimerControlWaitOnTrigger       
002059b5  TimerDisable                    
002059a7  TimerEnable                     
002059a3  TimerIntClear                   
00205999  TimerIntDisable                 
00205991  TimerIntEnable                  
0020593f  TimerIntRegister                
00205935  TimerIntStatus                  
002058e9  TimerIntUnregister              
002058dd  TimerLoadGet                    
002058cb  TimerLoadSet                    
002058bf  TimerMatchGet                   
002058ad  TimerMatchSet                   
002058a1  TimerPrescaleGet                
00205895  TimerPrescaleMatchGet           
00205883  TimerPrescaleMatchSet           
00205871  TimerPrescaleSet                
00205867  TimerRTCDisable                 
0020585d  TimerRTCEnable                  
00205851  TimerValueGet                   
002069e1  UART1IntHandler                 
00206dd9  UARTCharGetNonBlocking          
00206d9d  UARTCharPut                     
00206e2b  UARTCharsAvail                  
0020681f  UARTConfigSetExpClk             
00206cc1  UARTDisable                     
00206d79  UARTEnable                      
00206e43  UARTFIFOLevelSet                
00206e73  UARTIntClear                    
00206e5b  UARTIntEnable                   
00206df5  UARTIntHandler                  
00206dbb  UARTIntStatus                   
0020664d  WatchdogEnable                  
00206647  WatchdogIntClear                
0020663d  WatchdogIntEnable               
0020662d  WatchdogIntRegister             
00206623  WatchdogIntStatus               
00206613  WatchdogIntUnregister           
0020660b  WatchdogLock                    
002065fd  WatchdogLockState               
002065f9  WatchdogReloadGet               
002065f5  WatchdogReloadSet               
002065eb  WatchdogResetDisable            
002065e1  WatchdogResetEnable             
002065d9  WatchdogRunning                 
002065cb  WatchdogStallDisable            
002065bd  WatchdogStallEnable             
002065b5  WatchdogUnlock                  
002065b1  WatchdogValueGet                
20000168  __STACK_END                     
00000100  __STACK_SIZE                    
20000168  __STACK_TOP                     
00207010  __TI_CINIT_Base                 
00207040  __TI_CINIT_Limit                
00206fdc  __TI_Handler_Table_Base         
00206fe8  __TI_Handler_Table_Limit        
00206c0d  __TI_auto_init_nobinit_nopinit  
00206a49  __TI_decompress_lzss            
00206e85  __TI_decompress_none            
ffffffff  __TI_pprof_out_hndl             
ffffffff  __TI_prof_data_size             
ffffffff  __TI_prof_data_start            
00206fc8  __TI_static_base__              
00206e93  __TI_zero_init                  
00206ab1  __aeabi_cfcmpeq                 
00206ab1  __aeabi_cfcmple                 
00206b11  __aeabi_cfrcmple                
00206907  __aeabi_d2f                     
00205a8f  __aeabi_dadd                    
00206401  __aeabi_dmul                    
00205a85  __aeabi_dsub                    
00206ea1  __aeabi_errno_addr              
00206c51  __aeabi_f2d                     
002067a5  __aeabi_memclr                  
002067a5  __aeabi_memclr4                 
002067a5  __aeabi_memclr8                 
00206709  __aeabi_memcpy                  
00206709  __aeabi_memcpy4                 
00206709  __aeabi_memcpy8                 
002067a7  __aeabi_memset                  
002067a7  __aeabi_memset4                 
002067a7  __aeabi_memset8                 
ffffffff  __binit__                       
ffffffff  __c_args__                      
UNDEFED   __mpu_init                      
20000068  __stack                         
00206d51  _c_int00_noargs                 
UNDEFED   _system_post_cinit              
00206eaf  _system_pre_init                
00206eb3  abort                           
2000c000  base                            
20005300  base_read_index                 
ffffffff  binit                           
20005308  count                           
2000530c  count2                          
200052fc  crc                             
20005310  data                            
20005314  data2                           
00206e11  delayMicroseconds               
2000531c  edit_mode                       
20005320  edit_row_index                  
20005324  editvar                         
2000533c  errno                           
20000400  g_pfnRAMVectors                 
00201000  g_pfnVectors                    
20005304  index                           
20005318  index_drawn                     
00204989  main                            
00206709  memcpy                          
002067ad  memset                          
200052fa  off_condition                   
200052fb  serial_print_char               
00205db5  sqrt                            
00205db5  sqrtl                           
200052e4  tempReceiveMsg1                 
20005230  tempReceiveMsg2                 
0020608d  updateRecievingData             
0020665d  validateReceiveMsg1             
002052a5  validateReceiveMsg2             


GLOBAL SYMBOLS: SORTED BY Symbol Address 

address   name                            
-------   ----                            
00000100  __STACK_SIZE                    
00200031  ResetISR                        
00201000  g_pfnVectors                    
00201200  RamfuncsLoadStart               
00201268  RamfuncsLoadEnd                 
00204001  SysCtlXPllClockDividerSet       
00204073  SysCtlUSBPLLEnable              
002040a5  SysCtlUSBPLLDisable             
002040bd  SysCtlUSBPLLConfigSet           
0020414f  SysCtlUSBPLLConfigGet           
0020416d  SysCtlSubSystemReset            
002041a5  SysCtlSRAMSizeGet               
002041c5  SysCtlResetCauseGet             
002041cb  SysCtlResetCauseClear           
002041d7  SysCtlReset                     
002041df  SysCtlReleaseSubSystemFromReset 
002041ff  SysCtlPowerOffPLL               
00204219  SysCtlPeripheralSleepEnable     
00204241  SysCtlPeripheralSleepDisable    
00204269  SysCtlPeripheralReset           
0020433d  SysCtlPeripheralPresent         
0020438b  SysCtlPeripheralIsEnabled       
002043a9  SysCtlPeripheralEnable          
002043d5  SysCtlPeripheralDisable         
00204401  SysCtlPeripheralDeepSleepEnable 
00204429  SysCtlPeripheralDeepSleepDisable
00204451  SysCtlPeripheralClockGating     
00204475  SysCtlNmiIsSet                  
00204487  SysCtlGetNmiFlagStatus          
0020448f  SysCtlNmiFlgClrAll              
002044b1  SysCtlNmiFlgClr                 
002044c9  SysCtlMclkDetectionEnDisStatus  
002044d3  SysCtlMclkDetectionEnDis        
00204509  SysCtlHoldSubSystemInReset      
0020452d  SysCtlGetNmiInterruptStatus     
00204539  SysCtlGetNmiConfig              
00204541  SysCtlGPIOAHBEnable             
00204565  SysCtlGPIOAHBDisable            
00204589  SysCtlFlashSizeGet              
00204599  SysCtlEnableVREGWarnNMI         
002045c5  SysCtlEnableAERRNMI             
002045dd  SysCtlDeepSleep                 
002045f7  SysCtlClockConfigGet            
00204661  SysCtlClockDividersSet          
0020477d  SysCtlClockPllConfig            
002048a5  SysCtlClockGet                  
002048f7  SysCtlClockConfigSet            
0020492b  SysCtlC28Enable                 
00204949  SysCtlC28Disable                
00204989  main                            
00204ef3  GPIOPortIntUnregister           
00204f07  GPIOPortIntRegister             
00204f1f  GPIOPinWrite                    
00204f25  GPIOPinLockStatus               
00204f2f  GPIOPinUnlock                   
00204f53  GPIODirModeSet                  
00204f83  GPIOPadConfigSet                
00204fdd  GPIOPinTypeUSBDigital           
00204ff1  GPIOPinTypeUSBAnalog            
00205005  GPIOPinTypeUART                 
00205019  GPIOPinTypeTimer                
0020502d  GPIOPinTypeSSI                  
00205041  GPIOPinTypeI2C                  
00205055  GPIOPinTypeGPIOOutputOD         
00205069  GPIOPinTypeGPIOOutput           
0020507d  GPIOPinTypeGPIOInput            
00205091  GPIOPinTypeEPI                  
002050a5  GPIOPinTypeCAN                  
002050b9  GPIOPinRead                     
002050bf  GPIOPinLock                     
002050e5  GPIOPinIntStatus                
002050f3  GPIOPinIntEnable                
002050ff  GPIOPinIntDisable               
0020510d  GPIOPinIntClear                 
00205113  GPIOPinConfigureCoreSelect      
0020513d  GPIOPinConfigure                
002051b1  GPIOPadConfigGet                
002051ed  GPIOIntTypeSet                  
00205233  GPIOIntTypeGet                  
00205271  GPIODirModeGet                  
002052a5  validateReceiveMsg2             
00205585  IntUnregister                   
0020558f  IntRegister                     
002055b9  IntRAMVTable                    
002055c7  IntPrioritySet                  
002055f3  IntPriorityGroupingSet          
00205605  IntPriorityGroupingGet          
00205627  IntPriorityGet                  
00205641  IntPendSet                      
002056ab  IntPendClear                    
00205709  IntMasterEnable                 
00205713  IntMasterDisable                
0020571d  IntFlashVTable                  
0020572b  IntEnable                       
002057a7  IntDisable                      
00205851  TimerValueGet                   
0020585d  TimerRTCEnable                  
00205867  TimerRTCDisable                 
00205871  TimerPrescaleSet                
00205883  TimerPrescaleMatchSet           
00205895  TimerPrescaleMatchGet           
002058a1  TimerPrescaleGet                
002058ad  TimerMatchSet                   
002058bf  TimerMatchGet                   
002058cb  TimerLoadSet                    
002058dd  TimerLoadGet                    
002058e9  TimerIntUnregister              
00205935  TimerIntStatus                  
0020593f  TimerIntRegister                
00205991  TimerIntEnable                  
00205999  TimerIntDisable                 
002059a3  TimerIntClear                   
002059a7  TimerEnable                     
002059b5  TimerDisable                    
002059c9  TimerControlWaitOnTrigger       
00205a01  TimerControlTrigger             
00205a17  TimerControlStall               
00205a2d  TimerControlLevel               
00205a43  TimerControlEvent               
00205a57  TimerConfigure                  
00205a85  __aeabi_dsub                    
00205a8f  __aeabi_dadd                    
00205c3d  IPCMtoCSharedRamConvert         
00205c53  IPCMtoCFlagSet                  
00205c5d  IPCMtoCFlagClear                
00205c69  IPCMtoCFlagBusy                 
00205c7b  IPCMtoCBootControlSystem        
00205d69  IPCCtoMFlagBusy                 
00205d7b  IPCCtoMFlagAcknowledge          
00205db5  sqrt                            
00205db5  sqrtl                           
00205f25  I2CSlaveStatus                  
00205f29  I2CSlaveIntStatusEx             
00205f33  I2CSlaveIntStatus               
00205f45  I2CSlaveIntEnableEx             
00205f4d  I2CSlaveIntEnable               
00205f57  I2CSlaveIntDisableEx            
00205f61  I2CSlaveIntDisable              
00205f6b  I2CSlaveIntClearEx              
00205f6f  I2CSlaveIntClear                
00205f75  I2CSlaveEnable                  
00205f87  I2CSlaveInit                    
00205f93  I2CSlaveDisable                 
00205fa5  I2CSlaveDataPut                 
00205fa9  I2CSlaveDataGet                 
00205fad  I2CMasterSlaveAddrSet           
00205fb5  I2CMasterIntStatus              
00205fc7  I2CMasterIntEnable              
00205fcd  I2CMasterIntDisable             
00205fd3  I2CMasterIntClear               
00205fd9  I2CMasterEnable                 
00205fe3  I2CMasterInitExpClk             
0020600d  I2CMasterErr                    
00206027  I2CMasterDisable                
00206031  I2CMasterDataPut                
00206035  I2CMasterDataGet                
00206039  I2CMasterControl                
0020603d  I2CMasterBusy                   
00206045  I2CMasterBusBusy                
0020604d  I2CIntUnregister                
00206069  I2CIntRegister                  
0020608d  updateRecievingData             
002061c9  SendUARTInverterStructure       
002062e9  Timer0IntHandler                
00206401  __aeabi_dmul                    
002064fd  EEPROMByteWrite                 
002065b1  WatchdogValueGet                
002065b5  WatchdogUnlock                  
002065bd  WatchdogStallEnable             
002065cb  WatchdogStallDisable            
002065d9  WatchdogRunning                 
002065e1  WatchdogResetEnable             
002065eb  WatchdogResetDisable            
002065f5  WatchdogReloadSet               
002065f9  WatchdogReloadGet               
002065fd  WatchdogLockState               
0020660b  WatchdogLock                    
00206613  WatchdogIntUnregister           
00206623  WatchdogIntStatus               
0020662d  WatchdogIntRegister             
0020663d  WatchdogIntEnable               
00206647  WatchdogIntClear                
0020664d  WatchdogEnable                  
0020665d  validateReceiveMsg1             
00206709  __aeabi_memcpy                  
00206709  __aeabi_memcpy4                 
00206709  __aeabi_memcpy8                 
00206709  memcpy                          
002067a5  __aeabi_memclr                  
002067a5  __aeabi_memclr4                 
002067a5  __aeabi_memclr8                 
002067a7  __aeabi_memset                  
002067a7  __aeabi_memset4                 
002067a7  __aeabi_memset8                 
002067ad  memset                          
0020681f  UARTConfigSetExpClk             
00206895  EEPROMByteRead                  
00206907  __aeabi_d2f                     
00206975  CRC8bit                         
002069e1  UART1IntHandler                 
00206a49  __TI_decompress_lzss            
00206ab1  __aeabi_cfcmpeq                 
00206ab1  __aeabi_cfcmple                 
00206b11  __aeabi_cfrcmple                
00206b71  EEPROMImmediateAddrByteRead     
00206bc1  Timer3IntHandler                
00206c0d  __TI_auto_init_nobinit_nopinit  
00206c51  __aeabi_f2d                     
00206c89  CPUwfi                          
00206c89  SysCtlSleep                     
00206c8d  CPUprimask                      
00206c97  CPUcpsie                        
00206ca3  CPUcpsid                        
00206caf  CPUbasepriSet                   
00206caf  IntPriorityMaskSet              
00206cb5  CPUbasepriGet                   
00206cb5  IntPriorityMaskGet              
00206cc1  UARTDisable                     
00206cf1  RamMReqSharedMemAccess          
00206d21  MemCopy                         
00206d51  _c_int00_noargs                 
00206d79  UARTEnable                      
00206d9d  UARTCharPut                     
00206dbb  UARTIntStatus                   
00206dd9  UARTCharGetNonBlocking          
00206df5  UARTIntHandler                  
00206e11  delayMicroseconds               
00206e2b  UARTCharsAvail                  
00206e43  UARTFIFOLevelSet                
00206e5b  UARTIntEnable                   
00206e73  UARTIntClear                    
00206e85  __TI_decompress_none            
00206e93  __TI_zero_init                  
00206ea1  __aeabi_errno_addr              
00206ea9  SysCtlDelay                     
00206eaf  _system_pre_init                
00206eb3  C$$EXIT                         
00206eb3  abort                           
00206fc8  __TI_static_base__              
00206fdc  __TI_Handler_Table_Base         
00206fe8  __TI_Handler_Table_Limit        
00207010  __TI_CINIT_Base                 
00207040  __TI_CINIT_Limit                
20000000  RamfuncsRunStart                
20000001  FlashInit                       
20000068  __stack                         
20000168  __STACK_END                     
20000168  __STACK_TOP                     
20000400  g_pfnRAMVectors                 
200051b0  RecieveData                     
200051f4  ReceiveMsg2                     
20005230  tempReceiveMsg2                 
2000526c  SendingMsg                      
20005294  ReceiveMsg3                     
200052b8  M2                              
200052d8  ReceiveMsg1                     
200052e4  tempReceiveMsg1                 
200052f4  ReceiveMsg4                     
200052f6  LastSystemState                 
200052f7  MsgSize                         
200052f8  RecievedDataCount               
200052f9  SystemState                     
200052fa  off_condition                   
200052fb  serial_print_char               
200052fc  crc                             
200052fd  Addr                            
20005300  base_read_index                 
20005304  index                           
20005308  count                           
2000530c  count2                          
20005310  data                            
20005314  data2                           
20005318  index_drawn                     
2000531c  edit_mode                       
20005320  edit_row_index                  
20005324  editvar                         
20005328  Enter_pressed                   
2000532c  Back_pressed                    
20005330  INCRE_pressed                   
20005334  DECRE_pressed                   
20005338  LED                             
2000533c  errno                           
2000c000  base                            
2000e000  CtoMvar                         
20010000  MtoCvar                         
ffffffff  __TI_pprof_out_hndl             
ffffffff  __TI_prof_data_size             
ffffffff  __TI_prof_data_start            
ffffffff  __binit__                       
ffffffff  __c_args__                      
ffffffff  binit                           
UNDEFED   __mpu_init                      
UNDEFED   _system_post_cinit              

[293 symbols]
